Archive member included to satisfy reference by file (symbol)

/Applications/FEH_ARM/bin/../lib/gcc/arm-none-eabi/10.3.1/../../../../arm-none-eabi/lib/thumb/v7e-m/nofp/libstdc++.a(del_ops.o)
                              Libraries/FEHIO.o (operator delete(void*, unsigned int))
/Applications/FEH_ARM/bin/../lib/gcc/arm-none-eabi/10.3.1/../../../../arm-none-eabi/lib/thumb/v7e-m/nofp/libstdc++.a(new_op.o)
                              Libraries/FEHIO.o (operator new(unsigned int))
/Applications/FEH_ARM/bin/../lib/gcc/arm-none-eabi/10.3.1/../../../../arm-none-eabi/lib/thumb/v7e-m/nofp/libstdc++.a(bad_alloc.o)
                              /Applications/FEH_ARM/bin/../lib/gcc/arm-none-eabi/10.3.1/../../../../arm-none-eabi/lib/thumb/v7e-m/nofp/libstdc++.a(new_op.o) (std::bad_alloc::~bad_alloc())
/Applications/FEH_ARM/bin/../lib/gcc/arm-none-eabi/10.3.1/../../../../arm-none-eabi/lib/thumb/v7e-m/nofp/libstdc++.a(del_op.o)
                              /Applications/FEH_ARM/bin/../lib/gcc/arm-none-eabi/10.3.1/../../../../arm-none-eabi/lib/thumb/v7e-m/nofp/libstdc++.a(del_ops.o) (operator delete(void*))
/Applications/FEH_ARM/bin/../lib/gcc/arm-none-eabi/10.3.1/../../../../arm-none-eabi/lib/thumb/v7e-m/nofp/libstdc++.a(eh_alloc.o)
                              /Applications/FEH_ARM/bin/../lib/gcc/arm-none-eabi/10.3.1/../../../../arm-none-eabi/lib/thumb/v7e-m/nofp/libstdc++.a(new_op.o) (__cxa_allocate_exception)
/Applications/FEH_ARM/bin/../lib/gcc/arm-none-eabi/10.3.1/../../../../arm-none-eabi/lib/thumb/v7e-m/nofp/libstdc++.a(eh_exception.o)
                              /Applications/FEH_ARM/bin/../lib/gcc/arm-none-eabi/10.3.1/../../../../arm-none-eabi/lib/thumb/v7e-m/nofp/libstdc++.a(bad_alloc.o) (std::exception::~exception())
/Applications/FEH_ARM/bin/../lib/gcc/arm-none-eabi/10.3.1/../../../../arm-none-eabi/lib/thumb/v7e-m/nofp/libstdc++.a(eh_terminate.o)
                              /Applications/FEH_ARM/bin/../lib/gcc/arm-none-eabi/10.3.1/../../../../arm-none-eabi/lib/thumb/v7e-m/nofp/libstdc++.a(eh_alloc.o) (std::terminate())
/Applications/FEH_ARM/bin/../lib/gcc/arm-none-eabi/10.3.1/../../../../arm-none-eabi/lib/thumb/v7e-m/nofp/libstdc++.a(eh_throw.o)
                              /Applications/FEH_ARM/bin/../lib/gcc/arm-none-eabi/10.3.1/../../../../arm-none-eabi/lib/thumb/v7e-m/nofp/libstdc++.a(new_op.o) (__cxa_throw)
/Applications/FEH_ARM/bin/../lib/gcc/arm-none-eabi/10.3.1/../../../../arm-none-eabi/lib/thumb/v7e-m/nofp/libstdc++.a(eh_unex_handler.o)
                              /Applications/FEH_ARM/bin/../lib/gcc/arm-none-eabi/10.3.1/../../../../arm-none-eabi/lib/thumb/v7e-m/nofp/libstdc++.a(eh_terminate.o) (__cxxabiv1::__unexpected_handler)
/Applications/FEH_ARM/bin/../lib/gcc/arm-none-eabi/10.3.1/../../../../arm-none-eabi/lib/thumb/v7e-m/nofp/libstdc++.a(new_handler.o)
                              /Applications/FEH_ARM/bin/../lib/gcc/arm-none-eabi/10.3.1/../../../../arm-none-eabi/lib/thumb/v7e-m/nofp/libstdc++.a(new_op.o) (std::get_new_handler())
/Applications/FEH_ARM/bin/../lib/gcc/arm-none-eabi/10.3.1/../../../../arm-none-eabi/lib/thumb/v7e-m/nofp/libstdc++.a(pure.o)
                              /Applications/FEH_ARM/bin/../lib/gcc/arm-none-eabi/10.3.1/../../../../arm-none-eabi/lib/thumb/v7e-m/nofp/libstdc++.a(eh_exception.o) (__cxa_pure_virtual)
/Applications/FEH_ARM/bin/../lib/gcc/arm-none-eabi/10.3.1/../../../../arm-none-eabi/lib/thumb/v7e-m/nofp/libstdc++.a(si_class_type_info.o)
                              /Applications/FEH_ARM/bin/../lib/gcc/arm-none-eabi/10.3.1/../../../../arm-none-eabi/lib/thumb/v7e-m/nofp/libstdc++.a(bad_alloc.o) (vtable for __cxxabiv1::__si_class_type_info)
/Applications/FEH_ARM/bin/../lib/gcc/arm-none-eabi/10.3.1/../../../../arm-none-eabi/lib/thumb/v7e-m/nofp/libstdc++.a(tinfo.o)
                              /Applications/FEH_ARM/bin/../lib/gcc/arm-none-eabi/10.3.1/../../../../arm-none-eabi/lib/thumb/v7e-m/nofp/libstdc++.a(si_class_type_info.o) (std::type_info::__is_pointer_p() const)
/Applications/FEH_ARM/bin/../lib/gcc/arm-none-eabi/10.3.1/../../../../arm-none-eabi/lib/thumb/v7e-m/nofp/libstdc++.a(vterminate.o)
                              /Applications/FEH_ARM/bin/../lib/gcc/arm-none-eabi/10.3.1/../../../../arm-none-eabi/lib/thumb/v7e-m/nofp/libstdc++.a(eh_terminate.o) (__gnu_cxx::__verbose_terminate_handler())
/Applications/FEH_ARM/bin/../lib/gcc/arm-none-eabi/10.3.1/../../../../arm-none-eabi/lib/thumb/v7e-m/nofp/libstdc++.a(class_type_info.o)
                              /Applications/FEH_ARM/bin/../lib/gcc/arm-none-eabi/10.3.1/../../../../arm-none-eabi/lib/thumb/v7e-m/nofp/libstdc++.a(si_class_type_info.o) (__cxxabiv1::__class_type_info::__do_upcast(__cxxabiv1::__class_type_info const*, void**) const)
/Applications/FEH_ARM/bin/../lib/gcc/arm-none-eabi/10.3.1/../../../../arm-none-eabi/lib/thumb/v7e-m/nofp/libstdc++.a(cp-demangle.o)
[...]
Memory Configuration

Name             Origin             Length             Attributes
PROGRAM_FLASH    0x000000000000c000 0x0000000000073c00 xr
SRAM_UPPER       0x0000000020000000 0x0000000000010000 xrw
SRAM_LOWER       0x000000001fff0000 0x0000000000010000 xrw
*default*        0x0000000000000000 0xffffffffffffffff

Linker script and memory map

LOAD /Applications/FEH_ARM/bin/../lib/gcc/arm-none-eabi/10.3.1/thumb/v7e-m/nofp/crti.o
LOAD /Applications/FEH_ARM/bin/../lib/gcc/arm-none-eabi/10.3.1/thumb/v7e-m/nofp/crtbegin.o
LOAD /Applications/FEH_ARM/bin/../lib/gcc/arm-none-eabi/10.3.1/../../../../arm-none-eabi/lib/thumb/v7e-m/nofp/crt0.o
LOAD ../main.o
LOAD Startup/startup_mk60d10.o
LOAD Libraries/FEHMotor.o
LOAD Drivers/mcg.o
LOAD Drivers/i2c.o
LOAD Drivers/spi.o
LOAD Drivers/uart.o
LOAD Drivers/ff.o
LOAD Drivers/SDHC.o
LOAD Drivers/lptmr.o
LOAD FEHProteus.o
LOAD Drivers/FEHPropeller.o
LOAD Libraries/FEHUtility.o
LOAD Libraries/FEHIO.o
LOAD Drivers/adc16.o
LOAD Libraries/FEHBuzzer.o
LOAD Libraries/FEHServo.o
LOAD Libraries/FEHLCD.o
LOAD Libraries/FEHAccel.o
LOAD Libraries/FEHBattery.o
LOAD Drivers/FEHXBee.o
LOAD Libraries/FEHRPS.o
LOAD Libraries/FEHSD.o
LOAD Libraries/FEHRandom.o
LOAD /Applications/FEH_ARM/bin/../lib/gcc/arm-none-eabi/10.3.1/../../../../arm-none-eabi/lib/thumb/v7e-m/nofp/libstdc++.a
LOAD /Applications/FEH_ARM/bin/../lib/gcc/arm-none-eabi/10.3.1/../../../../arm-none-eabi/lib/thumb/v7e-m/nofp/libm.a
START GROUP
LOAD /Applications/FEH_ARM/bin/../lib/gcc/arm-none-eabi/10.3.1/thumb/v7e-m/nofp/libgcc.a
LOAD /Applications/FEH_ARM/bin/../lib/gcc/arm-none-eabi/10.3.1/../../../../arm-none-eabi/lib/thumb/v7e-m/nofp/libg.a
LOAD /Applications/FEH_ARM/bin/../lib/gcc/arm-none-eabi/10.3.1/../../../../arm-none-eabi/lib/thumb/v7e-m/nofp/libc.a
END GROUP
START GROUP
LOAD /Applications/FEH_ARM/bin/../lib/gcc/arm-none-eabi/10.3.1/thumb/v7e-m/nofp/libgcc.a
LOAD /Applications/FEH_ARM/bin/../lib/gcc/arm-none-eabi/10.3.1/../../../../arm-none-eabi/lib/thumb/v7e-m/nofp/libc.a
LOAD /Applications/FEH_ARM/bin/../lib/gcc/arm-none-eabi/10.3.1/../../../../arm-none-eabi/lib/thumb/v7e-m/nofp/libnosys.a
END GROUP
LOAD /Applications/FEH_ARM/bin/../lib/gcc/arm-none-eabi/10.3.1/thumb/v7e-m/nofp/crtend.o
LOAD /Applications/FEH_ARM/bin/../lib/gcc/arm-none-eabi/10.3.1/thumb/v7e-m/nofp/crtn.o
                0x000000000000c000                __base_PROGRAM_FLASH = 0xc000
                0x000000000000c000                __base_Flash = 0xc000
                0x000000000007fc00                __top_PROGRAM_FLASH = 0x7fc00
                0x000000000007fc00                __top_Flash = 0x7fc00
                0x0000000020000000                __base_SRAM_UPPER = 0x20000000
                0x0000000020000000                __base_RAM = 0x20000000
                0x0000000020010000                __top_SRAM_UPPER = 0x20010000
                0x0000000020010000                __top_RAM = 0x20010000
                0x000000001fff0000                __base_SRAM_LOWER = 0x1fff0000
                0x000000001fff0000                __base_RAM2 = 0x1fff0000
                0x0000000020000000                __top_SRAM_LOWER = 0x20000000
                0x0000000020000000                __top_RAM2 = 0x20000000

.text           0x000000000000c000      0x410
 FILL mask 0xff
                0x000000000000c000                __vectors_start__ = ABSOLUTE (.)
 *(.isr_vector)
 .isr_vector    0x000000000000c000      0x1bc Startup/startup_mk60d10.o
                0x000000000000c000                __Vectors
                0x000000000000c000                g_pfnVectors
                0x000000000000c1bc                . = ALIGN (0x4)
                0x000000000000c1bc                __section_table_start = .
                0x000000000000c1bc                __data_section_table = .
                0x000000000000c1bc        0x4 LONG 0x1d2d4 LOADADDR (.data)
                0x000000000000c1c0        0x4 LONG 0x20000000 ADDR (.data)
                0x000000000000c1c4        0x4 LONG 0x16c8 SIZEOF (.data)
                0x000000000000c1c8        0x4 LONG 0x1d2d4 LOADADDR (.data_RAM2)
                0x000000000000c1cc        0x4 LONG 0x1fff0000 ADDR (.data_RAM2)
                0x000000000000c1d0        0x4 LONG 0x0 SIZEOF (.data_RAM2)
                0x000000000000c1d4                __data_section_table_end = .
                0x000000000000c1d4                __bss_section_table = .
                0x000000000000c1d4        0x4 LONG 0x200016c8 ADDR (.bss)
                0x000000000000c1d8        0x4 LONG 0x490 SIZEOF (.bss)
                0x000000000000c1dc        0x4 LONG 0x1fff0000 ADDR (.bss_RAM2)
                0x000000000000c1e0        0x4 LONG 0x0 SIZEOF (.bss_RAM2)
                0x000000000000c1e4                __bss_section_table_end = .
                0x000000000000c1e4                __section_table_end = .
 *(.after_vectors*)
 .after_vectors.init_data
                0x000000000000c1e4       0x42 Startup/startup_mk60d10.o
                0x000000000000c1e4                data_init(unsigned int, unsigned int, unsigned int)
 .after_vectors.init_bss
                0x000000000000c226       0x36 Startup/startup_mk60d10.o
                0x000000000000c226                bss_init(unsigned int, unsigned int)
 .after_vectors.reset
                0x000000000000c25c       0xb4 Startup/startup_mk60d10.o
                0x000000000000c25c                ResetISR
 .after_vectors
                0x000000000000c310       0x3c Startup/startup_mk60d10.o
                0x000000000000c310                NMI_Handler
                0x000000000000c316                HardFault_Handler
                0x000000000000c31c                MemManage_Handler
                0x000000000000c322                BusFault_Handler
                0x000000000000c328                UsageFault_Handler
                0x000000000000c32e                SVC_Handler
                0x000000000000c334                DebugMon_Handler
                0x000000000000c33a                PendSV_Handler
                0x000000000000c340                SysTick_Handler
                0x000000000000c346                PIT2_DriverIRQHandler
                0x000000000000c346                SDHC_DriverIRQHandler
                0x000000000000c346                I2S0_Tx_DriverIRQHandler
                0x000000000000c346                TSI0_DriverIRQHandler
                0x000000000000c346                RTC_Seconds_DriverIRQHandler
                0x000000000000c346                Reserved109_DriverIRQHandler
                0x000000000000c346                DMA6_DriverIRQHandler
                0x000000000000c346                LLWU_DriverIRQHandler
                0x000000000000c346                MCM_DriverIRQHandler
                0x000000000000c346                MCG_DriverIRQHandler
                0x000000000000c346                ENET_1588_Timer_DriverIRQHandler
                0x000000000000c346                DAC1_DriverIRQHandler
                0x000000000000c346                CMP1_DriverIRQHandler
                0x000000000000c346                UART5_RX_TX_DriverIRQHandler
                0x000000000000c346                FTM0_DriverIRQHandler
                0x000000000000c346                IntDefaultHandler
                0x000000000000c346                USB0_DriverIRQHandler
                0x000000000000c346                UART5_ERR_DriverIRQHandler
                0x000000000000c346                DMA11_DriverIRQHandler
                0x000000000000c346                DAC0_DriverIRQHandler
                0x000000000000c346                DMA10_DriverIRQHandler
                0x000000000000c346                CMP2_DriverIRQHandler
                0x000000000000c346                UART2_ERR_DriverIRQHandler
                0x000000000000c346                SPI2_DriverIRQHandler
                0x000000000000c346                LVD_LVW_DriverIRQHandler
                0x000000000000c346                RNG_DriverIRQHandler
                0x000000000000c346                DMA5_DriverIRQHandler
                0x000000000000c346                DMA4_DriverIRQHandler
                0x000000000000c346                UART2_RX_TX_DriverIRQHandler
                0x000000000000c346                USBDCD_DriverIRQHandler
                0x000000000000c346                UART3_ERR_DriverIRQHandler
                0x000000000000c346                DMA3_DriverIRQHandler
                0x000000000000c346                DMA8_DriverIRQHandler
                0x000000000000c346                DMA9_DriverIRQHandler
                0x000000000000c346                UART0_ERR_DriverIRQHandler
                0x000000000000c346                CMT_DriverIRQHandler
                0x000000000000c346                ADC1_DriverIRQHandler
                0x000000000000c346                DMA14_DriverIRQHandler
                0x000000000000c346                PIT3_DriverIRQHandler
                0x000000000000c346                PIT1_DriverIRQHandler
                0x000000000000c346                WDOG_EWM_DriverIRQHandler
                0x000000000000c346                PDB0_DriverIRQHandler
                0x000000000000c346                Reserved95_DriverIRQHandler
                0x000000000000c346                RTC_DriverIRQHandler
                0x000000000000c346                I2S0_Rx_DriverIRQHandler
                0x000000000000c346                Read_Collision_DriverIRQHandler
                0x000000000000c346                SWI_DriverIRQHandler
                0x000000000000c346                UART4_RX_TX_DriverIRQHandler
                0x000000000000c346                UART4_ERR_DriverIRQHandler
                0x000000000000c346                UART0_LON_DriverIRQHandler
                0x000000000000c346                DMA1_DriverIRQHandler
                0x000000000000c346                I2C1_DriverIRQHandler
                0x000000000000c346                UART3_RX_TX_DriverIRQHandler
                0x000000000000c346                ENET_Receive_DriverIRQHandler
                0x000000000000c346                DMA13_DriverIRQHandler
                0x000000000000c346                ENET_Error_DriverIRQHandler
                0x000000000000c346                DMA15_DriverIRQHandler
                0x000000000000c346                SPI0_DriverIRQHandler
                0x000000000000c346                ADC0_DriverIRQHandler
                0x000000000000c346                FTFL_DriverIRQHandler
                0x000000000000c346                CMP0_DriverIRQHandler
                0x000000000000c346                CAN0_DriverIRQHandler
                0x000000000000c346                Reserved59_DriverIRQHandler
                0x000000000000c346                UART1_ERR_DriverIRQHandler
                0x000000000000c346                DMA2_DriverIRQHandler
                0x000000000000c346                ENET_Transmit_DriverIRQHandler
                0x000000000000c346                I2C0_DriverIRQHandler
                0x000000000000c346                CAN1_DriverIRQHandler
                0x000000000000c346                DMA7_DriverIRQHandler
                0x000000000000c346                UART1_RX_TX_DriverIRQHandler
                0x000000000000c346                Reserved108_DriverIRQHandler
                0x000000000000c346                Reserved102_DriverIRQHandler
                0x000000000000c346                DMA0_DriverIRQHandler
                0x000000000000c346                DMA12_DriverIRQHandler
                0x000000000000c346                SPI1_DriverIRQHandler
                0x000000000000c346                LPTMR0_DriverIRQHandler
                0x000000000000c346                DMA_Error_DriverIRQHandler
                0x000000000000c346                FTM1_DriverIRQHandler
                0x000000000000c346                FTM2_DriverIRQHandler
                0x0000000000000400                . = 0x400
 *fill*         0x000000000000c34c       0xb4 ff
                0x000000000000c400                PROVIDE (__FLASH_CONFIG_START__ = .)
 *(.FlashConfig)
 .FlashConfig   0x000000000000c400       0x10 Startup/startup_mk60d10.o
                0x000000000000c410                PROVIDE (__FLASH_CONFIG_END__ = .)
                0x0000000000000001                ASSERT (! ((__FLASH_CONFIG_START__ == __FLASH_CONFIG_END__)), Linker Flash Config Support Enabled, but no .FlashConfig section provided within application)

.eh_frame       0x000000000000c410        0x0
 .eh_frame      0x000000000000c410        0x0 /Applications/FEH_ARM/bin/../lib/gcc/arm-none-eabi/10.3.1/thumb/v7e-m/nofp/crtbegin.o

.glue_7         0x000000000000c410        0x0
 .glue_7        0x000000000000c410        0x0 linker stubs

.glue_7t        0x000000000000c410        0x0
 .glue_7t       0x000000000000c410        0x0 linker stubs

.vfp11_veneer   0x000000000000c410        0x0
 .vfp11_veneer  0x000000000000c410        0x0 linker stubs

.v4_bx          0x000000000000c410        0x0
 .v4_bx         0x000000000000c410        0x0 linker stubs

.iplt           0x000000000000c410        0x0
 .iplt          0x000000000000c410        0x0 /Applications/FEH_ARM/bin/../lib/gcc/arm-none-eabi/10.3.1/thumb/v7e-m/nofp/crtbegin.o

.text           0x000000000000c440    0x10e8c
 *(.text*)
 .text          0x000000000000c440       0x40 /Applications/FEH_ARM/bin/../lib/gcc/arm-none-eabi/10.3.1/thumb/v7e-m/nofp/crtbegin.o
 .text.main     0x000000000000c480       0x5c ../main.o
                0x000000000000c480                main
 *fill*         0x000000000000c4dc        0x4 
 .text._Z13passportStampi
                0x000000000000c4e0      0x100 ../main.o
                0x000000000000c4e0                passportStamp(int)
 .text._Z11luggageDropi
                0x000000000000c5e0       0xe4 ../main.o
                0x000000000000c5e0                luggageDrop(int)
 *fill*         0x000000000000c6c4        0x4 
 .text._Z17checkBoardingPassi
                0x000000000000c6c8      0x184 ../main.o
                0x000000000000c6c8                checkBoardingPass(int)
 .text._Z7moveArmid
                0x000000000000c84c       0x38 ../main.o
                0x000000000000c84c                moveArm(int, double)
 *fill*         0x000000000000c884        0x4 
 .text._Z22startToRampTopRWithRPSi
                0x000000000000c888       0xf0 ../main.o
                0x000000000000c888                startToRampTopRWithRPS(int)
 .text._Z11moveForwardid
                0x000000000000c978      0x1c0 ../main.o
                0x000000000000c978                moveForward(int, double)
 .text._Z11moveForwardi
                0x000000000000cb38       0x38 ../main.o
                0x000000000000cb38                moveForward(int)
 .text._Z12moveBackwardid
                0x000000000000cb70      0x1d0 ../main.o
                0x000000000000cb70                moveBackward(int, double)
 .text._Z12moveBackwardi
                0x000000000000cd40       0x40 ../main.o
                0x000000000000cd40                moveBackward(int)
 .text._Z11stopDrivingv
                0x000000000000cd80       0x1c ../main.o
                0x000000000000cd80                stopDriving()
 *fill*         0x000000000000cd9c        0x4 
 .text._Z13moveUntilBumpiii
                0x000000000000cda0      0x278 ../main.o
                0x000000000000cda0                moveUntilBump(int, int, int)
 .text._Z10rotateLeftid
                0x000000000000d018      0x194 ../main.o
                0x000000000000d018                rotateLeft(int, double)
 *fill*         0x000000000000d1ac        0x4 
 .text._Z13rotateLeftRPSidi
                0x000000000000d1b0      0x258 ../main.o
                0x000000000000d1b0                rotateLeftRPS(int, double, int)
 .text._Z11rotateRightid
                0x000000000000d408      0x1a4 ../main.o
                0x000000000000d408                rotateRight(int, double)
 .text._Z41__static_initialization_and_destruction_0ii
                0x000000000000d5ac       0xa8 ../main.o
 .text._GLOBAL__sub_I_right_encoder
                0x000000000000d654       0x10 ../main.o
 .text.PORTD_IRQHandler
                0x000000000000d664       0x50 Startup/startup_mk60d10.o
                0x000000000000d664                PORTD_IRQHandler
 .text._Z15InitPowerButtonv
                0x000000000000d6b4       0x60 Startup/startup_mk60d10.o
                0x000000000000d6b4                InitPowerButton()
 .text._ZL11pll_init_blv
                0x000000000000d714       0xe0 Startup/startup_mk60d10.o
 .text._Z14InitFEHProteusv
                0x000000000000d7f4       0xec Startup/startup_mk60d10.o
                0x000000000000d7f4                InitFEHProteus()
 .text.DMA0_IRQHandler
                0x000000000000d8e0        0xc Startup/startup_mk60d10.o
                0x000000000000d8e0                DMA0_IRQHandler
 .text.DMA1_IRQHandler
                0x000000000000d8ec        0xc Startup/startup_mk60d10.o
                0x000000000000d8ec                DMA1_IRQHandler
 .text.DMA2_IRQHandler
                0x000000000000d8f8        0xc Startup/startup_mk60d10.o
                0x000000000000d8f8                DMA2_IRQHandler
 .text.DMA3_IRQHandler
                0x000000000000d904        0xc Startup/startup_mk60d10.o
                0x000000000000d904                DMA3_IRQHandler
 .text.DMA4_IRQHandler
                0x000000000000d910        0xc Startup/startup_mk60d10.o
                0x000000000000d910                DMA4_IRQHandler
 .text.DMA5_IRQHandler
                0x000000000000d91c        0xc Startup/startup_mk60d10.o
                0x000000000000d91c                DMA5_IRQHandler
 .text.DMA6_IRQHandler
                0x000000000000d928        0xc Startup/startup_mk60d10.o
                0x000000000000d928                DMA6_IRQHandler
 .text.DMA7_IRQHandler
                0x000000000000d934        0xc Startup/startup_mk60d10.o
                0x000000000000d934                DMA7_IRQHandler
 .text.DMA8_IRQHandler
                0x000000000000d940        0xc Startup/startup_mk60d10.o
                0x000000000000d940                DMA8_IRQHandler
 .text.DMA9_IRQHandler
                0x000000000000d94c        0xc Startup/startup_mk60d10.o
                0x000000000000d94c                DMA9_IRQHandler
 .text.DMA10_IRQHandler
                0x000000000000d958        0xc Startup/startup_mk60d10.o
                0x000000000000d958                DMA10_IRQHandler
 .text.DMA11_IRQHandler
                0x000000000000d964        0xc Startup/startup_mk60d10.o
                0x000000000000d964                DMA11_IRQHandler
 .text.DMA12_IRQHandler
                0x000000000000d970        0xc Startup/startup_mk60d10.o
                0x000000000000d970                DMA12_IRQHandler
 .text.DMA13_IRQHandler
                0x000000000000d97c        0xc Startup/startup_mk60d10.o
                0x000000000000d97c                DMA13_IRQHandler
 .text.DMA14_IRQHandler
                0x000000000000d988        0xc Startup/startup_mk60d10.o
                0x000000000000d988                DMA14_IRQHandler
 .text.DMA15_IRQHandler
                0x000000000000d994        0xc Startup/startup_mk60d10.o
                0x000000000000d994                DMA15_IRQHandler
 .text.DMA_Error_IRQHandler
                0x000000000000d9a0        0xc Startup/startup_mk60d10.o
                0x000000000000d9a0                DMA_Error_IRQHandler
 .text.MCM_IRQHandler
                0x000000000000d9ac        0xc Startup/startup_mk60d10.o
                0x000000000000d9ac                MCM_IRQHandler
 .text.FTFL_IRQHandler
                0x000000000000d9b8        0xc Startup/startup_mk60d10.o
                0x000000000000d9b8                FTFL_IRQHandler
 .text.Read_Collision_IRQHandler
                0x000000000000d9c4        0xc Startup/startup_mk60d10.o
                0x000000000000d9c4                Read_Collision_IRQHandler
 .text.LVD_LVW_IRQHandler
                0x000000000000d9d0        0xc Startup/startup_mk60d10.o
                0x000000000000d9d0                LVD_LVW_IRQHandler
 .text.LLWU_IRQHandler
                0x000000000000d9dc        0xc Startup/startup_mk60d10.o
                0x000000000000d9dc                LLWU_IRQHandler
 .text.WDOG_EWM_IRQHandler
                0x000000000000d9e8        0xc Startup/startup_mk60d10.o
                0x000000000000d9e8                WDOG_EWM_IRQHandler
 .text.RNG_IRQHandler
                0x000000000000d9f4        0xc Startup/startup_mk60d10.o
                0x000000000000d9f4                RNG_IRQHandler
 .text.I2C0_IRQHandler
                0x000000000000da00        0xc Startup/startup_mk60d10.o
                0x000000000000da00                I2C0_IRQHandler
 .text.I2C1_IRQHandler
                0x000000000000da0c        0xc Startup/startup_mk60d10.o
                0x000000000000da0c                I2C1_IRQHandler
 .text.SPI0_IRQHandler
                0x000000000000da18        0xc Startup/startup_mk60d10.o
                0x000000000000da18                SPI0_IRQHandler
 .text.SPI1_IRQHandler
                0x000000000000da24        0xc Startup/startup_mk60d10.o
                0x000000000000da24                SPI1_IRQHandler
 .text.SPI2_IRQHandler
                0x000000000000da30        0xc Startup/startup_mk60d10.o
                0x000000000000da30                SPI2_IRQHandler
 .text.CAN0_ORed_Message_buffer_IRQHandler
                0x000000000000da3c        0xc Startup/startup_mk60d10.o
                0x000000000000da3c                CAN0_ORed_Message_buffer_IRQHandler
 .text.CAN0_Bus_Off_IRQHandler
                0x000000000000da48        0xc Startup/startup_mk60d10.o
                0x000000000000da48                CAN0_Bus_Off_IRQHandler
 .text.CAN0_Error_IRQHandler
                0x000000000000da54        0xc Startup/startup_mk60d10.o
                0x000000000000da54                CAN0_Error_IRQHandler
 .text.CAN0_Tx_Warning_IRQHandler
                0x000000000000da60        0xc Startup/startup_mk60d10.o
                0x000000000000da60                CAN0_Tx_Warning_IRQHandler
 .text.CAN0_Rx_Warning_IRQHandler
                0x000000000000da6c        0xc Startup/startup_mk60d10.o
                0x000000000000da6c                CAN0_Rx_Warning_IRQHandler
 .text.CAN0_Wake_Up_IRQHandler
                0x000000000000da78        0xc Startup/startup_mk60d10.o
                0x000000000000da78                CAN0_Wake_Up_IRQHandler
 .text.I2S0_Tx_IRQHandler
                0x000000000000da84        0xc Startup/startup_mk60d10.o
                0x000000000000da84                I2S0_Tx_IRQHandler
 .text.I2S0_Rx_IRQHandler
                0x000000000000da90        0xc Startup/startup_mk60d10.o
                0x000000000000da90                I2S0_Rx_IRQHandler
 .text.CAN1_ORed_Message_buffer_IRQHandler
                0x000000000000da9c        0xc Startup/startup_mk60d10.o
                0x000000000000da9c                CAN1_ORed_Message_buffer_IRQHandler
 .text.CAN1_Bus_Off_IRQHandler
                0x000000000000daa8        0xc Startup/startup_mk60d10.o
                0x000000000000daa8                CAN1_Bus_Off_IRQHandler
 .text.CAN1_Error_IRQHandler
                0x000000000000dab4        0xc Startup/startup_mk60d10.o
                0x000000000000dab4                CAN1_Error_IRQHandler
 .text.CAN1_Tx_Warning_IRQHandler
                0x000000000000dac0        0xc Startup/startup_mk60d10.o
                0x000000000000dac0                CAN1_Tx_Warning_IRQHandler
 .text.CAN1_Rx_Warning_IRQHandler
                0x000000000000dacc        0xc Startup/startup_mk60d10.o
                0x000000000000dacc                CAN1_Rx_Warning_IRQHandler
 .text.CAN1_Wake_Up_IRQHandler
                0x000000000000dad8        0xc Startup/startup_mk60d10.o
                0x000000000000dad8                CAN1_Wake_Up_IRQHandler
 .text.Reserved59_IRQHandler
                0x000000000000dae4        0xc Startup/startup_mk60d10.o
                0x000000000000dae4                Reserved59_IRQHandler
 .text.UART0_LON_IRQHandler
                0x000000000000daf0        0xc Startup/startup_mk60d10.o
                0x000000000000daf0                UART0_LON_IRQHandler
 .text.UART0_ERR_IRQHandler
                0x000000000000dafc        0xc Startup/startup_mk60d10.o
                0x000000000000dafc                UART0_ERR_IRQHandler
 .text.UART1_RX_TX_IRQHandler
                0x000000000000db08        0xc Startup/startup_mk60d10.o
                0x000000000000db08                UART1_RX_TX_IRQHandler
 .text.UART1_ERR_IRQHandler
                0x000000000000db14        0xc Startup/startup_mk60d10.o
                0x000000000000db14                UART1_ERR_IRQHandler
 .text.UART2_RX_TX_IRQHandler
                0x000000000000db20        0xc Startup/startup_mk60d10.o
                0x000000000000db20                UART2_RX_TX_IRQHandler
 .text.UART2_ERR_IRQHandler
                0x000000000000db2c        0xc Startup/startup_mk60d10.o
                0x000000000000db2c                UART2_ERR_IRQHandler
 .text.UART3_RX_TX_IRQHandler
                0x000000000000db38        0xc Startup/startup_mk60d10.o
                0x000000000000db38                UART3_RX_TX_IRQHandler
 .text.UART3_ERR_IRQHandler
                0x000000000000db44        0xc Startup/startup_mk60d10.o
                0x000000000000db44                UART3_ERR_IRQHandler
 .text.UART4_RX_TX_IRQHandler
                0x000000000000db50        0xc Startup/startup_mk60d10.o
                0x000000000000db50                UART4_RX_TX_IRQHandler
 .text.UART4_ERR_IRQHandler
                0x000000000000db5c        0xc Startup/startup_mk60d10.o
                0x000000000000db5c                UART4_ERR_IRQHandler
 .text.UART5_RX_TX_IRQHandler
                0x000000000000db68        0xc Startup/startup_mk60d10.o
                0x000000000000db68                UART5_RX_TX_IRQHandler
 .text.UART5_ERR_IRQHandler
                0x000000000000db74        0xc Startup/startup_mk60d10.o
                0x000000000000db74                UART5_ERR_IRQHandler
 .text.ADC0_IRQHandler
                0x000000000000db80        0xc Startup/startup_mk60d10.o
                0x000000000000db80                ADC0_IRQHandler
 .text.ADC1_IRQHandler
                0x000000000000db8c        0xc Startup/startup_mk60d10.o
                0x000000000000db8c                ADC1_IRQHandler
 .text.CMP0_IRQHandler
                0x000000000000db98        0xc Startup/startup_mk60d10.o
                0x000000000000db98                CMP0_IRQHandler
 .text.CMP1_IRQHandler
                0x000000000000dba4        0xc Startup/startup_mk60d10.o
                0x000000000000dba4                CMP1_IRQHandler
 .text.CMP2_IRQHandler
                0x000000000000dbb0        0xc Startup/startup_mk60d10.o
                0x000000000000dbb0                CMP2_IRQHandler
 .text.FTM0_IRQHandler
                0x000000000000dbbc        0xc Startup/startup_mk60d10.o
                0x000000000000dbbc                FTM0_IRQHandler
 .text.FTM1_IRQHandler
                0x000000000000dbc8        0xc Startup/startup_mk60d10.o
                0x000000000000dbc8                FTM1_IRQHandler
 .text.FTM2_IRQHandler
                0x000000000000dbd4        0xc Startup/startup_mk60d10.o
                0x000000000000dbd4                FTM2_IRQHandler
 .text.CMT_IRQHandler
                0x000000000000dbe0        0xc Startup/startup_mk60d10.o
                0x000000000000dbe0                CMT_IRQHandler
 .text.RTC_IRQHandler
                0x000000000000dbec        0xc Startup/startup_mk60d10.o
                0x000000000000dbec                RTC_IRQHandler
 .text.RTC_Seconds_IRQHandler
                0x000000000000dbf8        0xc Startup/startup_mk60d10.o
                0x000000000000dbf8                RTC_Seconds_IRQHandler
 .text.PIT1_IRQHandler
                0x000000000000dc04        0xc Startup/startup_mk60d10.o
                0x000000000000dc04                PIT1_IRQHandler
 .text.PIT2_IRQHandler
                0x000000000000dc10        0xc Startup/startup_mk60d10.o
                0x000000000000dc10                PIT2_IRQHandler
 .text.PIT3_IRQHandler
                0x000000000000dc1c        0xc Startup/startup_mk60d10.o
                0x000000000000dc1c                PIT3_IRQHandler
 .text.PDB0_IRQHandler
                0x000000000000dc28        0xc Startup/startup_mk60d10.o
                0x000000000000dc28                PDB0_IRQHandler
 .text.USB0_IRQHandler
                0x000000000000dc34        0xc Startup/startup_mk60d10.o
                0x000000000000dc34                USB0_IRQHandler
 .text.USBDCD_IRQHandler
                0x000000000000dc40        0xc Startup/startup_mk60d10.o
                0x000000000000dc40                USBDCD_IRQHandler
 .text.ENET_1588_Timer_IRQHandler
                0x000000000000dc4c        0xc Startup/startup_mk60d10.o
                0x000000000000dc4c                ENET_1588_Timer_IRQHandler
 .text.ENET_Transmit_IRQHandler
                0x000000000000dc58        0xc Startup/startup_mk60d10.o
                0x000000000000dc58                ENET_Transmit_IRQHandler
 .text.ENET_Receive_IRQHandler
                0x000000000000dc64        0xc Startup/startup_mk60d10.o
                0x000000000000dc64                ENET_Receive_IRQHandler
 .text.ENET_Error_IRQHandler
                0x000000000000dc70        0xc Startup/startup_mk60d10.o
                0x000000000000dc70                ENET_Error_IRQHandler
 .text.Reserved95_IRQHandler
                0x000000000000dc7c        0xc Startup/startup_mk60d10.o
                0x000000000000dc7c                Reserved95_IRQHandler
 .text.SDHC_IRQHandler
                0x000000000000dc88        0xc Startup/startup_mk60d10.o
                0x000000000000dc88                SDHC_IRQHandler
 .text.DAC0_IRQHandler
                0x000000000000dc94        0xc Startup/startup_mk60d10.o
                0x000000000000dc94                DAC0_IRQHandler
 .text.DAC1_IRQHandler
                0x000000000000dca0        0xc Startup/startup_mk60d10.o
                0x000000000000dca0                DAC1_IRQHandler
 .text.TSI0_IRQHandler
                0x000000000000dcac        0xc Startup/startup_mk60d10.o
                0x000000000000dcac                TSI0_IRQHandler
 .text.MCG_IRQHandler
                0x000000000000dcb8        0xc Startup/startup_mk60d10.o
                0x000000000000dcb8                MCG_IRQHandler
 .text.LPTMR0_IRQHandler
                0x000000000000dcc4        0xc Startup/startup_mk60d10.o
                0x000000000000dcc4                LPTMR0_IRQHandler
 .text.Reserved102_IRQHandler
                0x000000000000dcd0        0xc Startup/startup_mk60d10.o
                0x000000000000dcd0                Reserved102_IRQHandler
 .text.Reserved108_IRQHandler
                0x000000000000dcdc        0xc Startup/startup_mk60d10.o
                0x000000000000dcdc                Reserved108_IRQHandler
 .text.Reserved109_IRQHandler
                0x000000000000dce8        0xc Startup/startup_mk60d10.o
                0x000000000000dce8                Reserved109_IRQHandler
 .text.SWI_IRQHandler
                0x000000000000dcf4        0xc Startup/startup_mk60d10.o
                0x000000000000dcf4                SWI_IRQHandler
 .text._ZN8FEHMotorC2ENS_12FEHMotorPortEf
                0x000000000000dd00       0x7c Libraries/FEHMotor.o
                0x000000000000dd00                FEHMotor::FEHMotor(FEHMotor::FEHMotorPort, float)
                0x000000000000dd00                FEHMotor::FEHMotor(FEHMotor::FEHMotorPort, float)
 .text._ZN8FEHMotor4StopEv
                0x000000000000dd7c       0x30 Libraries/FEHMotor.o
                0x000000000000dd7c                FEHMotor::Stop()
 .text._ZN8FEHMotor8SetPowerEi
                0x000000000000ddac       0x54 Libraries/FEHMotor.o
                0x000000000000ddac                FEHMotor::SetPower(int)
 .text._ZN8FEHMotor10SetPercentEf
                0x000000000000de00       0xf8 Libraries/FEHMotor.o
                0x000000000000de00                FEHMotor::SetPercent(float)
 .text._Z21IIC_StartTransmissionhh
                0x000000000000def8       0x6c Drivers/i2c.o
                0x000000000000def8                IIC_StartTransmission(unsigned char, unsigned char)
 .text._Z5Pausev
                0x000000000000df64       0x24 Drivers/i2c.o
                0x000000000000df64                Pause()
 .text._Z21MMA8451QWriteRegisterhh
                0x000000000000df88       0x68 Drivers/i2c.o
                0x000000000000df88                MMA8451QWriteRegister(unsigned char, unsigned char)
 .text._Z8i2c_Waitv
                0x000000000000dff0       0x6c Drivers/i2c.o
                0x000000000000dff0                i2c_Wait()
 .text._Z12SPI_SendCharh
                0x000000000000e05c       0x1a Drivers/spi.o
                0x000000000000e05c                SPI_SendChar(unsigned char)
 .text._Z16SPI_WriteCommandhh
                0x000000000000e076       0x34 Drivers/spi.o
                0x000000000000e076                SPI_WriteCommand(unsigned char, unsigned char)
 .text._Z11SPI_GetCharv
                0x000000000000e0aa       0x10 Drivers/spi.o
                0x000000000000e0aa                SPI_GetChar()
 .text._Z15SPI_ReadCommandh
                0x000000000000e0ba       0x38 Drivers/spi.o
                0x000000000000e0ba                SPI_ReadCommand(unsigned char)
 *fill*         0x000000000000e0f2        0x2 
 .text._Z13SPI_CS_Assertv
                0x000000000000e0f4       0x1c Drivers/spi.o
                0x000000000000e0f4                SPI_CS_Assert()
 .text._Z15SPI_CS_Deassertv
                0x000000000000e110       0x1c Drivers/spi.o
                0x000000000000e110                SPI_CS_Deassert()
 .text._Z12SPI_Transferh
                0x000000000000e12c       0x6c Drivers/spi.o
                0x000000000000e12c                SPI_Transfer(unsigned char)
 .text._Z8SPI_Initv
                0x000000000000e198       0xa0 Drivers/spi.o
                0x000000000000e198                SPI_Init()
 .text._Z9uart_initPV11UART_MemMapii
                0x000000000000e238      0x174 Drivers/uart.o
                0x000000000000e238                uart_init(UART_MemMap volatile*, int, int)
 .text._Z12uart_getcharPV11UART_MemMap
                0x000000000000e3ac       0x32 Drivers/uart.o
                0x000000000000e3ac                uart_getchar(UART_MemMap volatile*)
 .text._Z12uart_putcharPV11UART_MemMapc
                0x000000000000e3de       0x32 Drivers/uart.o
                0x000000000000e3de                uart_putchar(UART_MemMap volatile*, char)
 .text._ZL7mem_setPvij
                0x000000000000e410       0x3c Drivers/ff.o
 .text._ZL11move_windowP5FATFSm
                0x000000000000e44c       0xc8 Drivers/ff.o
 .text._ZL4syncP5FATFS
                0x000000000000e514      0x14c Drivers/ff.o
 .text._ZL8validateP5FATFSt
                0x000000000000e660       0x54 Drivers/ff.o
 .text._Z6f_syncP3FIL
                0x000000000000e6b4      0x186 Drivers/ff.o
                0x000000000000e6b4                f_sync(FIL*)
 .text._Z7f_closeP3FIL
                0x000000000000e83a       0x28 Drivers/ff.o
                0x000000000000e83a                f_close(FIL*)
 *fill*         0x000000000000e862        0x2 
 .text._ZL17SDHC_set_baudratemm
                0x000000000000e864       0xe8 Drivers/SDHC.o
 .text._Z9SDHC_initP17esdhc_info_structPK17esdhc_init_struct
                0x000000000000e94c      0x130 Drivers/SDHC.o
                0x000000000000e94c                SDHC_init(esdhc_info_struct*, esdhc_init_struct const*)
 .text._ZL15SDHC_is_runningv
                0x000000000000ea7c       0x24 Drivers/SDHC.o
 .text._ZL16SDHC_status_waitm
                0x000000000000eaa0       0x2c Drivers/SDHC.o
 .text._ZL17SDHC_send_commandP20esdhc_command_struct
                0x000000000000eacc      0x1f8 Drivers/SDHC.o
 .text._Z10SDHC_ioctlmPv
                0x000000000000ecc4      0x6f0 Drivers/SDHC.o
                0x000000000000ecc4                SDHC_ioctl(unsigned long, void*)
 .text._ZL14rcvr_datablockPhm
                0x000000000000f3b4       0xf0 Drivers/SDHC.o
 .text._Z9disk_readhPhmh
                0x000000000000f4a4      0x124 Drivers/SDHC.o
                0x000000000000f4a4                disk_read(unsigned char, unsigned char*, unsigned long, unsigned char)
 .text._ZL14xmit_datablockPKhm
                0x000000000000f5c8       0xa4 Drivers/SDHC.o
 .text._Z10disk_writehPKhmh
                0x000000000000f66c      0x198 Drivers/SDHC.o
                0x000000000000f66c                disk_write(unsigned char, unsigned char const*, unsigned long, unsigned char)
 .text._Z10disk_ioctlhhPv
                0x000000000000f804      0x104 Drivers/SDHC.o
                0x000000000000f804                disk_ioctl(unsigned char, unsigned char, void*)
 .text._Z11disk_statush
                0x000000000000f908       0x28 Drivers/SDHC.o
                0x000000000000f908                disk_status(unsigned char)
 .text._Z13time_delay_msm
                0x000000000000f930       0x6c Drivers/lptmr.o
                0x000000000000f930                time_delay_ms(unsigned long)
 .text._Z41__static_initialization_and_destruction_0ii
                0x000000000000f99c       0x2c FEHProteus.o
 .text._GLOBAL__sub_I_Propeller
                0x000000000000f9c8       0x10 FEHProteus.o
 .text._ZN12FEHPropellerC2Ev
                0x000000000000f9d8       0x1a Drivers/FEHPropeller.o
                0x000000000000f9d8                FEHPropeller::FEHPropeller()
                0x000000000000f9d8                FEHPropeller::FEHPropeller()
 *fill*         0x000000000000f9f2        0x2 
 .text._ZN12FEHPropeller10InitializeEv
                0x000000000000f9f4       0x74 Drivers/FEHPropeller.o
                0x000000000000f9f4                FEHPropeller::Initialize()
 .text._ZN12FEHPropeller12SetMotorRateEhhh
                0x000000000000fa68       0x5c Drivers/FEHPropeller.o
                0x000000000000fa68                FEHPropeller::SetMotorRate(unsigned char, unsigned char, unsigned char)
 .text._ZL5Delaymjj
                0x000000000000fac4       0x94 Libraries/FEHUtility.o
 .text._Z5Sleepi
                0x000000000000fb58       0x2c Libraries/FEHUtility.o
                0x000000000000fb58                Sleep(int)
 .text._Z5Sleepd
                0x000000000000fb84       0x4c Libraries/FEHUtility.o
                0x000000000000fb84                Sleep(double)
 .text._Z7TimeNowv
                0x000000000000fbd0       0x5c Libraries/FEHUtility.o
                0x000000000000fbd0                TimeNow()
 .text._Z11TimeNowMSecv
                0x000000000000fc2c       0x38 Libraries/FEHUtility.o
                0x000000000000fc2c                TimeNowMSec()
 .text._ZN15DigitalInputPinC2EN5FEHIO8FEHIOPinE
                0x000000000000fc64       0x20 Libraries/FEHIO.o
                0x000000000000fc64                DigitalInputPin::DigitalInputPin(FEHIO::FEHIOPin)
                0x000000000000fc64                DigitalInputPin::DigitalInputPin(FEHIO::FEHIOPin)
 .text._ZN15DigitalInputPin10InitializeEN5FEHIO8FEHIOPinE
                0x000000000000fc84      0x198 Libraries/FEHIO.o
                0x000000000000fc84                DigitalInputPin::Initialize(FEHIO::FEHIOPin)
 .text._ZN15DigitalInputPin5ValueEv
                0x000000000000fe1c      0x108 Libraries/FEHIO.o
                0x000000000000fe1c                DigitalInputPin::Value()
 .text._ZN14DigitalEncoderC2EN5FEHIO8FEHIOPinE
                0x000000000000ff24       0x26 Libraries/FEHIO.o
                0x000000000000ff24                DigitalEncoder::DigitalEncoder(FEHIO::FEHIOPin)
                0x000000000000ff24                DigitalEncoder::DigitalEncoder(FEHIO::FEHIOPin)
 *fill*         0x000000000000ff4a        0x2 
 .text._Z10enable_irqi
                0x000000000000ff4c      0x11c Libraries/FEHIO.o
                0x000000000000ff4c                enable_irq(int)
 .text._ZN14DigitalEncoder10InitializeEN5FEHIO8FEHIOPinENS0_21FEHIOInterruptTriggerE
                0x0000000000010068      0x1a8 Libraries/FEHIO.o
                0x0000000000010068                DigitalEncoder::Initialize(FEHIO::FEHIOPin, FEHIO::FEHIOInterruptTrigger)
 .text._Z16PORTB_IRQHandlerv
                0x0000000000010210       0x9c Libraries/FEHIO.o
                0x0000000000010210                PORTB_IRQHandler()
 .text._Z16PORTC_IRQHandlerv
                0x00000000000102ac       0x9c Libraries/FEHIO.o
                0x00000000000102ac                PORTC_IRQHandler()
 .text._Z16PORTA_IRQHandlerv
                0x0000000000010348       0xa0 Libraries/FEHIO.o
                0x0000000000010348                PORTA_IRQHandler()
 .text._Z16PORTE_IRQHandlerv
                0x00000000000103e8       0x98 Libraries/FEHIO.o
                0x00000000000103e8                PORTE_IRQHandler()
 .text._ZN14DigitalEncoder6CountsEv
                0x0000000000010480       0x24 Libraries/FEHIO.o
                0x0000000000010480                DigitalEncoder::Counts()
 .text._ZN14DigitalEncoder11ResetCountsEv
                0x00000000000104a4       0x24 Libraries/FEHIO.o
                0x00000000000104a4                DigitalEncoder::ResetCounts()
 .text._ZN14AnalogInputPinC2EN5FEHIO8FEHIOPinE
                0x00000000000104c8       0x1e Libraries/FEHIO.o
                0x00000000000104c8                AnalogInputPin::AnalogInputPin(FEHIO::FEHIOPin)
                0x00000000000104c8                AnalogInputPin::AnalogInputPin(FEHIO::FEHIOPin)
 *fill*         0x00000000000104e6        0x2 
 .text._ZN14AnalogInputPin5ValueEv
                0x00000000000104e8      0x120 Libraries/FEHIO.o
                0x00000000000104e8                AnalogInputPin::Value()
 .text._ZN13AnalogEncoder12EncoderValueEv
                0x0000000000010608       0xb0 Libraries/FEHIO.o
                0x0000000000010608                AnalogEncoder::EncoderValue()
 .text._ZN14AnalogInputPin8InitADCsEv
                0x00000000000106b8       0x98 Libraries/FEHIO.o
                0x00000000000106b8                AnalogInputPin::InitADCs()
 .text._Z15PIT0_IRQHandlerv
                0x0000000000010750       0x28 Libraries/FEHIO.o
                0x0000000000010750                PIT0_IRQHandler()
 .text._ZN13AnalogEncoder4InitEv
                0x0000000000010778       0x44 Libraries/FEHIO.o
                0x0000000000010778                AnalogEncoder::Init()
 .text._ZN13AnalogEncoder14SetCounterInitEj
                0x00000000000107bc       0x20 Libraries/FEHIO.o
                0x00000000000107bc                AnalogEncoder::SetCounterInit(unsigned int)
 .text._ZN13AnalogEncoder10ProcessIntEv
                0x00000000000107dc       0x68 Libraries/FEHIO.o
                0x00000000000107dc                AnalogEncoder::ProcessInt()
 .text._ZN13AnalogEncoder14ProcessIntSelfEv
                0x0000000000010844       0x6e Libraries/FEHIO.o
                0x0000000000010844                AnalogEncoder::ProcessIntSelf()
 .text._Z7ADC_CalPV10ADC_MemMap
                0x00000000000108b2      0x13e Drivers/adc16.o
                0x00000000000108b2                ADC_Cal(ADC_MemMap volatile*)
 .text._Z14ADC_Config_AltPV10ADC_MemMapP7adc_cfg
                0x00000000000109f0       0x6c Drivers/adc16.o
                0x00000000000109f0                ADC_Config_Alt(ADC_MemMap volatile*, adc_cfg*)
 .text._ZN9FEHBuzzerC2Ev
                0x0000000000010a5c       0x14 Libraries/FEHBuzzer.o
                0x0000000000010a5c                FEHBuzzer::FEHBuzzer()
                0x0000000000010a5c                FEHBuzzer::FEHBuzzer()
 .text._Z41__static_initialization_and_destruction_0ii
                0x0000000000010a70       0x2c Libraries/FEHBuzzer.o
 .text._GLOBAL__sub_I_Buzzer
                0x0000000000010a9c       0x10 Libraries/FEHBuzzer.o
 .text._ZN8FEHServoC2ENS_12FEHServoPortE
                0x0000000000010aac       0x38 Libraries/FEHServo.o
                0x0000000000010aac                FEHServo::FEHServo(FEHServo::FEHServoPort)
                0x0000000000010aac                FEHServo::FEHServo(FEHServo::FEHServoPort)
 .text._ZN8FEHServo6SetMinEi
                0x0000000000010ae4       0x3a Libraries/FEHServo.o
                0x0000000000010ae4                FEHServo::SetMin(int)
 .text._ZN8FEHServo6SetMaxEi
                0x0000000000010b1e       0x3a Libraries/FEHServo.o
                0x0000000000010b1e                FEHServo::SetMax(int)
 .text._ZN8FEHServo9SetDegreeEf
                0x0000000000010b58       0xf8 Libraries/FEHServo.o
                0x0000000000010b58                FEHServo::SetDegree(float)
 .text._ZN6FEHLCD11_InitializeEv
                0x0000000000010c50      0x410 Libraries/FEHLCD.o
                0x0000000000010c50                FEHLCD::_Initialize()
 .text._ZN6FEHLCDC2Ev
                0x0000000000011060       0x50 Libraries/FEHLCD.o
                0x0000000000011060                FEHLCD::FEHLCD()
                0x0000000000011060                FEHLCD::FEHLCD()
 .text._ZN6FEHLCD10InitializeEv
                0x00000000000110b0       0x28 Libraries/FEHLCD.o
                0x00000000000110b0                FEHLCD::Initialize()
 .text._ZN6FEHLCD10PrintImageEii
                0x00000000000110d8       0xbc Libraries/FEHLCD.o
                0x00000000000110d8                FEHLCD::PrintImage(int, int)
 .text._ZN6FEHLCD9PrintLogoEii
                0x0000000000011194       0xbc Libraries/FEHLCD.o
                0x0000000000011194                FEHLCD::PrintLogo(int, int)
 .text._ZN6FEHLCD22ConvertFEHColorTo24BitENS_11FEHLCDColorE
                0x0000000000011250       0x78 Libraries/FEHLCD.o
                0x0000000000011250                FEHLCD::ConvertFEHColorTo24Bit(FEHLCD::FEHLCDColor)
 .text._ZN6FEHLCD24Convert24BitColorTo16BitEj
                0x00000000000112c8       0x30 Libraries/FEHLCD.o
                0x00000000000112c8                FEHLCD::Convert24BitColorTo16Bit(unsigned int)
 .text._ZN6FEHLCD22ConvertRGBColorTo16BitEhhh
                0x00000000000112f8       0x4a Libraries/FEHLCD.o
                0x00000000000112f8                FEHLCD::ConvertRGBColorTo16Bit(unsigned char, unsigned char, unsigned char)
 .text._ZN6FEHLCD5ClearENS_11FEHLCDColorE
                0x0000000000011342       0x28 Libraries/FEHLCD.o
                0x0000000000011342                FEHLCD::Clear(FEHLCD::FEHLCDColor)
 .text._ZN6FEHLCD5ClearEj
                0x000000000001136a       0x2c Libraries/FEHLCD.o
                0x000000000001136a                FEHLCD::Clear(unsigned int)
 .text._ZN6FEHLCD5ClearEv
                0x0000000000011396       0x16 Libraries/FEHLCD.o
                0x0000000000011396                FEHLCD::Clear()
 .text._ZN6FEHLCD18SetBackgroundColorENS_11FEHLCDColorE
                0x00000000000113ac       0x28 Libraries/FEHLCD.o
                0x00000000000113ac                FEHLCD::SetBackgroundColor(FEHLCD::FEHLCDColor)
 .text._ZN6FEHLCD18SetBackgroundColorEj
                0x00000000000113d4       0x26 Libraries/FEHLCD.o
                0x00000000000113d4                FEHLCD::SetBackgroundColor(unsigned int)
 .text._ZN6FEHLCD12SetFontColorENS_11FEHLCDColorE
                0x00000000000113fa       0x28 Libraries/FEHLCD.o
                0x00000000000113fa                FEHLCD::SetFontColor(FEHLCD::FEHLCDColor)
 .text._ZN6FEHLCD12SetFontColorEj
                0x0000000000011422       0x26 Libraries/FEHLCD.o
                0x0000000000011422                FEHLCD::SetFontColor(unsigned int)
 .text._ZN6FEHLCD7WriteAtEPKcii
                0x0000000000011448       0x46 Libraries/FEHLCD.o
                0x0000000000011448                FEHLCD::WriteAt(char const*, int, int)
 .text._ZN6FEHLCD11TS_SPI_InitEv
                0x000000000001148e       0x7c Libraries/FEHLCD.o
                0x000000000001148e                FEHLCD::TS_SPI_Init()
 *fill*         0x000000000001150a        0x6 
 .text._ZN6FEHLCD5TouchEPfS0_
                0x0000000000011510      0x1fc Libraries/FEHLCD.o
                0x0000000000011510                FEHLCD::Touch(float*, float*)
 .text._ZN6FEHLCD3absEi
                0x000000000001170c       0x22 Libraries/FEHLCD.o
                0x000000000001170c                FEHLCD::abs(int)
 .text._ZN6FEHLCD5WriteEPKc
                0x000000000001172e       0x4e Libraries/FEHLCD.o
                0x000000000001172e                FEHLCD::Write(char const*)
 .text._ZN6FEHLCD5WriteEi
                0x000000000001177c       0x30 Libraries/FEHLCD.o
                0x000000000001177c                FEHLCD::Write(int)
 .text._ZN6FEHLCD5WriteEf
                0x00000000000117ac       0xc0 Libraries/FEHLCD.o
                0x00000000000117ac                FEHLCD::Write(float)
 .text._ZN6FEHLCD5WriteEd
                0x000000000001186c       0x26 Libraries/FEHLCD.o
                0x000000000001186c                FEHLCD::Write(double)
 .text._ZN6FEHLCD5WriteEc
                0x0000000000011892       0x30 Libraries/FEHLCD.o
                0x0000000000011892                FEHLCD::Write(char)
 .text._ZN6FEHLCD9WriteLineEPKc
                0x00000000000118c2       0x26 Libraries/FEHLCD.o
                0x00000000000118c2                FEHLCD::WriteLine(char const*)
 .text._ZN6FEHLCD9WriteLineEc
                0x00000000000118e8       0x2a Libraries/FEHLCD.o
                0x00000000000118e8                FEHLCD::WriteLine(char)
 *fill*         0x0000000000011912        0x2 
 .text._ZN6FEHLCD10WriteIndexEh
                0x0000000000011914      0x14c Libraries/FEHLCD.o
                0x0000000000011914                FEHLCD::WriteIndex(unsigned char)
 .text._ZN6FEHLCD14WriteParameterEh
                0x0000000000011a60      0x130 Libraries/FEHLCD.o
                0x0000000000011a60                FEHLCD::WriteParameter(unsigned char)
 .text._ZN6FEHLCD6_ClearEv
                0x0000000000011b90      0x15c Libraries/FEHLCD.o
                0x0000000000011b90                FEHLCD::_Clear()
 .text._ZN6FEHLCD8NextLineEv
                0x0000000000011cec       0x2a Libraries/FEHLCD.o
                0x0000000000011cec                FEHLCD::NextLine()
 .text._ZN6FEHLCD9CheckLineEv
                0x0000000000011d16       0x28 Libraries/FEHLCD.o
                0x0000000000011d16                FEHLCD::CheckLine()
 .text._ZN6FEHLCD8NextCharEv
                0x0000000000011d3e       0x32 Libraries/FEHLCD.o
                0x0000000000011d3e                FEHLCD::NextChar()
 .text._ZN6FEHLCD9DrawPixelEii
                0x0000000000011d70       0x2a Libraries/FEHLCD.o
                0x0000000000011d70                FEHLCD::DrawPixel(int, int)
 .text._Z4SwapRiS_
                0x0000000000011d9a       0x28 Libraries/FEHLCD.o
                0x0000000000011d9a                Swap(int&, int&)
 .text._ZN6FEHLCD13DrawRectangleEiiii
                0x0000000000011dc2       0x7c Libraries/FEHLCD.o
                0x0000000000011dc2                FEHLCD::DrawRectangle(int, int, int, int)
 .text._ZN6FEHLCD13SetDrawRegionEiiii
                0x0000000000011e3e       0xfe Libraries/FEHLCD.o
                0x0000000000011e3e                FEHLCD::SetDrawRegion(int, int, int, int)
 .text._ZN6FEHLCD8DrawLineEiiii
                0x0000000000011f3c      0x14c Libraries/FEHLCD.o
                0x0000000000011f3c                FEHLCD::DrawLine(int, int, int, int)
 .text._ZN6FEHLCD9WriteCharEiic
                0x0000000000012088       0x34 Libraries/FEHLCD.o
                0x0000000000012088                FEHLCD::WriteChar(int, int, char)
 .text._ZN6FEHLCD11WriteCharAtEiic
                0x00000000000120bc      0x214 Libraries/FEHLCD.o
                0x00000000000120bc                FEHLCD::WriteCharAt(int, int, char)
 .text._ZN6FEHLCD11RepeatColorEv
                0x00000000000122d0       0x70 Libraries/FEHLCD.o
                0x00000000000122d0                FEHLCD::RepeatColor()
 .text._ZN6FEHLCD10_ForePixelEv
                0x0000000000012340       0xc4 Libraries/FEHLCD.o
                0x0000000000012340                FEHLCD::_ForePixel()
 .text._ZN6FEHLCD10_BackPixelEv
                0x0000000000012404       0xc4 Libraries/FEHLCD.o
                0x0000000000012404                FEHLCD::_BackPixel()
 .text._ZN6FEHLCD22SetRegisterColorValuesEv
                0x00000000000124c8      0x336 Libraries/FEHLCD.o
                0x00000000000124c8                FEHLCD::SetRegisterColorValues()
 .text._ZN7FEHIcon4IconC2Ev
                0x00000000000127fe       0x14 Libraries/FEHLCD.o
                0x00000000000127fe                FEHIcon::Icon::Icon()
                0x00000000000127fe                FEHIcon::Icon::Icon()
 .text._ZN7FEHIcon4Icon13SetPropertiesEPciiiijj
                0x0000000000012812       0x6a Libraries/FEHLCD.o
                0x0000000000012812                FEHIcon::Icon::SetProperties(char*, int, int, int, int, unsigned int, unsigned int)
 .text._ZN7FEHIcon4Icon4DrawEv
                0x000000000001287c       0x90 Libraries/FEHLCD.o
                0x000000000001287c                FEHIcon::Icon::Draw()
 .text._ZN7FEHIcon4Icon6SelectEv
                0x000000000001290c       0x90 Libraries/FEHLCD.o
                0x000000000001290c                FEHIcon::Icon::Select()
 .text._ZN7FEHIcon4Icon8DeselectEv
                0x000000000001299c       0x8c Libraries/FEHLCD.o
                0x000000000001299c                FEHIcon::Icon::Deselect()
 .text._ZN7FEHIcon4Icon7PressedEffi
                0x0000000000012a28      0x13c Libraries/FEHLCD.o
                0x0000000000012a28                FEHIcon::Icon::Pressed(float, float, int)
 .text._ZN7FEHIcon4Icon12WhilePressedEff
                0x0000000000012b64       0x50 Libraries/FEHLCD.o
                0x0000000000012b64                FEHIcon::Icon::WhilePressed(float, float)
 .text._ZN7FEHIcon13DrawIconArrayEPNS_4IconEiiiiiiPA20_cjj
                0x0000000000012bb4      0x168 Libraries/FEHLCD.o
                0x0000000000012bb4                FEHIcon::DrawIconArray(FEHIcon::Icon*, int, int, int, int, int, int, char (*) [20], unsigned int, unsigned int)
 .text._Z41__static_initialization_and_destruction_0ii
                0x0000000000012d1c       0x2c Libraries/FEHLCD.o
 .text._GLOBAL__sub_I_image
                0x0000000000012d48       0x10 Libraries/FEHLCD.o
 .text._ZN8FEHAccelC2Ev
                0x0000000000012d58       0x70 Libraries/FEHAccel.o
                0x0000000000012d58                FEHAccel::FEHAccel()
                0x0000000000012d58                FEHAccel::FEHAccel()
 .text._Z41__static_initialization_and_destruction_0ii
                0x0000000000012dc8       0x2c Libraries/FEHAccel.o
 .text._GLOBAL__sub_I_Accel
                0x0000000000012df4       0x10 Libraries/FEHAccel.o
 .text._ZN10FEHBatteryC2EN5FEHIO8FEHIOPinE
                0x0000000000012e04       0x22 Libraries/FEHBattery.o
                0x0000000000012e04                FEHBattery::FEHBattery(FEHIO::FEHIOPin)
                0x0000000000012e04                FEHBattery::FEHBattery(FEHIO::FEHIOPin)
 *fill*         0x0000000000012e26        0x2 
 .text._Z41__static_initialization_and_destruction_0ii
                0x0000000000012e28       0x30 Libraries/FEHBattery.o
 .text._GLOBAL__sub_I_Battery
                0x0000000000012e58       0x10 Libraries/FEHBattery.o
 .text._ZN7FEHXBeeC2Ev
                0x0000000000012e68       0x1a Drivers/FEHXBee.o
                0x0000000000012e68                FEHXBee::FEHXBee()
                0x0000000000012e68                FEHXBee::FEHXBee()
 *fill*         0x0000000000012e82        0x2 
 .text._ZN7FEHXBee10InitializeEv
                0x0000000000012e84       0xdc Drivers/FEHXBee.o
                0x0000000000012e84                FEHXBee::Initialize()
 .text._ZN7FEHXBee13IsInitializedEv
                0x0000000000012f60       0x16 Drivers/FEHXBee.o
                0x0000000000012f60                FEHXBee::IsInitialized()
 *fill*         0x0000000000012f76        0x2 
 .text._ZN7FEHXBee17ReceiveDataSearchEPcjh
                0x0000000000012f78       0x8c Drivers/FEHXBee.o
                0x0000000000012f78                FEHXBee::ReceiveDataSearch(char*, unsigned int, unsigned char)
 .text._ZN7FEHXBee8SendDataEPcj
                0x0000000000013004       0x40 Drivers/FEHXBee.o
                0x0000000000013004                FEHXBee::SendData(char*, unsigned int)
 .text._ZN7FEHXBee17SetPacketCallBackEPFvPhhE
                0x0000000000013044       0x20 Drivers/FEHXBee.o
                0x0000000000013044                FEHXBee::SetPacketCallBack(void (*)(unsigned char*, unsigned char))
 .text._Z22UART0_RX_TX_IRQHandlerv
                0x0000000000013064       0xec Drivers/FEHXBee.o
                0x0000000000013064                UART0_RX_TX_IRQHandler()
 .text._ZN6FEHRPSC2Ev
                0x0000000000013150       0x74 Libraries/FEHRPS.o
                0x0000000000013150                FEHRPS::FEHRPS()
                0x0000000000013150                FEHRPS::FEHRPS()
 .text._ZN6FEHRPS10InitializeEi
                0x00000000000131c4      0x664 Libraries/FEHRPS.o
                0x00000000000131c4                FEHRPS::Initialize(int)
 .text._ZN6FEHRPS10InitializeEc
                0x0000000000013828       0x46 Libraries/FEHRPS.o
                0x0000000000013828                FEHRPS::Initialize(char)
 *fill*         0x000000000001386e        0x2 
 .text._ZN6FEHRPS19InitializeTouchMenuEv
                0x0000000000013870      0x424 Libraries/FEHRPS.o
                0x0000000000013870                FEHRPS::InitializeTouchMenu()
 .text._ZN6FEHRPS19CurrentRegionLetterEv
                0x0000000000013c94       0x1c Libraries/FEHRPS.o
                0x0000000000013c94                FEHRPS::CurrentRegionLetter()
 .text._ZN6FEHRPS13WaitForPacketEv
                0x0000000000013cb0       0x58 Libraries/FEHRPS.o
                0x0000000000013cb0                FEHRPS::WaitForPacket()
 .text._ZN6FEHRPS1XEv
                0x0000000000013d08       0x1c Libraries/FEHRPS.o
                0x0000000000013d08                FEHRPS::X()
 .text._ZN6FEHRPS1YEv
                0x0000000000013d24       0x1c Libraries/FEHRPS.o
                0x0000000000013d24                FEHRPS::Y()
 .text._ZN6FEHRPS7HeadingEv
                0x0000000000013d40       0x1c Libraries/FEHRPS.o
                0x0000000000013d40                FEHRPS::Heading()
 .text._Z14RPSDataProcessPhh
                0x0000000000013d5c      0x148 Libraries/FEHRPS.o
                0x0000000000013d5c                RPSDataProcess(unsigned char*, unsigned char)
 .text._Z41__static_initialization_and_destruction_0ii
                0x0000000000013ea4       0x2c Libraries/FEHRPS.o
 .text._GLOBAL__sub_I_RPS
                0x0000000000013ed0       0x10 Libraries/FEHRPS.o
 .text._ZN5FEHSDC2Ev
                0x0000000000013ee0       0x24 Libraries/FEHSD.o
                0x0000000000013ee0                FEHSD::FEHSD()
                0x0000000000013ee0                FEHSD::FEHSD()
 .text._ZN5FEHSD9FCloseAllEv
                0x0000000000013f04       0x6c Libraries/FEHSD.o
                0x0000000000013f04                FEHSD::FCloseAll()
 .text._Z41__static_initialization_and_destruction_0ii
                0x0000000000013f70       0x2c Libraries/FEHSD.o
 .text._GLOBAL__sub_I_SD
                0x0000000000013f9c       0x10 Libraries/FEHSD.o
 .text._ZN9FEHRandom10InitializeEv
                0x0000000000013fac       0x3c Libraries/FEHRandom.o
                0x0000000000013fac                FEHRandom::Initialize()
 .text.startup._GLOBAL__sub_I__ZN9__gnu_cxx9__freeresEv
                0x0000000000013fe8       0x28 /Applications/FEH_ARM/bin/../lib/gcc/arm-none-eabi/10.3.1/../../../../arm-none-eabi/lib/thumb/v7e-m/nofp/libstdc++.a(eh_alloc.o)
 .text.atan     0x0000000000014010      0x32c /Applications/FEH_ARM/bin/../lib/gcc/arm-none-eabi/10.3.1/../../../../arm-none-eabi/lib/thumb/v7e-m/nofp/libm.a(lib_a-s_atan.o)
                0x0000000000014010                atan
 .text.fabs     0x000000000001433c        0x8 /Applications/FEH_ARM/bin/../lib/gcc/arm-none-eabi/10.3.1/../../../../arm-none-eabi/lib/thumb/v7e-m/nofp/libm.a(lib_a-s_fabs.o)
                0x000000000001433c                fabs
 .text.pow      0x0000000000014344       0xdc /Applications/FEH_ARM/bin/../lib/gcc/arm-none-eabi/10.3.1/../../../../arm-none-eabi/lib/thumb/v7e-m/nofp/libm.a(lib_a-w_pow.o)
                0x0000000000014344                pow
 .text.__ieee754_pow
                0x0000000000014420      0xad8 /Applications/FEH_ARM/bin/../lib/gcc/arm-none-eabi/10.3.1/../../../../arm-none-eabi/lib/thumb/v7e-m/nofp/libm.a(lib_a-e_pow.o)
                0x0000000000014420                __ieee754_pow
 .text.__ieee754_sqrt
                0x0000000000014ef8      0x18c /Applications/FEH_ARM/bin/../lib/gcc/arm-none-eabi/10.3.1/../../../../arm-none-eabi/lib/thumb/v7e-m/nofp/libm.a(lib_a-e_sqrt.o)
                0x0000000000014ef8                __ieee754_sqrt
 .text.with_errno
                0x0000000000015084       0x18 /Applications/FEH_ARM/bin/../lib/gcc/arm-none-eabi/10.3.1/../../../../arm-none-eabi/lib/thumb/v7e-m/nofp/libm.a(lib_a-math_err.o)
 .text.xflow    0x000000000001509c       0x30 /Applications/FEH_ARM/bin/../lib/gcc/arm-none-eabi/10.3.1/../../../../arm-none-eabi/lib/thumb/v7e-m/nofp/libm.a(lib_a-math_err.o)
 .text.__math_uflow
                0x00000000000150cc        0xc /Applications/FEH_ARM/bin/../lib/gcc/arm-none-eabi/10.3.1/../../../../arm-none-eabi/lib/thumb/v7e-m/nofp/libm.a(lib_a-math_err.o)
                0x00000000000150cc                __math_uflow
 .text.__math_oflow
                0x00000000000150d8        0xc /Applications/FEH_ARM/bin/../lib/gcc/arm-none-eabi/10.3.1/../../../../arm-none-eabi/lib/thumb/v7e-m/nofp/libm.a(lib_a-math_err.o)
                0x00000000000150d8                __math_oflow
 .text.finite   0x00000000000150e4        0xc /Applications/FEH_ARM/bin/../lib/gcc/arm-none-eabi/10.3.1/../../../../arm-none-eabi/lib/thumb/v7e-m/nofp/libm.a(lib_a-s_finite.o)
                0x00000000000150e4                finite
 .text.scalbn   0x00000000000150f0       0xf4 /Applications/FEH_ARM/bin/../lib/gcc/arm-none-eabi/10.3.1/../../../../arm-none-eabi/lib/thumb/v7e-m/nofp/libm.a(lib_a-s_scalbn.o)
                0x00000000000150f0                scalbn
 .text          0x00000000000151e4      0x378 /Applications/FEH_ARM/bin/../lib/gcc/arm-none-eabi/10.3.1/thumb/v7e-m/nofp/libgcc.a(_arm_addsubdf3.o)
                0x00000000000151e4                __aeabi_drsub
                0x00000000000151ec                __subdf3
                0x00000000000151ec                __aeabi_dsub
                0x00000000000151f0                __aeabi_dadd
                0x00000000000151f0                __adddf3
                0x0000000000015468                __aeabi_ui2d
                0x0000000000015468                __floatunsidf
                0x0000000000015488                __floatsidf
                0x0000000000015488                __aeabi_i2d
                0x00000000000154ac                __extendsfdf2
                0x00000000000154ac                __aeabi_f2d
                0x00000000000154f0                __aeabi_ul2d
                0x00000000000154f0                __floatundidf
                0x0000000000015500                __aeabi_l2d
                0x0000000000015500                __floatdidf
 .text          0x000000000001555c      0x424 /Applications/FEH_ARM/bin/../lib/gcc/arm-none-eabi/10.3.1/thumb/v7e-m/nofp/libgcc.a(_arm_muldivdf3.o)
                0x000000000001555c                __aeabi_dmul
                0x000000000001555c                __muldf3
                0x00000000000157b0                __aeabi_ddiv
                0x00000000000157b0                __divdf3
 .text          0x0000000000015980      0x110 /Applications/FEH_ARM/bin/../lib/gcc/arm-none-eabi/10.3.1/thumb/v7e-m/nofp/libgcc.a(_arm_cmpdf2.o)
                0x0000000000015980                __gedf2
                0x0000000000015980                __gtdf2
                0x0000000000015988                __ledf2
                0x0000000000015988                __ltdf2
                0x0000000000015990                __cmpdf2
                0x0000000000015990                __eqdf2
                0x0000000000015990                __nedf2
                0x0000000000015a0c                __aeabi_cdrcmple
                0x0000000000015a1c                __aeabi_cdcmple
                0x0000000000015a1c                __aeabi_cdcmpeq
                0x0000000000015a2c                __aeabi_dcmpeq
                0x0000000000015a40                __aeabi_dcmplt
                0x0000000000015a54                __aeabi_dcmple
                0x0000000000015a68                __aeabi_dcmpge
                0x0000000000015a7c                __aeabi_dcmpgt
 .text          0x0000000000015a90       0x2c /Applications/FEH_ARM/bin/../lib/gcc/arm-none-eabi/10.3.1/thumb/v7e-m/nofp/libgcc.a(_arm_unorddf2.o)
                0x0000000000015a90                __aeabi_dcmpun
                0x0000000000015a90                __unorddf2
 .text          0x0000000000015abc       0x50 /Applications/FEH_ARM/bin/../lib/gcc/arm-none-eabi/10.3.1/thumb/v7e-m/nofp/libgcc.a(_arm_fixdfsi.o)
                0x0000000000015abc                __fixdfsi
                0x0000000000015abc                __aeabi_d2iz
 .text          0x0000000000015b0c       0x40 /Applications/FEH_ARM/bin/../lib/gcc/arm-none-eabi/10.3.1/thumb/v7e-m/nofp/libgcc.a(_arm_fixunsdfsi.o)
                0x0000000000015b0c                __fixunsdfsi
                0x0000000000015b0c                __aeabi_d2uiz
 .text          0x0000000000015b4c       0xa0 /Applications/FEH_ARM/bin/../lib/gcc/arm-none-eabi/10.3.1/thumb/v7e-m/nofp/libgcc.a(_arm_truncdfsf2.o)
                0x0000000000015b4c                __aeabi_d2f
                0x0000000000015b4c                __truncdfsf2
 .text          0x0000000000015bec      0x21c /Applications/FEH_ARM/bin/../lib/gcc/arm-none-eabi/10.3.1/thumb/v7e-m/nofp/libgcc.a(_arm_addsubsf3.o)
                0x0000000000015bec                __aeabi_frsub
                0x0000000000015bf4                __aeabi_fsub
                0x0000000000015bf4                __subsf3
                0x0000000000015bf8                __aeabi_fadd
                0x0000000000015bf8                __addsf3
                0x0000000000015d58                __aeabi_ui2f
                0x0000000000015d58                __floatunsisf
                0x0000000000015d60                __floatsisf
                0x0000000000015d60                __aeabi_i2f
                0x0000000000015d7c                __aeabi_ul2f
                0x0000000000015d7c                __floatundisf
                0x0000000000015d8c                __aeabi_l2f
                0x0000000000015d8c                __floatdisf
 .text          0x0000000000015e08      0x2a0 /Applications/FEH_ARM/bin/../lib/gcc/arm-none-eabi/10.3.1/thumb/v7e-m/nofp/libgcc.a(_arm_muldivsf3.o)
                0x0000000000015e08                __mulsf3
                0x0000000000015e08                __aeabi_fmul
                0x0000000000015f70                __divsf3
                0x0000000000015f70                __aeabi_fdiv
 .text          0x00000000000160a8       0xec /Applications/FEH_ARM/bin/../lib/gcc/arm-none-eabi/10.3.1/thumb/v7e-m/nofp/libgcc.a(_arm_cmpsf2.o)
                0x00000000000160a8                __gesf2
                0x00000000000160a8                __gtsf2
                0x00000000000160b0                __ltsf2
                0x00000000000160b0                __lesf2
                0x00000000000160b8                __nesf2
                0x00000000000160b8                __eqsf2
                0x00000000000160b8                __cmpsf2
                0x0000000000016118                __aeabi_cfrcmple
                0x0000000000016120                __aeabi_cfcmpeq
                0x0000000000016120                __aeabi_cfcmple
                0x0000000000016130                __aeabi_fcmpeq
                0x0000000000016144                __aeabi_fcmplt
                0x0000000000016158                __aeabi_fcmple
                0x000000000001616c                __aeabi_fcmpge
                0x0000000000016180                __aeabi_fcmpgt
 .text          0x0000000000016194       0x4c /Applications/FEH_ARM/bin/../lib/gcc/arm-none-eabi/10.3.1/thumb/v7e-m/nofp/libgcc.a(_arm_fixsfsi.o)
                0x0000000000016194                __fixsfsi
                0x0000000000016194                __aeabi_f2iz
 .text.abort    0x00000000000161e0       0x10 /Applications/FEH_ARM/bin/../lib/gcc/arm-none-eabi/10.3.1/../../../../arm-none-eabi/lib/thumb/v7e-m/nofp/libg.a(lib_a-abort.o)
                0x00000000000161e0                abort
 .text.__errno  0x00000000000161f0        0xc /Applications/FEH_ARM/bin/../lib/gcc/arm-none-eabi/10.3.1/../../../../arm-none-eabi/lib/thumb/v7e-m/nofp/libg.a(lib_a-errno.o)
                0x00000000000161f0                __errno
 .text.__sfvwrite_r
                0x00000000000161fc      0x2e8 /Applications/FEH_ARM/bin/../lib/gcc/arm-none-eabi/10.3.1/../../../../arm-none-eabi/lib/thumb/v7e-m/nofp/libg.a(lib_a-fvwrite.o)
                0x00000000000161fc                __sfvwrite_r
 .text.__libc_init_array
                0x00000000000164e4       0x48 /Applications/FEH_ARM/bin/../lib/gcc/arm-none-eabi/10.3.1/../../../../arm-none-eabi/lib/thumb/v7e-m/nofp/libg.a(lib_a-init.o)
                0x00000000000164e4                __libc_init_array
 .text.__retarget_lock_init_recursive
                0x000000000001652c        0x4 /Applications/FEH_ARM/bin/../lib/gcc/arm-none-eabi/10.3.1/../../../../arm-none-eabi/lib/thumb/v7e-m/nofp/libg.a(lib_a-lock.o)
                0x000000000001652c                __retarget_lock_init_recursive
 .text.__retarget_lock_close_recursive
                0x0000000000016530        0x4 /Applications/FEH_ARM/bin/../lib/gcc/arm-none-eabi/10.3.1/../../../../arm-none-eabi/lib/thumb/v7e-m/nofp/libg.a(lib_a-lock.o)
                0x0000000000016530                __retarget_lock_close_recursive
 .text.__retarget_lock_acquire_recursive
                0x0000000000016534        0x4 /Applications/FEH_ARM/bin/../lib/gcc/arm-none-eabi/10.3.1/../../../../arm-none-eabi/lib/thumb/v7e-m/nofp/libg.a(lib_a-lock.o)
                0x0000000000016534                __retarget_lock_acquire_recursive
 .text.__retarget_lock_release_recursive
                0x0000000000016538        0x4 /Applications/FEH_ARM/bin/../lib/gcc/arm-none-eabi/10.3.1/../../../../arm-none-eabi/lib/thumb/v7e-m/nofp/libg.a(lib_a-lock.o)
                0x0000000000016538                __retarget_lock_release_recursive
 .text.malloc   0x000000000001653c       0x10 /Applications/FEH_ARM/bin/../lib/gcc/arm-none-eabi/10.3.1/../../../../arm-none-eabi/lib/thumb/v7e-m/nofp/libg.a(lib_a-malloc.o)
                0x000000000001653c                malloc
 .text._malloc_r
                0x000000000001654c      0x560 /Applications/FEH_ARM/bin/../lib/gcc/arm-none-eabi/10.3.1/../../../../arm-none-eabi/lib/thumb/v7e-m/nofp/libg.a(lib_a-mallocr.o)
                0x000000000001654c                _malloc_r
 *fill*         0x0000000000016aac        0x4 
 .text          0x0000000000016ab0       0xa0 /Applications/FEH_ARM/bin/../lib/gcc/arm-none-eabi/10.3.1/../../../../arm-none-eabi/lib/thumb/v7e-m/nofp/libg.a(lib_a-memchr.o)
                0x0000000000016ab0                memchr
 .text          0x0000000000016b50      0x134 /Applications/FEH_ARM/bin/../lib/gcc/arm-none-eabi/10.3.1/../../../../arm-none-eabi/lib/thumb/v7e-m/nofp/libg.a(lib_a-memcpy.o)
                0x0000000000016b50                memcpy
 .text.memmove  0x0000000000016c84       0xf8 /Applications/FEH_ARM/bin/../lib/gcc/arm-none-eabi/10.3.1/../../../../arm-none-eabi/lib/thumb/v7e-m/nofp/libg.a(lib_a-memmove.o)
                0x0000000000016c84                memmove
 .text.memset   0x0000000000016d7c       0xa4 /Applications/FEH_ARM/bin/../lib/gcc/arm-none-eabi/10.3.1/../../../../arm-none-eabi/lib/thumb/v7e-m/nofp/libg.a(lib_a-memset.o)
                0x0000000000016d7c                memset
 .text.__malloc_lock
                0x0000000000016e20        0xc /Applications/FEH_ARM/bin/../lib/gcc/arm-none-eabi/10.3.1/../../../../arm-none-eabi/lib/thumb/v7e-m/nofp/libg.a(lib_a-mlock.o)
                0x0000000000016e20                __malloc_lock
 .text.__malloc_unlock
                0x0000000000016e2c        0xc /Applications/FEH_ARM/bin/../lib/gcc/arm-none-eabi/10.3.1/../../../../arm-none-eabi/lib/thumb/v7e-m/nofp/libg.a(lib_a-mlock.o)
                0x0000000000016e2c                __malloc_unlock
 .text._realloc_r
                0x0000000000016e38      0x3d8 /Applications/FEH_ARM/bin/../lib/gcc/arm-none-eabi/10.3.1/../../../../arm-none-eabi/lib/thumb/v7e-m/nofp/libg.a(lib_a-reallocr.o)
                0x0000000000016e38                _realloc_r
 .text._sbrk_r  0x0000000000017210       0x24 /Applications/FEH_ARM/bin/../lib/gcc/arm-none-eabi/10.3.1/../../../../arm-none-eabi/lib/thumb/v7e-m/nofp/libg.a(lib_a-sbrkr.o)
                0x0000000000017210                _sbrk_r
 .text.raise    0x0000000000017234       0x5c /Applications/FEH_ARM/bin/../lib/gcc/arm-none-eabi/10.3.1/../../../../arm-none-eabi/lib/thumb/v7e-m/nofp/libg.a(lib_a-signal.o)
                0x0000000000017234                raise
 .text._kill_r  0x0000000000017290       0x2c /Applications/FEH_ARM/bin/../lib/gcc/arm-none-eabi/10.3.1/../../../../arm-none-eabi/lib/thumb/v7e-m/nofp/libg.a(lib_a-signalr.o)
                0x0000000000017290                _kill_r
 .text._getpid_r
                0x00000000000172bc        0x4 /Applications/FEH_ARM/bin/../lib/gcc/arm-none-eabi/10.3.1/../../../../arm-none-eabi/lib/thumb/v7e-m/nofp/libg.a(lib_a-signalr.o)
                0x00000000000172bc                _getpid_r
 .text.sprintf  0x00000000000172c0       0x40 /Applications/FEH_ARM/bin/../lib/gcc/arm-none-eabi/10.3.1/../../../../arm-none-eabi/lib/thumb/v7e-m/nofp/libg.a(lib_a-sprintf.o)
                0x00000000000172c0                sprintf
 .text.strcpy   0x0000000000017300       0xbc /Applications/FEH_ARM/bin/../lib/gcc/arm-none-eabi/10.3.1/../../../../arm-none-eabi/lib/thumb/v7e-m/nofp/libg.a(lib_a-strcpy.o)
                0x0000000000017300                strcpy
 *fill*         0x00000000000173bc        0x4 
 .text          0x00000000000173c0       0xdc /Applications/FEH_ARM/bin/../lib/gcc/arm-none-eabi/10.3.1/../../../../arm-none-eabi/lib/thumb/v7e-m/nofp/libg.a(lib_a-strlen.o)
                0x00000000000173c0                strlen
 .text._svfprintf_r
                0x000000000001749c     0x1a3c /Applications/FEH_ARM/bin/../lib/gcc/arm-none-eabi/10.3.1/../../../../arm-none-eabi/lib/thumb/v7e-m/nofp/libg.a(lib_a-svfprintf.o)
                0x000000000001749c                _svfprintf_r
 .text.__swbuf_r
                0x0000000000018ed8       0xb0 /Applications/FEH_ARM/bin/../lib/gcc/arm-none-eabi/10.3.1/../../../../arm-none-eabi/lib/thumb/v7e-m/nofp/libg.a(lib_a-wbuf.o)
                0x0000000000018ed8                __swbuf_r
 .text._write_r
                0x0000000000018f88       0x2c /Applications/FEH_ARM/bin/../lib/gcc/arm-none-eabi/10.3.1/../../../../arm-none-eabi/lib/thumb/v7e-m/nofp/libg.a(lib_a-writer.o)
                0x0000000000018f88                _write_r
 .text.__swsetup_r
                0x0000000000018fb4       0xd4 /Applications/FEH_ARM/bin/../lib/gcc/arm-none-eabi/10.3.1/../../../../arm-none-eabi/lib/thumb/v7e-m/nofp/libg.a(lib_a-wsetup.o)
                0x0000000000018fb4                __swsetup_r
 .text.startup.register_fini
                0x0000000000019088       0x14 /Applications/FEH_ARM/bin/../lib/gcc/arm-none-eabi/10.3.1/../../../../arm-none-eabi/lib/thumb/v7e-m/nofp/libg.a(lib_a-__call_atexit.o)
 .text.atexit   0x000000000001909c        0xc /Applications/FEH_ARM/bin/../lib/gcc/arm-none-eabi/10.3.1/../../../../arm-none-eabi/lib/thumb/v7e-m/nofp/libg.a(lib_a-atexit.o)
                0x000000000001909c                atexit
 .text.quorem   0x00000000000190a8      0x124 /Applications/FEH_ARM/bin/../lib/gcc/arm-none-eabi/10.3.1/../../../../arm-none-eabi/lib/thumb/v7e-m/nofp/libg.a(lib_a-dtoa.o)
 *fill*         0x00000000000191cc        0x4 
 .text._dtoa_r  0x00000000000191d0      0xec4 /Applications/FEH_ARM/bin/../lib/gcc/arm-none-eabi/10.3.1/../../../../arm-none-eabi/lib/thumb/v7e-m/nofp/libg.a(lib_a-dtoa.o)
                0x00000000000191d0                _dtoa_r
 .text.__sflush_r
                0x000000000001a094      0x120 /Applications/FEH_ARM/bin/../lib/gcc/arm-none-eabi/10.3.1/../../../../arm-none-eabi/lib/thumb/v7e-m/nofp/libg.a(lib_a-fflush.o)
                0x000000000001a094                __sflush_r
 .text._fflush_r
                0x000000000001a1b4       0x5c /Applications/FEH_ARM/bin/../lib/gcc/arm-none-eabi/10.3.1/../../../../arm-none-eabi/lib/thumb/v7e-m/nofp/libg.a(lib_a-fflush.o)
                0x000000000001a1b4                _fflush_r
 .text._cleanup_r
                0x000000000001a210        0xc /Applications/FEH_ARM/bin/../lib/gcc/arm-none-eabi/10.3.1/../../../../arm-none-eabi/lib/thumb/v7e-m/nofp/libg.a(lib_a-findfp.o)
                0x000000000001a210                _cleanup_r
 .text.__sinit  0x000000000001a21c      0x10c /Applications/FEH_ARM/bin/../lib/gcc/arm-none-eabi/10.3.1/../../../../arm-none-eabi/lib/thumb/v7e-m/nofp/libg.a(lib_a-findfp.o)
                0x000000000001a21c                __sinit
 .text.__sfp_lock_acquire
                0x000000000001a328        0xc /Applications/FEH_ARM/bin/../lib/gcc/arm-none-eabi/10.3.1/../../../../arm-none-eabi/lib/thumb/v7e-m/nofp/libg.a(lib_a-findfp.o)
                0x000000000001a328                __sfp_lock_acquire
 .text.__sfp_lock_release
                0x000000000001a334        0xc /Applications/FEH_ARM/bin/../lib/gcc/arm-none-eabi/10.3.1/../../../../arm-none-eabi/lib/thumb/v7e-m/nofp/libg.a(lib_a-findfp.o)
                0x000000000001a334                __sfp_lock_release
 .text.__libc_fini_array
                0x000000000001a340       0x2c /Applications/FEH_ARM/bin/../lib/gcc/arm-none-eabi/10.3.1/../../../../arm-none-eabi/lib/thumb/v7e-m/nofp/libg.a(lib_a-fini.o)
                0x000000000001a340                __libc_fini_array
 .text._malloc_trim_r
                0x000000000001a36c       0xa0 /Applications/FEH_ARM/bin/../lib/gcc/arm-none-eabi/10.3.1/../../../../arm-none-eabi/lib/thumb/v7e-m/nofp/libg.a(lib_a-freer.o)
                0x000000000001a36c                _malloc_trim_r
 .text._free_r  0x000000000001a40c      0x20c /Applications/FEH_ARM/bin/../lib/gcc/arm-none-eabi/10.3.1/../../../../arm-none-eabi/lib/thumb/v7e-m/nofp/libg.a(lib_a-freer.o)
                0x000000000001a40c                _free_r
 .text._fwalk_reent
                0x000000000001a618       0x48 /Applications/FEH_ARM/bin/../lib/gcc/arm-none-eabi/10.3.1/../../../../arm-none-eabi/lib/thumb/v7e-m/nofp/libg.a(lib_a-fwalk.o)
                0x000000000001a618                _fwalk_reent
 .text._localeconv_r
                0x000000000001a660        0x8 /Applications/FEH_ARM/bin/../lib/gcc/arm-none-eabi/10.3.1/../../../../arm-none-eabi/lib/thumb/v7e-m/nofp/libg.a(lib_a-localeconv.o)
                0x000000000001a660                _localeconv_r
 .text.__smakebuf_r
                0x000000000001a668       0xe0 /Applications/FEH_ARM/bin/../lib/gcc/arm-none-eabi/10.3.1/../../../../arm-none-eabi/lib/thumb/v7e-m/nofp/libg.a(lib_a-makebuf.o)
                0x000000000001a668                __smakebuf_r
 .text._Balloc  0x000000000001a748       0x4c /Applications/FEH_ARM/bin/../lib/gcc/arm-none-eabi/10.3.1/../../../../arm-none-eabi/lib/thumb/v7e-m/nofp/libg.a(lib_a-mprec.o)
                0x000000000001a748                _Balloc
 .text._Bfree   0x000000000001a794       0x14 /Applications/FEH_ARM/bin/../lib/gcc/arm-none-eabi/10.3.1/../../../../arm-none-eabi/lib/thumb/v7e-m/nofp/libg.a(lib_a-mprec.o)
                0x000000000001a794                _Bfree
 .text.__multadd
                0x000000000001a7a8       0xa0 /Applications/FEH_ARM/bin/../lib/gcc/arm-none-eabi/10.3.1/../../../../arm-none-eabi/lib/thumb/v7e-m/nofp/libg.a(lib_a-mprec.o)
                0x000000000001a7a8                __multadd
 .text.__hi0bits
                0x000000000001a848       0x40 /Applications/FEH_ARM/bin/../lib/gcc/arm-none-eabi/10.3.1/../../../../arm-none-eabi/lib/thumb/v7e-m/nofp/libg.a(lib_a-mprec.o)
                0x000000000001a848                __hi0bits
 .text.__lo0bits
                0x000000000001a888       0x5c /Applications/FEH_ARM/bin/../lib/gcc/arm-none-eabi/10.3.1/../../../../arm-none-eabi/lib/thumb/v7e-m/nofp/libg.a(lib_a-mprec.o)
                0x000000000001a888                __lo0bits
 .text.__i2b    0x000000000001a8e4       0x5c /Applications/FEH_ARM/bin/../lib/gcc/arm-none-eabi/10.3.1/../../../../arm-none-eabi/lib/thumb/v7e-m/nofp/libg.a(lib_a-mprec.o)
                0x000000000001a8e4                __i2b
 .text.__multiply
                0x000000000001a940      0x15c /Applications/FEH_ARM/bin/../lib/gcc/arm-none-eabi/10.3.1/../../../../arm-none-eabi/lib/thumb/v7e-m/nofp/libg.a(lib_a-mprec.o)
                0x000000000001a940                __multiply
 .text.__pow5mult
                0x000000000001aa9c       0xc0 /Applications/FEH_ARM/bin/../lib/gcc/arm-none-eabi/10.3.1/../../../../arm-none-eabi/lib/thumb/v7e-m/nofp/libg.a(lib_a-mprec.o)
                0x000000000001aa9c                __pow5mult
 .text.__lshift
                0x000000000001ab5c       0xf0 /Applications/FEH_ARM/bin/../lib/gcc/arm-none-eabi/10.3.1/../../../../arm-none-eabi/lib/thumb/v7e-m/nofp/libg.a(lib_a-mprec.o)
                0x000000000001ab5c                __lshift
 .text.__mcmp   0x000000000001ac4c       0x40 /Applications/FEH_ARM/bin/../lib/gcc/arm-none-eabi/10.3.1/../../../../arm-none-eabi/lib/thumb/v7e-m/nofp/libg.a(lib_a-mprec.o)
                0x000000000001ac4c                __mcmp
 .text.__mdiff  0x000000000001ac8c      0x14c /Applications/FEH_ARM/bin/../lib/gcc/arm-none-eabi/10.3.1/../../../../arm-none-eabi/lib/thumb/v7e-m/nofp/libg.a(lib_a-mprec.o)
                0x000000000001ac8c                __mdiff
 .text.__d2b    0x000000000001add8       0xc4 /Applications/FEH_ARM/bin/../lib/gcc/arm-none-eabi/10.3.1/../../../../arm-none-eabi/lib/thumb/v7e-m/nofp/libg.a(lib_a-mprec.o)
                0x000000000001add8                __d2b
 .text.frexp    0x000000000001ae9c       0x70 /Applications/FEH_ARM/bin/../lib/gcc/arm-none-eabi/10.3.1/../../../../arm-none-eabi/lib/thumb/v7e-m/nofp/libg.a(lib_a-s_frexp.o)
                0x000000000001ae9c                frexp
 .text.__sread  0x000000000001af0c       0x24 /Applications/FEH_ARM/bin/../lib/gcc/arm-none-eabi/10.3.1/../../../../arm-none-eabi/lib/thumb/v7e-m/nofp/libg.a(lib_a-stdio.o)
                0x000000000001af0c                __sread
 .text.__swrite
                0x000000000001af30       0x40 /Applications/FEH_ARM/bin/../lib/gcc/arm-none-eabi/10.3.1/../../../../arm-none-eabi/lib/thumb/v7e-m/nofp/libg.a(lib_a-stdio.o)
                0x000000000001af30                __swrite
 .text.__sseek  0x000000000001af70       0x20 /Applications/FEH_ARM/bin/../lib/gcc/arm-none-eabi/10.3.1/../../../../arm-none-eabi/lib/thumb/v7e-m/nofp/libg.a(lib_a-stdio.o)
                0x000000000001af70                __sseek
 .text.__sclose
                0x000000000001af90        0x8 /Applications/FEH_ARM/bin/../lib/gcc/arm-none-eabi/10.3.1/../../../../arm-none-eabi/lib/thumb/v7e-m/nofp/libg.a(lib_a-stdio.o)
                0x000000000001af90                __sclose
 .text.strncpy  0x000000000001af98       0x64 /Applications/FEH_ARM/bin/../lib/gcc/arm-none-eabi/10.3.1/../../../../arm-none-eabi/lib/thumb/v7e-m/nofp/libg.a(lib_a-strncpy.o)
                0x000000000001af98                strncpy
 .text.__ssprint_r
                0x000000000001affc       0xf8 /Applications/FEH_ARM/bin/../lib/gcc/arm-none-eabi/10.3.1/../../../../arm-none-eabi/lib/thumb/v7e-m/nofp/libg.a(lib_a-svfiprintf.o)
                0x000000000001affc                __ssprint_r
 .text.__register_exitproc
                0x000000000001b0f4       0x8c /Applications/FEH_ARM/bin/../lib/gcc/arm-none-eabi/10.3.1/../../../../arm-none-eabi/lib/thumb/v7e-m/nofp/libg.a(lib_a-__atexit.o)
                0x000000000001b0f4                __register_exitproc
 .text.__assert_func
                0x000000000001b180       0x40 /Applications/FEH_ARM/bin/../lib/gcc/arm-none-eabi/10.3.1/../../../../arm-none-eabi/lib/thumb/v7e-m/nofp/libg.a(lib_a-assert.o)
                0x000000000001b180                __assert_func
 .text._calloc_r
                0x000000000001b1c0       0x78 /Applications/FEH_ARM/bin/../lib/gcc/arm-none-eabi/10.3.1/../../../../arm-none-eabi/lib/thumb/v7e-m/nofp/libg.a(lib_a-callocr.o)
                0x000000000001b1c0                _calloc_r
 .text._close_r
                0x000000000001b238       0x24 /Applications/FEH_ARM/bin/../lib/gcc/arm-none-eabi/10.3.1/../../../../arm-none-eabi/lib/thumb/v7e-m/nofp/libg.a(lib_a-closer.o)
                0x000000000001b238                _close_r
 .text._fclose_r
                0x000000000001b25c       0xcc /Applications/FEH_ARM/bin/../lib/gcc/arm-none-eabi/10.3.1/../../../../arm-none-eabi/lib/thumb/v7e-m/nofp/libg.a(lib_a-fclose.o)
                0x000000000001b25c                _fclose_r
 .text.fiprintf
                0x000000000001b328       0x28 /Applications/FEH_ARM/bin/../lib/gcc/arm-none-eabi/10.3.1/../../../../arm-none-eabi/lib/thumb/v7e-m/nofp/libg.a(lib_a-fiprintf.o)
                0x000000000001b328                fiprintf
 .text._fstat_r
                0x000000000001b350       0x2c /Applications/FEH_ARM/bin/../lib/gcc/arm-none-eabi/10.3.1/../../../../arm-none-eabi/lib/thumb/v7e-m/nofp/libg.a(lib_a-fstatr.o)
                0x000000000001b350                _fstat_r
 .text._isatty_r
                0x000000000001b37c       0x24 /Applications/FEH_ARM/bin/../lib/gcc/arm-none-eabi/10.3.1/../../../../arm-none-eabi/lib/thumb/v7e-m/nofp/libg.a(lib_a-isattyr.o)
                0x000000000001b37c                _isatty_r
 .text.__locale_mb_cur_max
                0x000000000001b3a0        0xc /Applications/FEH_ARM/bin/../lib/gcc/arm-none-eabi/10.3.1/../../../../arm-none-eabi/lib/thumb/v7e-m/nofp/libg.a(lib_a-locale.o)
                0x000000000001b3a0                __locale_mb_cur_max
 .text._lseek_r
                0x000000000001b3ac       0x2c /Applications/FEH_ARM/bin/../lib/gcc/arm-none-eabi/10.3.1/../../../../arm-none-eabi/lib/thumb/v7e-m/nofp/libg.a(lib_a-lseekr.o)
                0x000000000001b3ac                _lseek_r
 .text.__ascii_mbtowc
                0x000000000001b3d8       0x2c /Applications/FEH_ARM/bin/../lib/gcc/arm-none-eabi/10.3.1/../../../../arm-none-eabi/lib/thumb/v7e-m/nofp/libg.a(lib_a-mbtowc_r.o)
                0x000000000001b3d8                __ascii_mbtowc
 .text._read_r  0x000000000001b404       0x2c /Applications/FEH_ARM/bin/../lib/gcc/arm-none-eabi/10.3.1/../../../../arm-none-eabi/lib/thumb/v7e-m/nofp/libg.a(lib_a-readr.o)
                0x000000000001b404                _read_r
 .text.__sprint_r.part.0
                0x000000000001b430       0x78 /Applications/FEH_ARM/bin/../lib/gcc/arm-none-eabi/10.3.1/../../../../arm-none-eabi/lib/thumb/v7e-m/nofp/libg.a(lib_a-vfiprintf.o)
 .text._vfiprintf_r
                0x000000000001b4a8      0xda0 /Applications/FEH_ARM/bin/../lib/gcc/arm-none-eabi/10.3.1/../../../../arm-none-eabi/lib/thumb/v7e-m/nofp/libg.a(lib_a-vfiprintf.o)
                0x000000000001b4a8                _vfiprintf_r
 .text.__sbprintf
                0x000000000001c248       0x80 /Applications/FEH_ARM/bin/../lib/gcc/arm-none-eabi/10.3.1/../../../../arm-none-eabi/lib/thumb/v7e-m/nofp/libg.a(lib_a-vfiprintf.o)
 .text.__ascii_wctomb
                0x000000000001c2c8       0x1c /Applications/FEH_ARM/bin/../lib/gcc/arm-none-eabi/10.3.1/../../../../arm-none-eabi/lib/thumb/v7e-m/nofp/libg.a(lib_a-wctomb_r.o)
                0x000000000001c2c8                __ascii_wctomb
 .text.__fputwc
                0x000000000001c2e4       0xa8 /Applications/FEH_ARM/bin/../lib/gcc/arm-none-eabi/10.3.1/../../../../arm-none-eabi/lib/thumb/v7e-m/nofp/libg.a(lib_a-fputwc.o)
                0x000000000001c2e4                __fputwc
 .text._fputwc_r
                0x000000000001c38c       0x68 /Applications/FEH_ARM/bin/../lib/gcc/arm-none-eabi/10.3.1/../../../../arm-none-eabi/lib/thumb/v7e-m/nofp/libg.a(lib_a-fputwc.o)
                0x000000000001c38c                _fputwc_r
 .text._wcrtomb_r
                0x000000000001c3f4       0x3c /Applications/FEH_ARM/bin/../lib/gcc/arm-none-eabi/10.3.1/../../../../arm-none-eabi/lib/thumb/v7e-m/nofp/libg.a(lib_a-wcrtomb.o)
                0x000000000001c3f4                _wcrtomb_r
 .text          0x000000000001c430       0x30 /Applications/FEH_ARM/bin/../lib/gcc/arm-none-eabi/10.3.1/thumb/v7e-m/nofp/libgcc.a(_aeabi_uldivmod.o)
                0x000000000001c430                __aeabi_uldivmod
 .text          0x000000000001c460      0x2d0 /Applications/FEH_ARM/bin/../lib/gcc/arm-none-eabi/10.3.1/thumb/v7e-m/nofp/libgcc.a(_udivmoddi4.o)
                0x000000000001c460                __udivmoddi4
 .text          0x000000000001c730        0x4 /Applications/FEH_ARM/bin/../lib/gcc/arm-none-eabi/10.3.1/thumb/v7e-m/nofp/libgcc.a(_dvmd_tls.o)
                0x000000000001c730                __aeabi_ldiv0
                0x000000000001c730                __aeabi_idiv0
 .text._close   0x000000000001c734       0x10 /Applications/FEH_ARM/bin/../lib/gcc/arm-none-eabi/10.3.1/../../../../arm-none-eabi/lib/thumb/v7e-m/nofp/libnosys.a(close.o)
                0x000000000001c734                _close
 .text._fstat   0x000000000001c744       0x10 /Applications/FEH_ARM/bin/../lib/gcc/arm-none-eabi/10.3.1/../../../../arm-none-eabi/lib/thumb/v7e-m/nofp/libnosys.a(fstat.o)
                0x000000000001c744                _fstat
 .text._getpid  0x000000000001c754       0x10 /Applications/FEH_ARM/bin/../lib/gcc/arm-none-eabi/10.3.1/../../../../arm-none-eabi/lib/thumb/v7e-m/nofp/libnosys.a(getpid.o)
                0x000000000001c754                _getpid
 .text._isatty  0x000000000001c764       0x10 /Applications/FEH_ARM/bin/../lib/gcc/arm-none-eabi/10.3.1/../../../../arm-none-eabi/lib/thumb/v7e-m/nofp/libnosys.a(isatty.o)
                0x000000000001c764                _isatty
 .text._kill    0x000000000001c774       0x10 /Applications/FEH_ARM/bin/../lib/gcc/arm-none-eabi/10.3.1/../../../../arm-none-eabi/lib/thumb/v7e-m/nofp/libnosys.a(kill.o)
                0x000000000001c774                _kill
 .text._lseek   0x000000000001c784       0x10 /Applications/FEH_ARM/bin/../lib/gcc/arm-none-eabi/10.3.1/../../../../arm-none-eabi/lib/thumb/v7e-m/nofp/libnosys.a(lseek.o)
                0x000000000001c784                _lseek
 .text._read    0x000000000001c794       0x10 /Applications/FEH_ARM/bin/../lib/gcc/arm-none-eabi/10.3.1/../../../../arm-none-eabi/lib/thumb/v7e-m/nofp/libnosys.a(read.o)
                0x000000000001c794                _read
 .text._sbrk    0x000000000001c7a4       0x1c /Applications/FEH_ARM/bin/../lib/gcc/arm-none-eabi/10.3.1/../../../../arm-none-eabi/lib/thumb/v7e-m/nofp/libnosys.a(sbrk.o)
                0x000000000001c7a4                _sbrk
 .text._write   0x000000000001c7c0       0x10 /Applications/FEH_ARM/bin/../lib/gcc/arm-none-eabi/10.3.1/../../../../arm-none-eabi/lib/thumb/v7e-m/nofp/libnosys.a(write.o)
                0x000000000001c7c0                _write
 .text._exit    0x000000000001c7d0        0x4 /Applications/FEH_ARM/bin/../lib/gcc/arm-none-eabi/10.3.1/../../../../arm-none-eabi/lib/thumb/v7e-m/nofp/libnosys.a(_exit.o)
                0x000000000001c7d0                _exit
 *(.rodata .rodata.* .constdata .constdata.*)
 .rodata        0x000000000001c7d4       0x7c ../main.o
 .rodata.K60_SDHC0_init
                0x000000000001c850        0xc Drivers/SDHC.o
                0x000000000001c850                K60_SDHC0_init
 .rodata._ZL21ESDHC_COMMAND_XFERTYP
                0x000000000001c85c      0x100 Drivers/SDHC.o
 .rodata._ZL9GPIOPorts
                0x000000000001c95c       0x20 Libraries/FEHIO.o
 .rodata._ZL10ADCNumbers
                0x000000000001c97c       0x21 Libraries/FEHIO.o
 *fill*         0x000000000001c99d        0x3 
 .rodata._ZL14GPIOPinNumbers
                0x000000000001c9a0       0x80 Libraries/FEHIO.o
 .rodata._ZL16AnalogPinNumbers
                0x000000000001ca20       0x84 Libraries/FEHIO.o
 .rodata        0x000000000001caa4       0x78 Libraries/FEHIO.o
 .rodata        0x000000000001cb1c       0x32 Libraries/FEHLCD.o
 *fill*         0x000000000001cb4e        0x2 
 .rodata        0x000000000001cb50      0x33c Libraries/FEHRPS.o
 *fill*         0x000000000001ce8c        0x4 
 .rodata.atanhi
                0x000000000001ce90       0x20 /Applications/FEH_ARM/bin/../lib/gcc/arm-none-eabi/10.3.1/../../../../arm-none-eabi/lib/thumb/v7e-m/nofp/libm.a(lib_a-s_atan.o)
 .rodata.atanlo
                0x000000000001ceb0       0x20 /Applications/FEH_ARM/bin/../lib/gcc/arm-none-eabi/10.3.1/../../../../arm-none-eabi/lib/thumb/v7e-m/nofp/libm.a(lib_a-s_atan.o)
 .rodata._global_impure_ptr
                0x000000000001ced0        0x4 /Applications/FEH_ARM/bin/../lib/gcc/arm-none-eabi/10.3.1/../../../../arm-none-eabi/lib/thumb/v7e-m/nofp/libg.a(lib_a-impure.o)
                0x000000000001ced0                _global_impure_ptr
 .rodata._svfprintf_r.str1.4
                0x000000000001ced4       0x42 /Applications/FEH_ARM/bin/../lib/gcc/arm-none-eabi/10.3.1/../../../../arm-none-eabi/lib/thumb/v7e-m/nofp/libg.a(lib_a-svfprintf.o)
 *fill*         0x000000000001cf16        0x2 
 .rodata.blanks.1
                0x000000000001cf18       0x10 /Applications/FEH_ARM/bin/../lib/gcc/arm-none-eabi/10.3.1/../../../../arm-none-eabi/lib/thumb/v7e-m/nofp/libg.a(lib_a-svfprintf.o)
 .rodata.zeroes.0
                0x000000000001cf28       0x10 /Applications/FEH_ARM/bin/../lib/gcc/arm-none-eabi/10.3.1/../../../../arm-none-eabi/lib/thumb/v7e-m/nofp/libg.a(lib_a-svfprintf.o)
 .rodata._dtoa_r.str1.4