Archive member included to satisfy reference by file (symbol)

/Applications/FEH_ARM/bin/../lib/gcc/arm-none-eabi/10.3.1/../../../../arm-none-eabi/lib/thumb/v7e-m/nofp/libstdc++.a(del_ops.o)
                              Libraries/FEHIO.o (operator delete(void*, unsigned int))
/Applications/FEH_ARM/bin/../lib/gcc/arm-none-eabi/10.3.1/../../../../arm-none-eabi/lib/thumb/v7e-m/nofp/libstdc++.a(new_op.o)
                              Libraries/FEHIO.o (operator new(unsigned int))
/Applications/FEH_ARM/bin/../lib/gcc/arm-none-eabi/10.3.1/../../../../arm-none-eabi/lib/thumb/v7e-m/nofp/libstdc++.a(bad_alloc.o)
                              /Applications/FEH_ARM/bin/../lib/gcc/arm-none-eabi/10.3.1/../../../../arm-none-eabi/lib/thumb/v7e-m/nofp/libstdc++.a(new_op.o) (std::bad_alloc::~bad_alloc())
/Applications/FEH_ARM/bin/../lib/gcc/arm-none-eabi/10.3.1/../../../../arm-none-eabi/lib/thumb/v7e-m/nofp/libstdc++.a(del_op.o)
                              /Applications/FEH_ARM/bin/../lib/gcc/arm-none-eabi/10.3.1/../../../../arm-none-eabi/lib/thumb/v7e-m/nofp/libstdc++.a(del_ops.o) (operator delete(void*))
/Applications/FEH_ARM/bin/../lib/gcc/arm-none-eabi/10.3.1/../../../../arm-none-eabi/lib/thumb/v7e-m/nofp/libstdc++.a(eh_alloc.o)
                              /Applications/FEH_ARM/bin/../lib/gcc/arm-none-eabi/10.3.1/../../../../arm-none-eabi/lib/thumb/v7e-m/nofp/libstdc++.a(new_op.o) (__cxa_allocate_exception)
/Applications/FEH_ARM/bin/../lib/gcc/arm-none-eabi/10.3.1/../../../../arm-none-eabi/lib/thumb/v7e-m/nofp/libstdc++.a(eh_exception.o)
                              /Applications/FEH_ARM/bin/../lib/gcc/arm-none-eabi/10.3.1/../../../../arm-none-eabi/lib/thumb/v7e-m/nofp/libstdc++.a(bad_alloc.o) (std::exception::~exception())
/Applications/FEH_ARM/bin/../lib/gcc/arm-none-eabi/10.3.1/../../../../arm-none-eabi/lib/thumb/v7e-m/nofp/libstdc++.a(eh_terminate.o)
                              /Applications/FEH_ARM/bin/../lib/gcc/arm-none-eabi/10.3.1/../../../../arm-none-eabi/lib/thumb/v7e-m/nofp/libstdc++.a(eh_alloc.o) (std::terminate())
/Applications/FEH_ARM/bin/../lib/gcc/arm-none-eabi/10.3.1/../../../../arm-none-eabi/lib/thumb/v7e-m/nofp/libstdc++.a(eh_throw.o)
                              /Applications/FEH_ARM/bin/../lib/gcc/arm-none-eabi/10.3.1/../../../../arm-none-eabi/lib/thumb/v7e-m/nofp/libstdc++.a(new_op.o) (__cxa_throw)
/Applications/FEH_ARM/bin/../lib/gcc/arm-none-eabi/10.3.1/../../../../arm-none-eabi/lib/thumb/v7e-m/nofp/libstdc++.a(eh_unex_handler.o)
                              /Applications/FEH_ARM/bin/../lib/gcc/arm-none-eabi/10.3.1/../../../../arm-none-eabi/lib/thumb/v7e-m/nofp/libstdc++.a(eh_terminate.o) (__cxxabiv1::__unexpected_handler)
/Applications/FEH_ARM/bin/../lib/gcc/arm-none-eabi/10.3.1/../../../../arm-none-eabi/lib/thumb/v7e-m/nofp/libstdc++.a(new_handler.o)
                              /Applications/FEH_ARM/bin/../lib/gcc/arm-none-eabi/10.3.1/../../../../arm-none-eabi/lib/thumb/v7e-m/nofp/libstdc++.a(new_op.o) (std::get_new_handler())
/Applications/FEH_ARM/bin/../lib/gcc/arm-none-eabi/10.3.1/../../../../arm-none-eabi/lib/thumb/v7e-m/nofp/libstdc++.a(pure.o)
                              /Applications/FEH_ARM/bin/../lib/gcc/arm-none-eabi/10.3.1/../../../../arm-none-eabi/lib/thumb/v7e-m/nofp/libstdc++.a(eh_exception.o) (__cxa_pure_virtual)
/Applications/FEH_ARM/bin/../lib/gcc/arm-none-eabi/10.3.1/../../../../arm-none-eabi/lib/thumb/v7e-m/nofp/libstdc++.a(si_class_type_info.o)
                              /Applications/FEH_ARM/bin/../lib/gcc/arm-none-eabi/10.3.1/../../../../arm-none-eabi/lib/thumb/v7e-m/nofp/libstdc++.a(bad_alloc.o) (vtable for __cxxabiv1::__si_class_type_info)
/Applications/FEH_ARM/bin/../lib/gcc/arm-none-eabi/10.3.1/../../../../arm-none-eabi/lib/thumb/v7e-m/nofp/libstdc++.a(tinfo.o)
                              /Applications/FEH_ARM/bin/../lib/gcc/arm-none-eabi/10.3.1/../../../../arm-none-eabi/lib/thumb/v7e-m/nofp/libstdc++.a(si_class_type_info.o) (std::type_info::__is_pointer_p() const)
/Applications/FEH_ARM/bin/../lib/gcc/arm-none-eabi/10.3.1/../../../../arm-none-eabi/lib/thumb/v7e-m/nofp/libstdc++.a(vterminate.o)
                              /Applications/FEH_ARM/bin/../lib/gcc/arm-none-eabi/10.3.1/../../../../arm-none-eabi/lib/thumb/v7e-m/nofp/libstdc++.a(eh_terminate.o) (__gnu_cxx::__verbose_terminate_handler())
/Applications/FEH_ARM/bin/../lib/gcc/arm-none-eabi/10.3.1/../../../../arm-none-eabi/lib/thumb/v7e-m/nofp/libstdc++.a(class_type_info.o)
                              /Applications/FEH_ARM/bin/../lib/gcc/arm-none-eabi/10.3.1/../../../../arm-none-eabi/lib/thumb/v7e-m/nofp/libstdc++.a(si_class_type_info.o) (__cxxabiv1::__class_type_info::__do_upcast(__cxxabiv1::__class_type_info const*, void**) const)
/Applications/FEH_ARM/bin/../lib/gcc/arm-none-eabi/10.3.1/../../../../arm-none-eabi/lib/thumb/v7e-m/nofp/libstdc++.a(cp-demangle.o)
[...]
Memory Configuration

Name             Origin             Length             Attributes
PROGRAM_FLASH    0x000000000000c000 0x0000000000073c00 xr
SRAM_UPPER       0x0000000020000000 0x0000000000010000 xrw
SRAM_LOWER       0x000000001fff0000 0x0000000000010000 xrw
*default*        0x0000000000000000 0xffffffffffffffff

Linker script and memory map

LOAD /Applications/FEH_ARM/bin/../lib/gcc/arm-none-eabi/10.3.1/thumb/v7e-m/nofp/crti.o
LOAD /Applications/FEH_ARM/bin/../lib/gcc/arm-none-eabi/10.3.1/thumb/v7e-m/nofp/crtbegin.o
LOAD /Applications/FEH_ARM/bin/../lib/gcc/arm-none-eabi/10.3.1/../../../../arm-none-eabi/lib/thumb/v7e-m/nofp/crt0.o
LOAD ../main.o
LOAD Startup/startup_mk60d10.o
LOAD Libraries/FEHMotor.o
LOAD Drivers/mcg.o
LOAD Drivers/i2c.o
LOAD Drivers/spi.o
LOAD Drivers/uart.o
LOAD Drivers/ff.o
LOAD Drivers/SDHC.o
LOAD Drivers/lptmr.o
LOAD FEHProteus.o
LOAD Drivers/FEHPropeller.o
LOAD Libraries/FEHUtility.o
LOAD Libraries/FEHIO.o
LOAD Drivers/adc16.o
LOAD Libraries/FEHBuzzer.o
LOAD Libraries/FEHServo.o
LOAD Libraries/FEHLCD.o
LOAD Libraries/FEHAccel.o
LOAD Libraries/FEHBattery.o
LOAD Drivers/FEHXBee.o
LOAD Libraries/FEHRPS.o
LOAD Libraries/FEHSD.o
LOAD Libraries/FEHRandom.o
LOAD /Applications/FEH_ARM/bin/../lib/gcc/arm-none-eabi/10.3.1/../../../../arm-none-eabi/lib/thumb/v7e-m/nofp/libstdc++.a
LOAD /Applications/FEH_ARM/bin/../lib/gcc/arm-none-eabi/10.3.1/../../../../arm-none-eabi/lib/thumb/v7e-m/nofp/libm.a
START GROUP
LOAD /Applications/FEH_ARM/bin/../lib/gcc/arm-none-eabi/10.3.1/thumb/v7e-m/nofp/libgcc.a
LOAD /Applications/FEH_ARM/bin/../lib/gcc/arm-none-eabi/10.3.1/../../../../arm-none-eabi/lib/thumb/v7e-m/nofp/libg.a
LOAD /Applications/FEH_ARM/bin/../lib/gcc/arm-none-eabi/10.3.1/../../../../arm-none-eabi/lib/thumb/v7e-m/nofp/libc.a
END GROUP
START GROUP
LOAD /Applications/FEH_ARM/bin/../lib/gcc/arm-none-eabi/10.3.1/thumb/v7e-m/nofp/libgcc.a
LOAD /Applications/FEH_ARM/bin/../lib/gcc/arm-none-eabi/10.3.1/../../../../arm-none-eabi/lib/thumb/v7e-m/nofp/libc.a
LOAD /Applications/FEH_ARM/bin/../lib/gcc/arm-none-eabi/10.3.1/../../../../arm-none-eabi/lib/thumb/v7e-m/nofp/libnosys.a
END GROUP
LOAD /Applications/FEH_ARM/bin/../lib/gcc/arm-none-eabi/10.3.1/thumb/v7e-m/nofp/crtend.o
LOAD /Applications/FEH_ARM/bin/../lib/gcc/arm-none-eabi/10.3.1/thumb/v7e-m/nofp/crtn.o
                0x000000000000c000                __base_PROGRAM_FLASH = 0xc000
                0x000000000000c000                __base_Flash = 0xc000
                0x000000000007fc00                __top_PROGRAM_FLASH = 0x7fc00
                0x000000000007fc00                __top_Flash = 0x7fc00
                0x0000000020000000                __base_SRAM_UPPER = 0x20000000
                0x0000000020000000                __base_RAM = 0x20000000
                0x0000000020010000                __top_SRAM_UPPER = 0x20010000
                0x0000000020010000                __top_RAM = 0x20010000
                0x000000001fff0000                __base_SRAM_LOWER = 0x1fff0000
                0x000000001fff0000                __base_RAM2 = 0x1fff0000
                0x0000000020000000                __top_SRAM_LOWER = 0x20000000
                0x0000000020000000                __top_RAM2 = 0x20000000

.text           0x000000000000c000      0x410
 FILL mask 0xff
                0x000000000000c000                __vectors_start__ = ABSOLUTE (.)
 *(.isr_vector)
 .isr_vector    0x000000000000c000      0x1bc Startup/startup_mk60d10.o
                0x000000000000c000                __Vectors
                0x000000000000c000                g_pfnVectors
                0x000000000000c1bc                . = ALIGN (0x4)
                0x000000000000c1bc                __section_table_start = .
                0x000000000000c1bc                __data_section_table = .
                0x000000000000c1bc        0x4 LONG 0x1c74c LOADADDR (.data)
                0x000000000000c1c0        0x4 LONG 0x20000000 ADDR (.data)
                0x000000000000c1c4        0x4 LONG 0x16d0 SIZEOF (.data)
                0x000000000000c1c8        0x4 LONG 0x1c74c LOADADDR (.data_RAM2)
                0x000000000000c1cc        0x4 LONG 0x1fff0000 ADDR (.data_RAM2)
                0x000000000000c1d0        0x4 LONG 0x0 SIZEOF (.data_RAM2)
                0x000000000000c1d4                __data_section_table_end = .
                0x000000000000c1d4                __bss_section_table = .
                0x000000000000c1d4        0x4 LONG 0x200016d0 ADDR (.bss)
                0x000000000000c1d8        0x4 LONG 0x494 SIZEOF (.bss)
                0x000000000000c1dc        0x4 LONG 0x1fff0000 ADDR (.bss_RAM2)
                0x000000000000c1e0        0x4 LONG 0x0 SIZEOF (.bss_RAM2)
                0x000000000000c1e4                __bss_section_table_end = .
                0x000000000000c1e4                __section_table_end = .
 *(.after_vectors*)
 .after_vectors.init_data
                0x000000000000c1e4       0x42 Startup/startup_mk60d10.o
                0x000000000000c1e4                data_init(unsigned int, unsigned int, unsigned int)
 .after_vectors.init_bss
                0x000000000000c226       0x36 Startup/startup_mk60d10.o
                0x000000000000c226                bss_init(unsigned int, unsigned int)
 .after_vectors.reset
                0x000000000000c25c       0xb4 Startup/startup_mk60d10.o
                0x000000000000c25c                ResetISR
 .after_vectors
                0x000000000000c310       0x3c Startup/startup_mk60d10.o
                0x000000000000c310                NMI_Handler
                0x000000000000c316                HardFault_Handler
                0x000000000000c31c                MemManage_Handler
                0x000000000000c322                BusFault_Handler
                0x000000000000c328                UsageFault_Handler
                0x000000000000c32e                SVC_Handler
                0x000000000000c334                DebugMon_Handler
                0x000000000000c33a                PendSV_Handler
                0x000000000000c340                SysTick_Handler
                0x000000000000c346                PIT2_DriverIRQHandler
                0x000000000000c346                SDHC_DriverIRQHandler
                0x000000000000c346                I2S0_Tx_DriverIRQHandler
                0x000000000000c346                TSI0_DriverIRQHandler
                0x000000000000c346                RTC_Seconds_DriverIRQHandler
                0x000000000000c346                Reserved109_DriverIRQHandler
                0x000000000000c346                DMA6_DriverIRQHandler
                0x000000000000c346                LLWU_DriverIRQHandler
                0x000000000000c346                MCM_DriverIRQHandler
                0x000000000000c346                MCG_DriverIRQHandler
                0x000000000000c346                ENET_1588_Timer_DriverIRQHandler
                0x000000000000c346                DAC1_DriverIRQHandler
                0x000000000000c346                CMP1_DriverIRQHandler
                0x000000000000c346                UART5_RX_TX_DriverIRQHandler
                0x000000000000c346                FTM0_DriverIRQHandler
                0x000000000000c346                IntDefaultHandler
                0x000000000000c346                USB0_DriverIRQHandler
                0x000000000000c346                UART5_ERR_DriverIRQHandler
                0x000000000000c346                DMA11_DriverIRQHandler
                0x000000000000c346                DAC0_DriverIRQHandler
                0x000000000000c346                DMA10_DriverIRQHandler
                0x000000000000c346                CMP2_DriverIRQHandler
                0x000000000000c346                UART2_ERR_DriverIRQHandler
                0x000000000000c346                SPI2_DriverIRQHandler
                0x000000000000c346                LVD_LVW_DriverIRQHandler
                0x000000000000c346                RNG_DriverIRQHandler
                0x000000000000c346                DMA5_DriverIRQHandler
                0x000000000000c346                DMA4_DriverIRQHandler
                0x000000000000c346                UART2_RX_TX_DriverIRQHandler
                0x000000000000c346                USBDCD_DriverIRQHandler
                0x000000000000c346                UART3_ERR_DriverIRQHandler
                0x000000000000c346                DMA3_DriverIRQHandler
                0x000000000000c346                DMA8_DriverIRQHandler
                0x000000000000c346                DMA9_DriverIRQHandler
                0x000000000000c346                UART0_ERR_DriverIRQHandler
                0x000000000000c346                CMT_DriverIRQHandler
                0x000000000000c346                ADC1_DriverIRQHandler
                0x000000000000c346                DMA14_DriverIRQHandler
                0x000000000000c346                PIT3_DriverIRQHandler
                0x000000000000c346                PIT1_DriverIRQHandler
                0x000000000000c346                WDOG_EWM_DriverIRQHandler
                0x000000000000c346                PDB0_DriverIRQHandler
                0x000000000000c346                Reserved95_DriverIRQHandler
                0x000000000000c346                RTC_DriverIRQHandler
                0x000000000000c346                I2S0_Rx_DriverIRQHandler
                0x000000000000c346                Read_Collision_DriverIRQHandler
                0x000000000000c346                SWI_DriverIRQHandler
                0x000000000000c346                UART4_RX_TX_DriverIRQHandler
                0x000000000000c346                UART4_ERR_DriverIRQHandler
                0x000000000000c346                UART0_LON_DriverIRQHandler
                0x000000000000c346                DMA1_DriverIRQHandler
                0x000000000000c346                I2C1_DriverIRQHandler
                0x000000000000c346                UART3_RX_TX_DriverIRQHandler
                0x000000000000c346                ENET_Receive_DriverIRQHandler
                0x000000000000c346                DMA13_DriverIRQHandler
                0x000000000000c346                ENET_Error_DriverIRQHandler
                0x000000000000c346                DMA15_DriverIRQHandler
                0x000000000000c346                SPI0_DriverIRQHandler
                0x000000000000c346                ADC0_DriverIRQHandler
                0x000000000000c346                FTFL_DriverIRQHandler
                0x000000000000c346                CMP0_DriverIRQHandler
                0x000000000000c346                CAN0_DriverIRQHandler
                0x000000000000c346                Reserved59_DriverIRQHandler
                0x000000000000c346                UART1_ERR_DriverIRQHandler
                0x000000000000c346                DMA2_DriverIRQHandler
                0x000000000000c346                ENET_Transmit_DriverIRQHandler
                0x000000000000c346                I2C0_DriverIRQHandler
                0x000000000000c346                CAN1_DriverIRQHandler
                0x000000000000c346                DMA7_DriverIRQHandler
                0x000000000000c346                UART1_RX_TX_DriverIRQHandler
                0x000000000000c346                Reserved108_DriverIRQHandler
                0x000000000000c346                Reserved102_DriverIRQHandler
                0x000000000000c346                DMA0_DriverIRQHandler
                0x000000000000c346                DMA12_DriverIRQHandler
                0x000000000000c346                SPI1_DriverIRQHandler
                0x000000000000c346                LPTMR0_DriverIRQHandler
                0x000000000000c346                DMA_Error_DriverIRQHandler
                0x000000000000c346                FTM1_DriverIRQHandler
                0x000000000000c346                FTM2_DriverIRQHandler
                0x0000000000000400                . = 0x400
 *fill*         0x000000000000c34c       0xb4 ff
                0x000000000000c400                PROVIDE (__FLASH_CONFIG_START__ = .)
 *(.FlashConfig)
 .FlashConfig   0x000000000000c400       0x10 Startup/startup_mk60d10.o
                0x000000000000c410                PROVIDE (__FLASH_CONFIG_END__ = .)
                0x0000000000000001                ASSERT (! ((__FLASH_CONFIG_START__ == __FLASH_CONFIG_END__)), Linker Flash Config Support Enabled, but no .FlashConfig section provided within application)

.eh_frame       0x000000000000c410        0x0
 .eh_frame      0x000000000000c410        0x0 /Applications/FEH_ARM/bin/../lib/gcc/arm-none-eabi/10.3.1/thumb/v7e-m/nofp/crtbegin.o

.glue_7         0x000000000000c410        0x0
 .glue_7        0x000000000000c410        0x0 linker stubs

.glue_7t        0x000000000000c410        0x0
 .glue_7t       0x000000000000c410        0x0 linker stubs

.vfp11_veneer   0x000000000000c410        0x0
 .vfp11_veneer  0x000000000000c410        0x0 linker stubs

.v4_bx          0x000000000000c410        0x0
 .v4_bx         0x000000000000c410        0x0 linker stubs

.iplt           0x000000000000c410        0x0
 .iplt          0x000000000000c410        0x0 /Applications/FEH_ARM/bin/../lib/gcc/arm-none-eabi/10.3.1/thumb/v7e-m/nofp/crtbegin.o

.text           0x000000000000c440    0x10304
 *(.text*)
 .text          0x000000000000c440       0x40 /Applications/FEH_ARM/bin/../lib/gcc/arm-none-eabi/10.3.1/thumb/v7e-m/nofp/crtbegin.o
 .text.main     0x000000000000c480       0x74 ../main.o
                0x000000000000c480                main
 *fill*         0x000000000000c4f4        0x4 
 .text._Z13passportStampi
                0x000000000000c4f8       0xfc ../main.o
                0x000000000000c4f8                passportStamp(int)
 *fill*         0x000000000000c5f4        0x4 
 .text._Z11luggageDropi
                0x000000000000c5f8       0xf4 ../main.o
                0x000000000000c5f8                luggageDrop(int)
 *fill*         0x000000000000c6ec        0x4 
 .text._Z17checkBoardingPassi
                0x000000000000c6f0      0x198 ../main.o
                0x000000000000c6f0                checkBoardingPass(int)
 .text._Z18moveUpdateMaxLightid
                0x000000000000c888      0x250 ../main.o
                0x000000000000c888                moveUpdateMaxLight(int, double)
 .text._Z17pressBoardingPassi
                0x000000000000cad8      0x188 ../main.o
                0x000000000000cad8                pressBoardingPass(int)
 .text._Z11goDownLRampi
                0x000000000000cc60       0x78 ../main.o
                0x000000000000cc60                goDownLRamp(int)
 .text._Z10fuelLeversi
                0x000000000000ccd8      0x178 ../main.o
                0x000000000000ccd8                fuelLevers(int)
 .text._Z11finalButtoni
                0x000000000000ce50       0xe0 ../main.o
                0x000000000000ce50                finalButton(int)
 .text._Z7moveArmid
                0x000000000000cf30       0x38 ../main.o
                0x000000000000cf30                moveArm(int, double)
 .text._Z22startToRampTopRWithRPSi
                0x000000000000cf68       0xe0 ../main.o
                0x000000000000cf68                startToRampTopRWithRPS(int)
 .text._Z11moveForwardid
                0x000000000000d048      0x1c0 ../main.o
                0x000000000000d048                moveForward(int, double)
 .text._Z11moveForwardi
                0x000000000000d208       0x38 ../main.o
                0x000000000000d208                moveForward(int)
 .text._Z12moveBackwardid
                0x000000000000d240      0x1d0 ../main.o
                0x000000000000d240                moveBackward(int, double)
 .text._Z12moveBackwardi
                0x000000000000d410       0x40 ../main.o
                0x000000000000d410                moveBackward(int)
 .text._Z11stopDrivingv
                0x000000000000d450       0x1c ../main.o
                0x000000000000d450                stopDriving()
 *fill*         0x000000000000d46c        0x4 
 .text._Z13moveUntilBumpiii
                0x000000000000d470      0x2c4 ../main.o
                0x000000000000d470                moveUntilBump(int, int, int)
 *fill*         0x000000000000d734        0x4 
 .text._Z10rotateLeftid
                0x000000000000d738      0x194 ../main.o
                0x000000000000d738                rotateLeft(int, double)
 *fill*         0x000000000000d8cc        0x4 
 .text._Z13rotateLeftRPSidi
                0x000000000000d8d0      0x258 ../main.o
                0x000000000000d8d0                rotateLeftRPS(int, double, int)
 .text._Z11rotateRightid
                0x000000000000db28      0x1a4 ../main.o
                0x000000000000db28                rotateRight(int, double)
 .text._Z41__static_initialization_and_destruction_0ii
                0x000000000000dccc       0xa8 ../main.o
 .text._GLOBAL__sub_I_right_encoder
                0x000000000000dd74       0x10 ../main.o
 .text.PORTD_IRQHandler
                0x000000000000dd84       0x50 Startup/startup_mk60d10.o
                0x000000000000dd84                PORTD_IRQHandler
 .text._Z15InitPowerButtonv
                0x000000000000ddd4       0x60 Startup/startup_mk60d10.o
                0x000000000000ddd4                InitPowerButton()
 .text._ZL11pll_init_blv
                0x000000000000de34       0xe0 Startup/startup_mk60d10.o
 .text._Z14InitFEHProteusv
                0x000000000000df14       0xec Startup/startup_mk60d10.o
                0x000000000000df14                InitFEHProteus()
 .text.DMA0_IRQHandler
                0x000000000000e000        0xc Startup/startup_mk60d10.o
                0x000000000000e000                DMA0_IRQHandler
 .text.DMA1_IRQHandler
                0x000000000000e00c        0xc Startup/startup_mk60d10.o
                0x000000000000e00c                DMA1_IRQHandler
 .text.DMA2_IRQHandler
                0x000000000000e018        0xc Startup/startup_mk60d10.o
                0x000000000000e018                DMA2_IRQHandler
 .text.DMA3_IRQHandler
                0x000000000000e024        0xc Startup/startup_mk60d10.o
                0x000000000000e024                DMA3_IRQHandler
 .text.DMA4_IRQHandler
                0x000000000000e030        0xc Startup/startup_mk60d10.o
                0x000000000000e030                DMA4_IRQHandler
 .text.DMA5_IRQHandler
                0x000000000000e03c        0xc Startup/startup_mk60d10.o
                0x000000000000e03c                DMA5_IRQHandler
 .text.DMA6_IRQHandler
                0x000000000000e048        0xc Startup/startup_mk60d10.o
                0x000000000000e048                DMA6_IRQHandler
 .text.DMA7_IRQHandler
                0x000000000000e054        0xc Startup/startup_mk60d10.o
                0x000000000000e054                DMA7_IRQHandler
 .text.DMA8_IRQHandler
                0x000000000000e060        0xc Startup/startup_mk60d10.o
                0x000000000000e060                DMA8_IRQHandler
 .text.DMA9_IRQHandler
                0x000000000000e06c        0xc Startup/startup_mk60d10.o
                0x000000000000e06c                DMA9_IRQHandler
 .text.DMA10_IRQHandler
                0x000000000000e078        0xc Startup/startup_mk60d10.o
                0x000000000000e078                DMA10_IRQHandler
 .text.DMA11_IRQHandler
                0x000000000000e084        0xc Startup/startup_mk60d10.o
                0x000000000000e084                DMA11_IRQHandler
 .text.DMA12_IRQHandler
                0x000000000000e090        0xc Startup/startup_mk60d10.o
                0x000000000000e090                DMA12_IRQHandler
 .text.DMA13_IRQHandler
                0x000000000000e09c        0xc Startup/startup_mk60d10.o
                0x000000000000e09c                DMA13_IRQHandler
 .text.DMA14_IRQHandler
                0x000000000000e0a8        0xc Startup/startup_mk60d10.o
                0x000000000000e0a8                DMA14_IRQHandler
 .text.DMA15_IRQHandler
                0x000000000000e0b4        0xc Startup/startup_mk60d10.o
                0x000000000000e0b4                DMA15_IRQHandler
 .text.DMA_Error_IRQHandler
                0x000000000000e0c0        0xc Startup/startup_mk60d10.o
                0x000000000000e0c0                DMA_Error_IRQHandler
 .text.MCM_IRQHandler
                0x000000000000e0cc        0xc Startup/startup_mk60d10.o
                0x000000000000e0cc                MCM_IRQHandler
 .text.FTFL_IRQHandler
                0x000000000000e0d8        0xc Startup/startup_mk60d10.o
                0x000000000000e0d8                FTFL_IRQHandler
 .text.Read_Collision_IRQHandler
                0x000000000000e0e4        0xc Startup/startup_mk60d10.o
                0x000000000000e0e4                Read_Collision_IRQHandler
 .text.LVD_LVW_IRQHandler
                0x000000000000e0f0        0xc Startup/startup_mk60d10.o
                0x000000000000e0f0                LVD_LVW_IRQHandler
 .text.LLWU_IRQHandler
                0x000000000000e0fc        0xc Startup/startup_mk60d10.o
                0x000000000000e0fc                LLWU_IRQHandler
 .text.WDOG_EWM_IRQHandler
                0x000000000000e108        0xc Startup/startup_mk60d10.o
                0x000000000000e108                WDOG_EWM_IRQHandler
 .text.RNG_IRQHandler
                0x000000000000e114        0xc Startup/startup_mk60d10.o
                0x000000000000e114                RNG_IRQHandler
 .text.I2C0_IRQHandler
                0x000000000000e120        0xc Startup/startup_mk60d10.o
                0x000000000000e120                I2C0_IRQHandler
 .text.I2C1_IRQHandler
                0x000000000000e12c        0xc Startup/startup_mk60d10.o
                0x000000000000e12c                I2C1_IRQHandler
 .text.SPI0_IRQHandler
                0x000000000000e138        0xc Startup/startup_mk60d10.o
                0x000000000000e138                SPI0_IRQHandler
 .text.SPI1_IRQHandler
                0x000000000000e144        0xc Startup/startup_mk60d10.o
                0x000000000000e144                SPI1_IRQHandler
 .text.SPI2_IRQHandler
                0x000000000000e150        0xc Startup/startup_mk60d10.o
                0x000000000000e150                SPI2_IRQHandler
 .text.CAN0_ORed_Message_buffer_IRQHandler
                0x000000000000e15c        0xc Startup/startup_mk60d10.o
                0x000000000000e15c                CAN0_ORed_Message_buffer_IRQHandler
 .text.CAN0_Bus_Off_IRQHandler
                0x000000000000e168        0xc Startup/startup_mk60d10.o
                0x000000000000e168                CAN0_Bus_Off_IRQHandler
 .text.CAN0_Error_IRQHandler
                0x000000000000e174        0xc Startup/startup_mk60d10.o
                0x000000000000e174                CAN0_Error_IRQHandler
 .text.CAN0_Tx_Warning_IRQHandler
                0x000000000000e180        0xc Startup/startup_mk60d10.o
                0x000000000000e180                CAN0_Tx_Warning_IRQHandler
 .text.CAN0_Rx_Warning_IRQHandler
                0x000000000000e18c        0xc Startup/startup_mk60d10.o
                0x000000000000e18c                CAN0_Rx_Warning_IRQHandler
 .text.CAN0_Wake_Up_IRQHandler
                0x000000000000e198        0xc Startup/startup_mk60d10.o
                0x000000000000e198                CAN0_Wake_Up_IRQHandler
 .text.I2S0_Tx_IRQHandler
                0x000000000000e1a4        0xc Startup/startup_mk60d10.o
                0x000000000000e1a4                I2S0_Tx_IRQHandler
 .text.I2S0_Rx_IRQHandler
                0x000000000000e1b0        0xc Startup/startup_mk60d10.o
                0x000000000000e1b0                I2S0_Rx_IRQHandler
 .text.CAN1_ORed_Message_buffer_IRQHandler
                0x000000000000e1bc        0xc Startup/startup_mk60d10.o
                0x000000000000e1bc                CAN1_ORed_Message_buffer_IRQHandler
 .text.CAN1_Bus_Off_IRQHandler
                0x000000000000e1c8        0xc Startup/startup_mk60d10.o
                0x000000000000e1c8                CAN1_Bus_Off_IRQHandler
 .text.CAN1_Error_IRQHandler
                0x000000000000e1d4        0xc Startup/startup_mk60d10.o
                0x000000000000e1d4                CAN1_Error_IRQHandler
 .text.CAN1_Tx_Warning_IRQHandler
                0x000000000000e1e0        0xc Startup/startup_mk60d10.o
                0x000000000000e1e0                CAN1_Tx_Warning_IRQHandler
 .text.CAN1_Rx_Warning_IRQHandler
                0x000000000000e1ec        0xc Startup/startup_mk60d10.o
                0x000000000000e1ec                CAN1_Rx_Warning_IRQHandler
 .text.CAN1_Wake_Up_IRQHandler
                0x000000000000e1f8        0xc Startup/startup_mk60d10.o
                0x000000000000e1f8                CAN1_Wake_Up_IRQHandler
 .text.Reserved59_IRQHandler
                0x000000000000e204        0xc Startup/startup_mk60d10.o
                0x000000000000e204                Reserved59_IRQHandler
 .text.UART0_LON_IRQHandler
                0x000000000000e210        0xc Startup/startup_mk60d10.o
                0x000000000000e210                UART0_LON_IRQHandler
 .text.UART0_ERR_IRQHandler
                0x000000000000e21c        0xc Startup/startup_mk60d10.o
                0x000000000000e21c                UART0_ERR_IRQHandler
 .text.UART1_RX_TX_IRQHandler
                0x000000000000e228        0xc Startup/startup_mk60d10.o
                0x000000000000e228                UART1_RX_TX_IRQHandler
 .text.UART1_ERR_IRQHandler
                0x000000000000e234        0xc Startup/startup_mk60d10.o
                0x000000000000e234                UART1_ERR_IRQHandler
 .text.UART2_RX_TX_IRQHandler
                0x000000000000e240        0xc Startup/startup_mk60d10.o
                0x000000000000e240                UART2_RX_TX_IRQHandler
 .text.UART2_ERR_IRQHandler
                0x000000000000e24c        0xc Startup/startup_mk60d10.o
                0x000000000000e24c                UART2_ERR_IRQHandler
 .text.UART3_RX_TX_IRQHandler
                0x000000000000e258        0xc Startup/startup_mk60d10.o
                0x000000000000e258                UART3_RX_TX_IRQHandler
 .text.UART3_ERR_IRQHandler
                0x000000000000e264        0xc Startup/startup_mk60d10.o
                0x000000000000e264                UART3_ERR_IRQHandler
 .text.UART4_RX_TX_IRQHandler
                0x000000000000e270        0xc Startup/startup_mk60d10.o
                0x000000000000e270                UART4_RX_TX_IRQHandler
 .text.UART4_ERR_IRQHandler
                0x000000000000e27c        0xc Startup/startup_mk60d10.o
                0x000000000000e27c                UART4_ERR_IRQHandler
 .text.UART5_RX_TX_IRQHandler
                0x000000000000e288        0xc Startup/startup_mk60d10.o
                0x000000000000e288                UART5_RX_TX_IRQHandler
 .text.UART5_ERR_IRQHandler
                0x000000000000e294        0xc Startup/startup_mk60d10.o
                0x000000000000e294                UART5_ERR_IRQHandler
 .text.ADC0_IRQHandler
                0x000000000000e2a0        0xc Startup/startup_mk60d10.o
                0x000000000000e2a0                ADC0_IRQHandler
 .text.ADC1_IRQHandler
                0x000000000000e2ac        0xc Startup/startup_mk60d10.o
                0x000000000000e2ac                ADC1_IRQHandler
 .text.CMP0_IRQHandler
                0x000000000000e2b8        0xc Startup/startup_mk60d10.o
                0x000000000000e2b8                CMP0_IRQHandler
 .text.CMP1_IRQHandler
                0x000000000000e2c4        0xc Startup/startup_mk60d10.o
                0x000000000000e2c4                CMP1_IRQHandler
 .text.CMP2_IRQHandler
                0x000000000000e2d0        0xc Startup/startup_mk60d10.o
                0x000000000000e2d0                CMP2_IRQHandler
 .text.FTM0_IRQHandler
                0x000000000000e2dc        0xc Startup/startup_mk60d10.o
                0x000000000000e2dc                FTM0_IRQHandler
 .text.FTM1_IRQHandler
                0x000000000000e2e8        0xc Startup/startup_mk60d10.o
                0x000000000000e2e8                FTM1_IRQHandler
 .text.FTM2_IRQHandler
                0x000000000000e2f4        0xc Startup/startup_mk60d10.o
                0x000000000000e2f4                FTM2_IRQHandler
 .text.CMT_IRQHandler
                0x000000000000e300        0xc Startup/startup_mk60d10.o
                0x000000000000e300                CMT_IRQHandler
 .text.RTC_IRQHandler
                0x000000000000e30c        0xc Startup/startup_mk60d10.o
                0x000000000000e30c                RTC_IRQHandler
 .text.RTC_Seconds_IRQHandler
                0x000000000000e318        0xc Startup/startup_mk60d10.o
                0x000000000000e318                RTC_Seconds_IRQHandler
 .text.PIT1_IRQHandler
                0x000000000000e324        0xc Startup/startup_mk60d10.o
                0x000000000000e324                PIT1_IRQHandler
 .text.PIT2_IRQHandler
                0x000000000000e330        0xc Startup/startup_mk60d10.o
                0x000000000000e330                PIT2_IRQHandler
 .text.PIT3_IRQHandler
                0x000000000000e33c        0xc Startup/startup_mk60d10.o
                0x000000000000e33c                PIT3_IRQHandler
 .text.PDB0_IRQHandler
                0x000000000000e348        0xc Startup/startup_mk60d10.o
                0x000000000000e348                PDB0_IRQHandler
 .text.USB0_IRQHandler
                0x000000000000e354        0xc Startup/startup_mk60d10.o
                0x000000000000e354                USB0_IRQHandler
 .text.USBDCD_IRQHandler
                0x000000000000e360        0xc Startup/startup_mk60d10.o
                0x000000000000e360                USBDCD_IRQHandler
 .text.ENET_1588_Timer_IRQHandler
                0x000000000000e36c        0xc Startup/startup_mk60d10.o
                0x000000000000e36c                ENET_1588_Timer_IRQHandler
 .text.ENET_Transmit_IRQHandler
                0x000000000000e378        0xc Startup/startup_mk60d10.o
                0x000000000000e378                ENET_Transmit_IRQHandler
 .text.ENET_Receive_IRQHandler
                0x000000000000e384        0xc Startup/startup_mk60d10.o
                0x000000000000e384                ENET_Receive_IRQHandler
 .text.ENET_Error_IRQHandler
                0x000000000000e390        0xc Startup/startup_mk60d10.o
                0x000000000000e390                ENET_Error_IRQHandler
 .text.Reserved95_IRQHandler
                0x000000000000e39c        0xc Startup/startup_mk60d10.o
                0x000000000000e39c                Reserved95_IRQHandler
 .text.SDHC_IRQHandler
                0x000000000000e3a8        0xc Startup/startup_mk60d10.o
                0x000000000000e3a8                SDHC_IRQHandler
 .text.DAC0_IRQHandler
                0x000000000000e3b4        0xc Startup/startup_mk60d10.o
                0x000000000000e3b4                DAC0_IRQHandler
 .text.DAC1_IRQHandler
                0x000000000000e3c0        0xc Startup/startup_mk60d10.o
                0x000000000000e3c0                DAC1_IRQHandler
 .text.TSI0_IRQHandler
                0x000000000000e3cc        0xc Startup/startup_mk60d10.o
                0x000000000000e3cc                TSI0_IRQHandler
 .text.MCG_IRQHandler
                0x000000000000e3d8        0xc Startup/startup_mk60d10.o
                0x000000000000e3d8                MCG_IRQHandler
 .text.LPTMR0_IRQHandler
                0x000000000000e3e4        0xc Startup/startup_mk60d10.o
                0x000000000000e3e4                LPTMR0_IRQHandler
 .text.Reserved102_IRQHandler
                0x000000000000e3f0        0xc Startup/startup_mk60d10.o
                0x000000000000e3f0                Reserved102_IRQHandler
 .text.Reserved108_IRQHandler
                0x000000000000e3fc        0xc Startup/startup_mk60d10.o
                0x000000000000e3fc                Reserved108_IRQHandler
 .text.Reserved109_IRQHandler
                0x000000000000e408        0xc Startup/startup_mk60d10.o
                0x000000000000e408                Reserved109_IRQHandler
 .text.SWI_IRQHandler
                0x000000000000e414        0xc Startup/startup_mk60d10.o
                0x000000000000e414                SWI_IRQHandler
 .text._ZN8FEHMotorC2ENS_12FEHMotorPortEf
                0x000000000000e420       0x7c Libraries/FEHMotor.o
                0x000000000000e420                FEHMotor::FEHMotor(FEHMotor::FEHMotorPort, float)
                0x000000000000e420                FEHMotor::FEHMotor(FEHMotor::FEHMotorPort, float)
 .text._ZN8FEHMotor4StopEv
                0x000000000000e49c       0x30 Libraries/FEHMotor.o
                0x000000000000e49c                FEHMotor::Stop()
 .text._ZN8FEHMotor8SetPowerEi
                0x000000000000e4cc       0x54 Libraries/FEHMotor.o
                0x000000000000e4cc                FEHMotor::SetPower(int)
 .text._ZN8FEHMotor10SetPercentEf
                0x000000000000e520       0xf8 Libraries/FEHMotor.o
                0x000000000000e520                FEHMotor::SetPercent(float)
 .text._Z21IIC_StartTransmissionhh
                0x000000000000e618       0x6c Drivers/i2c.o
                0x000000000000e618                IIC_StartTransmission(unsigned char, unsigned char)
 .text._Z5Pausev
                0x000000000000e684       0x24 Drivers/i2c.o
                0x000000000000e684                Pause()
 .text._Z21MMA8451QWriteRegisterhh
                0x000000000000e6a8       0x68 Drivers/i2c.o
                0x000000000000e6a8                MMA8451QWriteRegister(unsigned char, unsigned char)
 .text._Z8i2c_Waitv
                0x000000000000e710       0x6c Drivers/i2c.o
                0x000000000000e710                i2c_Wait()
 .text._Z12SPI_SendCharh
                0x000000000000e77c       0x1a Drivers/spi.o
                0x000000000000e77c                SPI_SendChar(unsigned char)
 .text._Z16SPI_WriteCommandhh
                0x000000000000e796       0x34 Drivers/spi.o
                0x000000000000e796                SPI_WriteCommand(unsigned char, unsigned char)
 .text._Z11SPI_GetCharv
                0x000000000000e7ca       0x10 Drivers/spi.o
                0x000000000000e7ca                SPI_GetChar()
 .text._Z15SPI_ReadCommandh
                0x000000000000e7da       0x38 Drivers/spi.o
                0x000000000000e7da                SPI_ReadCommand(unsigned char)
 *fill*         0x000000000000e812        0x2 
 .text._Z13SPI_CS_Assertv
                0x000000000000e814       0x1c Drivers/spi.o
                0x000000000000e814                SPI_CS_Assert()
 .text._Z15SPI_CS_Deassertv
                0x000000000000e830       0x1c Drivers/spi.o
                0x000000000000e830                SPI_CS_Deassert()
 .text._Z12SPI_Transferh
                0x000000000000e84c       0x6c Drivers/spi.o
                0x000000000000e84c                SPI_Transfer(unsigned char)
 .text._Z8SPI_Initv
                0x000000000000e8b8       0xa0 Drivers/spi.o
                0x000000000000e8b8                SPI_Init()
 .text._Z9uart_initPV11UART_MemMapii
                0x000000000000e958      0x174 Drivers/uart.o
                0x000000000000e958                uart_init(UART_MemMap volatile*, int, int)
 .text._Z12uart_getcharPV11UART_MemMap
                0x000000000000eacc       0x32 Drivers/uart.o
                0x000000000000eacc                uart_getchar(UART_MemMap volatile*)
 .text._Z12uart_putcharPV11UART_MemMapc
                0x000000000000eafe       0x32 Drivers/uart.o
                0x000000000000eafe                uart_putchar(UART_MemMap volatile*, char)
 .text._ZL7mem_setPvij
                0x000000000000eb30       0x3c Drivers/ff.o
 .text._ZL11move_windowP5FATFSm
                0x000000000000eb6c       0xc8 Drivers/ff.o
 .text._ZL4syncP5FATFS
                0x000000000000ec34      0x14c Drivers/ff.o
 .text._ZL8validateP5FATFSt
                0x000000000000ed80       0x54 Drivers/ff.o
 .text._Z6f_syncP3FIL
                0x000000000000edd4      0x186 Drivers/ff.o
                0x000000000000edd4                f_sync(FIL*)
 .text._Z7f_closeP3FIL
                0x000000000000ef5a       0x28 Drivers/ff.o
                0x000000000000ef5a                f_close(FIL*)
 *fill*         0x000000000000ef82        0x2 
 .text._ZL17SDHC_set_baudratemm
                0x000000000000ef84       0xe8 Drivers/SDHC.o
 .text._Z9SDHC_initP17esdhc_info_structPK17esdhc_init_struct
                0x000000000000f06c      0x130 Drivers/SDHC.o
                0x000000000000f06c                SDHC_init(esdhc_info_struct*, esdhc_init_struct const*)
 .text._ZL15SDHC_is_runningv
                0x000000000000f19c       0x24 Drivers/SDHC.o
 .text._ZL16SDHC_status_waitm
                0x000000000000f1c0       0x2c Drivers/SDHC.o
 .text._ZL17SDHC_send_commandP20esdhc_command_struct
                0x000000000000f1ec      0x1f8 Drivers/SDHC.o
 .text._Z10SDHC_ioctlmPv
                0x000000000000f3e4      0x6f0 Drivers/SDHC.o
                0x000000000000f3e4                SDHC_ioctl(unsigned long, void*)
 .text._ZL14rcvr_datablockPhm
                0x000000000000fad4       0xf0 Drivers/SDHC.o
 .text._Z9disk_readhPhmh
                0x000000000000fbc4      0x124 Drivers/SDHC.o
                0x000000000000fbc4                disk_read(unsigned char, unsigned char*, unsigned long, unsigned char)
 .text._ZL14xmit_datablockPKhm
                0x000000000000fce8       0xa4 Drivers/SDHC.o
 .text._Z10disk_writehPKhmh
                0x000000000000fd8c      0x198 Drivers/SDHC.o
                0x000000000000fd8c                disk_write(unsigned char, unsigned char const*, unsigned long, unsigned char)
 .text._Z10disk_ioctlhhPv
                0x000000000000ff24      0x104 Drivers/SDHC.o
                0x000000000000ff24                disk_ioctl(unsigned char, unsigned char, void*)
 .text._Z11disk_statush
                0x0000000000010028       0x28 Drivers/SDHC.o
                0x0000000000010028                disk_status(unsigned char)
 .text._Z13time_delay_msm
                0x0000000000010050       0x6c Drivers/lptmr.o
                0x0000000000010050                time_delay_ms(unsigned long)
 .text._Z41__static_initialization_and_destruction_0ii
                0x00000000000100bc       0x2c FEHProteus.o
 .text._GLOBAL__sub_I_Propeller
                0x00000000000100e8       0x10 FEHProteus.o
 .text._ZN12FEHPropellerC2Ev
                0x00000000000100f8       0x1a Drivers/FEHPropeller.o
                0x00000000000100f8                FEHPropeller::FEHPropeller()
                0x00000000000100f8                FEHPropeller::FEHPropeller()
 *fill*         0x0000000000010112        0x2 
 .text._ZN12FEHPropeller10InitializeEv
                0x0000000000010114       0x74 Drivers/FEHPropeller.o
                0x0000000000010114                FEHPropeller::Initialize()
 .text._ZN12FEHPropeller12SetMotorRateEhhh
                0x0000000000010188       0x5c Drivers/FEHPropeller.o
                0x0000000000010188                FEHPropeller::SetMotorRate(unsigned char, unsigned char, unsigned char)
 .text._ZL5Delaymjj
                0x00000000000101e4       0x94 Libraries/FEHUtility.o
 .text._Z5Sleepi
                0x0000000000010278       0x2c Libraries/FEHUtility.o
                0x0000000000010278                Sleep(int)
 .text._Z5Sleepd
                0x00000000000102a4       0x4c Libraries/FEHUtility.o
                0x00000000000102a4                Sleep(double)
 .text._Z7TimeNowv
                0x00000000000102f0       0x5c Libraries/FEHUtility.o
                0x00000000000102f0                TimeNow()
 .text._Z11TimeNowMSecv
                0x000000000001034c       0x38 Libraries/FEHUtility.o
                0x000000000001034c                TimeNowMSec()
 .text._ZN15DigitalInputPinC2EN5FEHIO8FEHIOPinE
                0x0000000000010384       0x20 Libraries/FEHIO.o
                0x0000000000010384                DigitalInputPin::DigitalInputPin(FEHIO::FEHIOPin)
                0x0000000000010384                DigitalInputPin::DigitalInputPin(FEHIO::FEHIOPin)
 .text._ZN15DigitalInputPin10InitializeEN5FEHIO8FEHIOPinE
                0x00000000000103a4      0x198 Libraries/FEHIO.o
                0x00000000000103a4                DigitalInputPin::Initialize(FEHIO::FEHIOPin)
 .text._ZN15DigitalInputPin5ValueEv
                0x000000000001053c      0x108 Libraries/FEHIO.o
                0x000000000001053c                DigitalInputPin::Value()
 .text._ZN14DigitalEncoderC2EN5FEHIO8FEHIOPinE
                0x0000000000010644       0x26 Libraries/FEHIO.o
                0x0000000000010644                DigitalEncoder::DigitalEncoder(FEHIO::FEHIOPin)
                0x0000000000010644                DigitalEncoder::DigitalEncoder(FEHIO::FEHIOPin)
 *fill*         0x000000000001066a        0x2 
 .text._Z10enable_irqi
                0x000000000001066c      0x11c Libraries/FEHIO.o
                0x000000000001066c                enable_irq(int)
 .text._ZN14DigitalEncoder10InitializeEN5FEHIO8FEHIOPinENS0_21FEHIOInterruptTriggerE
                0x0000000000010788      0x1a8 Libraries/FEHIO.o
                0x0000000000010788                DigitalEncoder::Initialize(FEHIO::FEHIOPin, FEHIO::FEHIOInterruptTrigger)
 .text._Z16PORTB_IRQHandlerv
                0x0000000000010930       0x9c Libraries/FEHIO.o
                0x0000000000010930                PORTB_IRQHandler()
 .text._Z16PORTC_IRQHandlerv
                0x00000000000109cc       0x9c Libraries/FEHIO.o
                0x00000000000109cc                PORTC_IRQHandler()
 .text._Z16PORTA_IRQHandlerv
                0x0000000000010a68       0xa0 Libraries/FEHIO.o
                0x0000000000010a68                PORTA_IRQHandler()
 .text._Z16PORTE_IRQHandlerv
                0x0000000000010b08       0x98 Libraries/FEHIO.o
                0x0000000000010b08                PORTE_IRQHandler()
 .text._ZN14DigitalEncoder6CountsEv
                0x0000000000010ba0       0x24 Libraries/FEHIO.o
                0x0000000000010ba0                DigitalEncoder::Counts()
 .text._ZN14DigitalEncoder11ResetCountsEv
                0x0000000000010bc4       0x24 Libraries/FEHIO.o
                0x0000000000010bc4                DigitalEncoder::ResetCounts()
 .text._ZN14AnalogInputPinC2EN5FEHIO8FEHIOPinE
                0x0000000000010be8       0x1e Libraries/FEHIO.o
                0x0000000000010be8                AnalogInputPin::AnalogInputPin(FEHIO::FEHIOPin)
                0x0000000000010be8                AnalogInputPin::AnalogInputPin(FEHIO::FEHIOPin)
 *fill*         0x0000000000010c06        0x2 
 .text._ZN14AnalogInputPin5ValueEv
                0x0000000000010c08      0x120 Libraries/FEHIO.o
                0x0000000000010c08                AnalogInputPin::Value()
 .text._ZN13AnalogEncoder12EncoderValueEv
                0x0000000000010d28       0xb0 Libraries/FEHIO.o
                0x0000000000010d28                AnalogEncoder::EncoderValue()
 .text._ZN14AnalogInputPin8InitADCsEv
                0x0000000000010dd8       0x98 Libraries/FEHIO.o
                0x0000000000010dd8                AnalogInputPin::InitADCs()
 .text._Z15PIT0_IRQHandlerv
                0x0000000000010e70       0x28 Libraries/FEHIO.o
                0x0000000000010e70                PIT0_IRQHandler()
 .text._ZN13AnalogEncoder4InitEv
                0x0000000000010e98       0x44 Libraries/FEHIO.o
                0x0000000000010e98                AnalogEncoder::Init()
 .text._ZN13AnalogEncoder14SetCounterInitEj
                0x0000000000010edc       0x20 Libraries/FEHIO.o
                0x0000000000010edc                AnalogEncoder::SetCounterInit(unsigned int)
 .text._ZN13AnalogEncoder10ProcessIntEv
                0x0000000000010efc       0x68 Libraries/FEHIO.o
                0x0000000000010efc                AnalogEncoder::ProcessInt()
 .text._ZN13AnalogEncoder14ProcessIntSelfEv
                0x0000000000010f64       0x6e Libraries/FEHIO.o
                0x0000000000010f64                AnalogEncoder::ProcessIntSelf()
 .text._Z7ADC_CalPV10ADC_MemMap
                0x0000000000010fd2      0x13e Drivers/adc16.o
                0x0000000000010fd2                ADC_Cal(ADC_MemMap volatile*)
 .text._Z14ADC_Config_AltPV10ADC_MemMapP7adc_cfg
                0x0000000000011110       0x6c Drivers/adc16.o
                0x0000000000011110                ADC_Config_Alt(ADC_MemMap volatile*, adc_cfg*)
 .text._ZN9FEHBuzzerC2Ev
                0x000000000001117c       0x14 Libraries/FEHBuzzer.o
                0x000000000001117c                FEHBuzzer::FEHBuzzer()
                0x000000000001117c                FEHBuzzer::FEHBuzzer()
 .text._Z41__static_initialization_and_destruction_0ii
                0x0000000000011190       0x2c Libraries/FEHBuzzer.o
 .text._GLOBAL__sub_I_Buzzer
                0x00000000000111bc       0x10 Libraries/FEHBuzzer.o
 .text._ZN8FEHServoC2ENS_12FEHServoPortE
                0x00000000000111cc       0x38 Libraries/FEHServo.o
                0x00000000000111cc                FEHServo::FEHServo(FEHServo::FEHServoPort)
                0x00000000000111cc                FEHServo::FEHServo(FEHServo::FEHServoPort)
 .text._ZN8FEHServo6SetMinEi
                0x0000000000011204       0x3a Libraries/FEHServo.o
                0x0000000000011204                FEHServo::SetMin(int)
 .text._ZN8FEHServo6SetMaxEi
                0x000000000001123e       0x3a Libraries/FEHServo.o
                0x000000000001123e                FEHServo::SetMax(int)
 .text._ZN8FEHServo9SetDegreeEf
                0x0000000000011278       0xf8 Libraries/FEHServo.o
                0x0000000000011278                FEHServo::SetDegree(float)
 .text._ZN6FEHLCD11_InitializeEv
                0x0000000000011370      0x410 Libraries/FEHLCD.o
                0x0000000000011370                FEHLCD::_Initialize()
 .text._ZN6FEHLCDC2Ev
                0x0000000000011780       0x50 Libraries/FEHLCD.o
                0x0000000000011780                FEHLCD::FEHLCD()
                0x0000000000011780                FEHLCD::FEHLCD()
 .text._ZN6FEHLCD10InitializeEv
                0x00000000000117d0       0x28 Libraries/FEHLCD.o
                0x00000000000117d0                FEHLCD::Initialize()
 .text._ZN6FEHLCD10PrintImageEii
                0x00000000000117f8       0xbc Libraries/FEHLCD.o
                0x00000000000117f8                FEHLCD::PrintImage(int, int)
 .text._ZN6FEHLCD9PrintLogoEii
                0x00000000000118b4       0xbc Libraries/FEHLCD.o
                0x00000000000118b4                FEHLCD::PrintLogo(int, int)
 .text._ZN6FEHLCD22ConvertFEHColorTo24BitENS_11FEHLCDColorE
                0x0000000000011970       0x78 Libraries/FEHLCD.o
                0x0000000000011970                FEHLCD::ConvertFEHColorTo24Bit(FEHLCD::FEHLCDColor)
 .text._ZN6FEHLCD24Convert24BitColorTo16BitEj
                0x00000000000119e8       0x30 Libraries/FEHLCD.o
                0x00000000000119e8                FEHLCD::Convert24BitColorTo16Bit(unsigned int)
 .text._ZN6FEHLCD22ConvertRGBColorTo16BitEhhh
                0x0000000000011a18       0x4a Libraries/FEHLCD.o
                0x0000000000011a18                FEHLCD::ConvertRGBColorTo16Bit(unsigned char, unsigned char, unsigned char)
 .text._ZN6FEHLCD5ClearENS_11FEHLCDColorE
                0x0000000000011a62       0x28 Libraries/FEHLCD.o
                0x0000000000011a62                FEHLCD::Clear(FEHLCD::FEHLCDColor)
 .text._ZN6FEHLCD5ClearEj
                0x0000000000011a8a       0x2c Libraries/FEHLCD.o
                0x0000000000011a8a                FEHLCD::Clear(unsigned int)
 .text._ZN6FEHLCD5ClearEv
                0x0000000000011ab6       0x16 Libraries/FEHLCD.o
                0x0000000000011ab6                FEHLCD::Clear()
 .text._ZN6FEHLCD18SetBackgroundColorENS_11FEHLCDColorE
                0x0000000000011acc       0x28 Libraries/FEHLCD.o
                0x0000000000011acc                FEHLCD::SetBackgroundColor(FEHLCD::FEHLCDColor)
 .text._ZN6FEHLCD18SetBackgroundColorEj
                0x0000000000011af4       0x26 Libraries/FEHLCD.o
                0x0000000000011af4                FEHLCD::SetBackgroundColor(unsigned int)
 .text._ZN6FEHLCD12SetFontColorENS_11FEHLCDColorE
                0x0000000000011b1a       0x28 Libraries/FEHLCD.o
                0x0000000000011b1a                FEHLCD::SetFontColor(FEHLCD::FEHLCDColor)
 .text._ZN6FEHLCD12SetFontColorEj
                0x0000000000011b42       0x26 Libraries/FEHLCD.o
                0x0000000000011b42                FEHLCD::SetFontColor(unsigned int)
 .text._ZN6FEHLCD7WriteAtEPKcii
                0x0000000000011b68       0x46 Libraries/FEHLCD.o
                0x0000000000011b68                FEHLCD::WriteAt(char const*, int, int)
 .text._ZN6FEHLCD11TS_SPI_InitEv
                0x0000000000011bae       0x7c Libraries/FEHLCD.o
                0x0000000000011bae                FEHLCD::TS_SPI_Init()
 *fill*         0x0000000000011c2a        0x6 
 .text._ZN6FEHLCD5TouchEPfS0_
                0x0000000000011c30      0x1fc Libraries/FEHLCD.o
                0x0000000000011c30                FEHLCD::Touch(float*, float*)
 .text._ZN6FEHLCD3absEi
                0x0000000000011e2c       0x22 Libraries/FEHLCD.o
                0x0000000000011e2c                FEHLCD::abs(int)
 .text._ZN6FEHLCD5WriteEPKc
                0x0000000000011e4e       0x4e Libraries/FEHLCD.o
                0x0000000000011e4e                FEHLCD::Write(char const*)
 .text._ZN6FEHLCD5WriteEf
                0x0000000000011e9c       0xc0 Libraries/FEHLCD.o
                0x0000000000011e9c                FEHLCD::Write(float)
 .text._ZN6FEHLCD5WriteEd
                0x0000000000011f5c       0x26 Libraries/FEHLCD.o
                0x0000000000011f5c                FEHLCD::Write(double)
 .text._ZN6FEHLCD5WriteEc
                0x0000000000011f82       0x30 Libraries/FEHLCD.o
                0x0000000000011f82                FEHLCD::Write(char)
 .text._ZN6FEHLCD9WriteLineEPKc
                0x0000000000011fb2       0x26 Libraries/FEHLCD.o
                0x0000000000011fb2                FEHLCD::WriteLine(char const*)
 .text._ZN6FEHLCD9WriteLineEc
                0x0000000000011fd8       0x2a Libraries/FEHLCD.o
                0x0000000000011fd8                FEHLCD::WriteLine(char)
 *fill*         0x0000000000012002        0x2 
 .text._ZN6FEHLCD10WriteIndexEh
                0x0000000000012004      0x14c Libraries/FEHLCD.o
                0x0000000000012004                FEHLCD::WriteIndex(unsigned char)
 .text._ZN6FEHLCD14WriteParameterEh
                0x0000000000012150      0x130 Libraries/FEHLCD.o
                0x0000000000012150                FEHLCD::WriteParameter(unsigned char)
 .text._ZN6FEHLCD6_ClearEv
                0x0000000000012280      0x15c Libraries/FEHLCD.o
                0x0000000000012280                FEHLCD::_Clear()
 .text._ZN6FEHLCD8NextLineEv
                0x00000000000123dc       0x2a Libraries/FEHLCD.o
                0x00000000000123dc                FEHLCD::NextLine()
 .text._ZN6FEHLCD9CheckLineEv
                0x0000000000012406       0x28 Libraries/FEHLCD.o
                0x0000000000012406                FEHLCD::CheckLine()
 .text._ZN6FEHLCD8NextCharEv
                0x000000000001242e       0x32 Libraries/FEHLCD.o
                0x000000000001242e                FEHLCD::NextChar()
 .text._ZN6FEHLCD9DrawPixelEii
                0x0000000000012460       0x2a Libraries/FEHLCD.o
                0x0000000000012460                FEHLCD::DrawPixel(int, int)
 .text._Z4SwapRiS_
                0x000000000001248a       0x28 Libraries/FEHLCD.o
                0x000000000001248a                Swap(int&, int&)
 .text._ZN6FEHLCD13DrawRectangleEiiii
                0x00000000000124b2       0x7c Libraries/FEHLCD.o
                0x00000000000124b2                FEHLCD::DrawRectangle(int, int, int, int)
 .text._ZN6FEHLCD13SetDrawRegionEiiii
                0x000000000001252e       0xfe Libraries/FEHLCD.o
                0x000000000001252e                FEHLCD::SetDrawRegion(int, int, int, int)
 .text._ZN6FEHLCD8DrawLineEiiii
                0x000000000001262c      0x14c Libraries/FEHLCD.o
                0x000000000001262c                FEHLCD::DrawLine(int, int, int, int)
 .text._ZN6FEHLCD9WriteCharEiic
                0x0000000000012778       0x34 Libraries/FEHLCD.o
                0x0000000000012778                FEHLCD::WriteChar(int, int, char)
 .text._ZN6FEHLCD11WriteCharAtEiic
                0x00000000000127ac      0x214 Libraries/FEHLCD.o
                0x00000000000127ac                FEHLCD::WriteCharAt(int, int, char)
 .text._ZN6FEHLCD11RepeatColorEv
                0x00000000000129c0       0x70 Libraries/FEHLCD.o
                0x00000000000129c0                FEHLCD::RepeatColor()
 .text._ZN6FEHLCD10_ForePixelEv
                0x0000000000012a30       0xc4 Libraries/FEHLCD.o
                0x0000000000012a30                FEHLCD::_ForePixel()
 .text._ZN6FEHLCD10_BackPixelEv
                0x0000000000012af4       0xc4 Libraries/FEHLCD.o
                0x0000000000012af4                FEHLCD::_BackPixel()
 .text._ZN6FEHLCD22SetRegisterColorValuesEv
                0x0000000000012bb8      0x336 Libraries/FEHLCD.o
                0x0000000000012bb8                FEHLCD::SetRegisterColorValues()
 .text._ZN7FEHIcon4IconC2Ev
                0x0000000000012eee       0x14 Libraries/FEHLCD.o
                0x0000000000012eee                FEHIcon::Icon::Icon()
                0x0000000000012eee                FEHIcon::Icon::Icon()
 .text._ZN7FEHIcon4Icon13SetPropertiesEPciiiijj
                0x0000000000012f02       0x6a Libraries/FEHLCD.o
                0x0000000000012f02                FEHIcon::Icon::SetProperties(char*, int, int, int, int, unsigned int, unsigned int)
 .text._ZN7FEHIcon4Icon4DrawEv
                0x0000000000012f6c       0x90 Libraries/FEHLCD.o
                0x0000000000012f6c                FEHIcon::Icon::Draw()
 .text._ZN7FEHIcon4Icon6SelectEv
                0x0000000000012ffc       0x90 Libraries/FEHLCD.o
                0x0000000000012ffc                FEHIcon::Icon::Select()
 .text._ZN7FEHIcon4Icon8DeselectEv
                0x000000000001308c       0x8c Libraries/FEHLCD.o
                0x000000000001308c                FEHIcon::Icon::Deselect()
 .text._ZN7FEHIcon4Icon7PressedEffi
                0x0000000000013118      0x13c Libraries/FEHLCD.o
                0x0000000000013118                FEHIcon::Icon::Pressed(float, float, int)
 .text._ZN7FEHIcon4Icon12WhilePressedEff
                0x0000000000013254       0x50 Libraries/FEHLCD.o
                0x0000000000013254                FEHIcon::Icon::WhilePressed(float, float)
 .text._ZN7FEHIcon13DrawIconArrayEPNS_4IconEiiiiiiPA20_cjj
                0x00000000000132a4      0x168 Libraries/FEHLCD.o
                0x00000000000132a4                FEHIcon::DrawIconArray(FEHIcon::Icon*, int, int, int, int, int, int, char (*) [20], unsigned int, unsigned int)
 .text._Z41__static_initialization_and_destruction_0ii
                0x000000000001340c       0x2c Libraries/FEHLCD.o
 .text._GLOBAL__sub_I_image
                0x0000000000013438       0x10 Libraries/FEHLCD.o
 .text._ZN8FEHAccelC2Ev
                0x0000000000013448       0x70 Libraries/FEHAccel.o
                0x0000000000013448                FEHAccel::FEHAccel()
                0x0000000000013448                FEHAccel::FEHAccel()
 .text._Z41__static_initialization_and_destruction_0ii
                0x00000000000134b8       0x2c Libraries/FEHAccel.o
 .text._GLOBAL__sub_I_Accel
                0x00000000000134e4       0x10 Libraries/FEHAccel.o
 .text._ZN10FEHBatteryC2EN5FEHIO8FEHIOPinE
                0x00000000000134f4       0x22 Libraries/FEHBattery.o
                0x00000000000134f4                FEHBattery::FEHBattery(FEHIO::FEHIOPin)
                0x00000000000134f4                FEHBattery::FEHBattery(FEHIO::FEHIOPin)
 *fill*         0x0000000000013516        0x2 
 .text._Z41__static_initialization_and_destruction_0ii
                0x0000000000013518       0x30 Libraries/FEHBattery.o
 .text._GLOBAL__sub_I_Battery
                0x0000000000013548       0x10 Libraries/FEHBattery.o
 .text._ZN7FEHXBeeC2Ev
                0x0000000000013558       0x1a Drivers/FEHXBee.o
                0x0000000000013558                FEHXBee::FEHXBee()
                0x0000000000013558                FEHXBee::FEHXBee()
 *fill*         0x0000000000013572        0x2 
 .text._ZN7FEHXBee10InitializeEv
                0x0000000000013574       0xdc Drivers/FEHXBee.o
                0x0000000000013574                FEHXBee::Initialize()
 .text._ZN7FEHXBee13IsInitializedEv
                0x0000000000013650       0x16 Drivers/FEHXBee.o
                0x0000000000013650                FEHXBee::IsInitialized()
 *fill*         0x0000000000013666        0x2 
 .text._ZN7FEHXBee17ReceiveDataSearchEPcjh
                0x0000000000013668       0x8c Drivers/FEHXBee.o
                0x0000000000013668                FEHXBee::ReceiveDataSearch(char*, unsigned int, unsigned char)
 .text._ZN7FEHXBee8SendDataEPcj
                0x00000000000136f4       0x40 Drivers/FEHXBee.o
                0x00000000000136f4                FEHXBee::SendData(char*, unsigned int)
 .text._ZN7FEHXBee17SetPacketCallBackEPFvPhhE
                0x0000000000013734       0x20 Drivers/FEHXBee.o
                0x0000000000013734                FEHXBee::SetPacketCallBack(void (*)(unsigned char*, unsigned char))
 .text._Z22UART0_RX_TX_IRQHandlerv
                0x0000000000013754       0xec Drivers/FEHXBee.o
                0x0000000000013754                UART0_RX_TX_IRQHandler()
 .text._ZN6FEHRPSC2Ev
                0x0000000000013840       0x74 Libraries/FEHRPS.o
                0x0000000000013840                FEHRPS::FEHRPS()
                0x0000000000013840                FEHRPS::FEHRPS()
 .text._ZN6FEHRPS10InitializeEi
                0x00000000000138b4      0x664 Libraries/FEHRPS.o
                0x00000000000138b4                FEHRPS::Initialize(int)
 .text._ZN6FEHRPS10InitializeEc
                0x0000000000013f18       0x46 Libraries/FEHRPS.o
                0x0000000000013f18                FEHRPS::Initialize(char)
 *fill*         0x0000000000013f5e        0x2 
 .text._ZN6FEHRPS19InitializeTouchMenuEv
                0x0000000000013f60      0x424 Libraries/FEHRPS.o
                0x0000000000013f60                FEHRPS::InitializeTouchMenu()
 .text._ZN6FEHRPS19CurrentRegionLetterEv
                0x0000000000014384       0x1c Libraries/FEHRPS.o
                0x0000000000014384                FEHRPS::CurrentRegionLetter()
 .text._ZN6FEHRPS15GetCorrectLeverEv
                0x00000000000143a0       0x1c Libraries/FEHRPS.o
                0x00000000000143a0                FEHRPS::GetCorrectLever()
 .text._ZN6FEHRPS13WaitForPacketEv
                0x00000000000143bc       0x58 Libraries/FEHRPS.o
                0x00000000000143bc                FEHRPS::WaitForPacket()
 .text._ZN6FEHRPS7HeadingEv
                0x0000000000014414       0x1c Libraries/FEHRPS.o
                0x0000000000014414                FEHRPS::Heading()
 .text._Z14RPSDataProcessPhh
                0x0000000000014430      0x148 Libraries/FEHRPS.o
                0x0000000000014430                RPSDataProcess(unsigned char*, unsigned char)
 .text._Z41__static_initialization_and_destruction_0ii
                0x0000000000014578       0x2c Libraries/FEHRPS.o
 .text._GLOBAL__sub_I_RPS
                0x00000000000145a4       0x10 Libraries/FEHRPS.o
 .text._ZN5FEHSDC2Ev
                0x00000000000145b4       0x24 Libraries/FEHSD.o
                0x00000000000145b4                FEHSD::FEHSD()
                0x00000000000145b4                FEHSD::FEHSD()
 .text._ZN5FEHSD9FCloseAllEv
                0x00000000000145d8       0x6c Libraries/FEHSD.o
                0x00000000000145d8                FEHSD::FCloseAll()
 .text._Z41__static_initialization_and_destruction_0ii
                0x0000000000014644       0x2c Libraries/FEHSD.o
 .text._GLOBAL__sub_I_SD
                0x0000000000014670       0x10 Libraries/FEHSD.o
 .text._ZN9FEHRandom10InitializeEv
                0x0000000000014680       0x3c Libraries/FEHRandom.o
                0x0000000000014680                FEHRandom::Initialize()
 .text.startup._GLOBAL__sub_I__ZN9__gnu_cxx9__freeresEv
                0x00000000000146bc       0x28 /Applications/FEH_ARM/bin/../lib/gcc/arm-none-eabi/10.3.1/../../../../arm-none-eabi/lib/thumb/v7e-m/nofp/libstdc++.a(eh_alloc.o)
 .text          0x00000000000146e4      0x378 /Applications/FEH_ARM/bin/../lib/gcc/arm-none-eabi/10.3.1/thumb/v7e-m/nofp/libgcc.a(_arm_addsubdf3.o)
                0x00000000000146e4                __aeabi_drsub
                0x00000000000146ec                __subdf3
                0x00000000000146ec                __aeabi_dsub
                0x00000000000146f0                __aeabi_dadd
                0x00000000000146f0                __adddf3
                0x0000000000014968                __aeabi_ui2d
                0x0000000000014968                __floatunsidf
                0x0000000000014988                __floatsidf
                0x0000000000014988                __aeabi_i2d
                0x00000000000149ac                __extendsfdf2
                0x00000000000149ac                __aeabi_f2d
                0x00000000000149f0                __aeabi_ul2d
                0x00000000000149f0                __floatundidf
                0x0000000000014a00                __aeabi_l2d
                0x0000000000014a00                __floatdidf
 .text          0x0000000000014a5c      0x424 /Applications/FEH_ARM/bin/../lib/gcc/arm-none-eabi/10.3.1/thumb/v7e-m/nofp/libgcc.a(_arm_muldivdf3.o)
                0x0000000000014a5c                __aeabi_dmul
                0x0000000000014a5c                __muldf3
                0x0000000000014cb0                __aeabi_ddiv
                0x0000000000014cb0                __divdf3
 .text          0x0000000000014e80      0x110 /Applications/FEH_ARM/bin/../lib/gcc/arm-none-eabi/10.3.1/thumb/v7e-m/nofp/libgcc.a(_arm_cmpdf2.o)
                0x0000000000014e80                __gedf2
                0x0000000000014e80                __gtdf2
                0x0000000000014e88                __ledf2
                0x0000000000014e88                __ltdf2
                0x0000000000014e90                __cmpdf2
                0x0000000000014e90                __eqdf2
                0x0000000000014e90                __nedf2
                0x0000000000014f0c                __aeabi_cdrcmple
                0x0000000000014f1c                __aeabi_cdcmple
                0x0000000000014f1c                __aeabi_cdcmpeq
                0x0000000000014f2c                __aeabi_dcmpeq
                0x0000000000014f40                __aeabi_dcmplt
                0x0000000000014f54                __aeabi_dcmple
                0x0000000000014f68                __aeabi_dcmpge
                0x0000000000014f7c                __aeabi_dcmpgt
 .text          0x0000000000014f90       0x50 /Applications/FEH_ARM/bin/../lib/gcc/arm-none-eabi/10.3.1/thumb/v7e-m/nofp/libgcc.a(_arm_fixdfsi.o)
                0x0000000000014f90                __fixdfsi
                0x0000000000014f90                __aeabi_d2iz
 .text          0x0000000000014fe0       0x40 /Applications/FEH_ARM/bin/../lib/gcc/arm-none-eabi/10.3.1/thumb/v7e-m/nofp/libgcc.a(_arm_fixunsdfsi.o)
                0x0000000000014fe0                __fixunsdfsi
                0x0000000000014fe0                __aeabi_d2uiz
 .text          0x0000000000015020       0xa0 /Applications/FEH_ARM/bin/../lib/gcc/arm-none-eabi/10.3.1/thumb/v7e-m/nofp/libgcc.a(_arm_truncdfsf2.o)
                0x0000000000015020                __aeabi_d2f
                0x0000000000015020                __truncdfsf2
 .text          0x00000000000150c0      0x21c /Applications/FEH_ARM/bin/../lib/gcc/arm-none-eabi/10.3.1/thumb/v7e-m/nofp/libgcc.a(_arm_addsubsf3.o)
                0x00000000000150c0                __aeabi_frsub
                0x00000000000150c8                __aeabi_fsub
                0x00000000000150c8                __subsf3
                0x00000000000150cc                __aeabi_fadd
                0x00000000000150cc                __addsf3
                0x000000000001522c                __aeabi_ui2f
                0x000000000001522c                __floatunsisf
                0x0000000000015234                __floatsisf
                0x0000000000015234                __aeabi_i2f
                0x0000000000015250                __aeabi_ul2f
                0x0000000000015250                __floatundisf
                0x0000000000015260                __aeabi_l2f
                0x0000000000015260                __floatdisf
 .text          0x00000000000152dc      0x2a0 /Applications/FEH_ARM/bin/../lib/gcc/arm-none-eabi/10.3.1/thumb/v7e-m/nofp/libgcc.a(_arm_muldivsf3.o)
                0x00000000000152dc                __mulsf3
                0x00000000000152dc                __aeabi_fmul
                0x0000000000015444                __divsf3
                0x0000000000015444                __aeabi_fdiv
 .text          0x000000000001557c       0xec /Applications/FEH_ARM/bin/../lib/gcc/arm-none-eabi/10.3.1/thumb/v7e-m/nofp/libgcc.a(_arm_cmpsf2.o)
                0x000000000001557c                __gesf2
                0x000000000001557c                __gtsf2
                0x0000000000015584                __ltsf2
                0x0000000000015584                __lesf2
                0x000000000001558c                __nesf2
                0x000000000001558c                __eqsf2
                0x000000000001558c                __cmpsf2
                0x00000000000155ec                __aeabi_cfrcmple
                0x00000000000155f4                __aeabi_cfcmpeq
                0x00000000000155f4                __aeabi_cfcmple
                0x0000000000015604                __aeabi_fcmpeq
                0x0000000000015618                __aeabi_fcmplt
                0x000000000001562c                __aeabi_fcmple
                0x0000000000015640                __aeabi_fcmpge
                0x0000000000015654                __aeabi_fcmpgt
 .text          0x0000000000015668       0x4c /Applications/FEH_ARM/bin/../lib/gcc/arm-none-eabi/10.3.1/thumb/v7e-m/nofp/libgcc.a(_arm_fixsfsi.o)
                0x0000000000015668                __fixsfsi
                0x0000000000015668                __aeabi_f2iz
 .text.abort    0x00000000000156b4       0x10 /Applications/FEH_ARM/bin/../lib/gcc/arm-none-eabi/10.3.1/../../../../arm-none-eabi/lib/thumb/v7e-m/nofp/libg.a(lib_a-abort.o)
                0x00000000000156b4                abort
 .text.__sfvwrite_r
                0x00000000000156c4      0x2e8 /Applications/FEH_ARM/bin/../lib/gcc/arm-none-eabi/10.3.1/../../../../arm-none-eabi/lib/thumb/v7e-m/nofp/libg.a(lib_a-fvwrite.o)
                0x00000000000156c4                __sfvwrite_r
 .text.__libc_init_array
                0x00000000000159ac       0x48 /Applications/FEH_ARM/bin/../lib/gcc/arm-none-eabi/10.3.1/../../../../arm-none-eabi/lib/thumb/v7e-m/nofp/libg.a(lib_a-init.o)
                0x00000000000159ac                __libc_init_array
 .text.__retarget_lock_init_recursive
                0x00000000000159f4        0x4 /Applications/FEH_ARM/bin/../lib/gcc/arm-none-eabi/10.3.1/../../../../arm-none-eabi/lib/thumb/v7e-m/nofp/libg.a(lib_a-lock.o)
                0x00000000000159f4                __retarget_lock_init_recursive
 .text.__retarget_lock_close_recursive
                0x00000000000159f8        0x4 /Applications/FEH_ARM/bin/../lib/gcc/arm-none-eabi/10.3.1/../../../../arm-none-eabi/lib/thumb/v7e-m/nofp/libg.a(lib_a-lock.o)
                0x00000000000159f8                __retarget_lock_close_recursive
 .text.__retarget_lock_acquire_recursive
                0x00000000000159fc        0x4 /Applications/FEH_ARM/bin/../lib/gcc/arm-none-eabi/10.3.1/../../../../arm-none-eabi/lib/thumb/v7e-m/nofp/libg.a(lib_a-lock.o)
                0x00000000000159fc                __retarget_lock_acquire_recursive
 .text.__retarget_lock_release_recursive
                0x0000000000015a00        0x4 /Applications/FEH_ARM/bin/../lib/gcc/arm-none-eabi/10.3.1/../../../../arm-none-eabi/lib/thumb/v7e-m/nofp/libg.a(lib_a-lock.o)
                0x0000000000015a00                __retarget_lock_release_recursive
 .text.malloc   0x0000000000015a04       0x10 /Applications/FEH_ARM/bin/../lib/gcc/arm-none-eabi/10.3.1/../../../../arm-none-eabi/lib/thumb/v7e-m/nofp/libg.a(lib_a-malloc.o)
                0x0000000000015a04                malloc
 .text._malloc_r
                0x0000000000015a14      0x560 /Applications/FEH_ARM/bin/../lib/gcc/arm-none-eabi/10.3.1/../../../../arm-none-eabi/lib/thumb/v7e-m/nofp/libg.a(lib_a-mallocr.o)
                0x0000000000015a14                _malloc_r
 *fill*         0x0000000000015f74        0xc 
 .text          0x0000000000015f80       0xa0 /Applications/FEH_ARM/bin/../lib/gcc/arm-none-eabi/10.3.1/../../../../arm-none-eabi/lib/thumb/v7e-m/nofp/libg.a(lib_a-memchr.o)
                0x0000000000015f80                memchr
 .text          0x0000000000016020      0x134 /Applications/FEH_ARM/bin/../lib/gcc/arm-none-eabi/10.3.1/../../../../arm-none-eabi/lib/thumb/v7e-m/nofp/libg.a(lib_a-memcpy.o)
                0x0000000000016020                memcpy
 .text.memmove  0x0000000000016154       0xf8 /Applications/FEH_ARM/bin/../lib/gcc/arm-none-eabi/10.3.1/../../../../arm-none-eabi/lib/thumb/v7e-m/nofp/libg.a(lib_a-memmove.o)
                0x0000000000016154                memmove
 .text.memset   0x000000000001624c       0xa4 /Applications/FEH_ARM/bin/../lib/gcc/arm-none-eabi/10.3.1/../../../../arm-none-eabi/lib/thumb/v7e-m/nofp/libg.a(lib_a-memset.o)
                0x000000000001624c                memset
 .text.__malloc_lock
                0x00000000000162f0        0xc /Applications/FEH_ARM/bin/../lib/gcc/arm-none-eabi/10.3.1/../../../../arm-none-eabi/lib/thumb/v7e-m/nofp/libg.a(lib_a-mlock.o)
                0x00000000000162f0                __malloc_lock
 .text.__malloc_unlock
                0x00000000000162fc        0xc /Applications/FEH_ARM/bin/../lib/gcc/arm-none-eabi/10.3.1/../../../../arm-none-eabi/lib/thumb/v7e-m/nofp/libg.a(lib_a-mlock.o)
                0x00000000000162fc                __malloc_unlock
 .text._realloc_r
                0x0000000000016308      0x3d8 /Applications/FEH_ARM/bin/../lib/gcc/arm-none-eabi/10.3.1/../../../../arm-none-eabi/lib/thumb/v7e-m/nofp/libg.a(lib_a-reallocr.o)
                0x0000000000016308                _realloc_r
 .text._sbrk_r  0x00000000000166e0       0x24 /Applications/FEH_ARM/bin/../lib/gcc/arm-none-eabi/10.3.1/../../../../arm-none-eabi/lib/thumb/v7e-m/nofp/libg.a(lib_a-sbrkr.o)
                0x00000000000166e0                _sbrk_r
 .text.raise    0x0000000000016704       0x5c /Applications/FEH_ARM/bin/../lib/gcc/arm-none-eabi/10.3.1/../../../../arm-none-eabi/lib/thumb/v7e-m/nofp/libg.a(lib_a-signal.o)
                0x0000000000016704                raise
 .text._kill_r  0x0000000000016760       0x2c /Applications/FEH_ARM/bin/../lib/gcc/arm-none-eabi/10.3.1/../../../../arm-none-eabi/lib/thumb/v7e-m/nofp/libg.a(lib_a-signalr.o)
                0x0000000000016760                _kill_r
 .text._getpid_r
                0x000000000001678c        0x4 /Applications/FEH_ARM/bin/../lib/gcc/arm-none-eabi/10.3.1/../../../../arm-none-eabi/lib/thumb/v7e-m/nofp/libg.a(lib_a-signalr.o)
                0x000000000001678c                _getpid_r
 .text.sprintf  0x0000000000016790       0x40 /Applications/FEH_ARM/bin/../lib/gcc/arm-none-eabi/10.3.1/../../../../arm-none-eabi/lib/thumb/v7e-m/nofp/libg.a(lib_a-sprintf.o)
                0x0000000000016790                sprintf
 .text.strcpy   0x00000000000167d0       0xbc /Applications/FEH_ARM/bin/../lib/gcc/arm-none-eabi/10.3.1/../../../../arm-none-eabi/lib/thumb/v7e-m/nofp/libg.a(lib_a-strcpy.o)
                0x00000000000167d0                strcpy
 *fill*         0x000000000001688c       0x34 
 .text          0x00000000000168c0       0xdc /Applications/FEH_ARM/bin/../lib/gcc/arm-none-eabi/10.3.1/../../../../arm-none-eabi/lib/thumb/v7e-m/nofp/libg.a(lib_a-strlen.o)
                0x00000000000168c0                strlen
 .text._svfprintf_r
                0x000000000001699c     0x1a3c /Applications/FEH_ARM/bin/../lib/gcc/arm-none-eabi/10.3.1/../../../../arm-none-eabi/lib/thumb/v7e-m/nofp/libg.a(lib_a-svfprintf.o)
                0x000000000001699c                _svfprintf_r
 .text.__swbuf_r
                0x00000000000183d8       0xb0 /Applications/FEH_ARM/bin/../lib/gcc/arm-none-eabi/10.3.1/../../../../arm-none-eabi/lib/thumb/v7e-m/nofp/libg.a(lib_a-wbuf.o)
                0x00000000000183d8                __swbuf_r
 .text._write_r
                0x0000000000018488       0x2c /Applications/FEH_ARM/bin/../lib/gcc/arm-none-eabi/10.3.1/../../../../arm-none-eabi/lib/thumb/v7e-m/nofp/libg.a(lib_a-writer.o)
                0x0000000000018488                _write_r
 .text.__swsetup_r
                0x00000000000184b4       0xd4 /Applications/FEH_ARM/bin/../lib/gcc/arm-none-eabi/10.3.1/../../../../arm-none-eabi/lib/thumb/v7e-m/nofp/libg.a(lib_a-wsetup.o)
                0x00000000000184b4                __swsetup_r
 .text.startup.register_fini
                0x0000000000018588       0x14 /Applications/FEH_ARM/bin/../lib/gcc/arm-none-eabi/10.3.1/../../../../arm-none-eabi/lib/thumb/v7e-m/nofp/libg.a(lib_a-__call_atexit.o)
 .text.atexit   0x000000000001859c        0xc /Applications/FEH_ARM/bin/../lib/gcc/arm-none-eabi/10.3.1/../../../../arm-none-eabi/lib/thumb/v7e-m/nofp/libg.a(lib_a-atexit.o)
                0x000000000001859c                atexit
 .text.quorem   0x00000000000185a8      0x124 /Applications/FEH_ARM/bin/../lib/gcc/arm-none-eabi/10.3.1/../../../../arm-none-eabi/lib/thumb/v7e-m/nofp/libg.a(lib_a-dtoa.o)
 *fill*         0x00000000000186cc        0x4 
 .text._dtoa_r  0x00000000000186d0      0xec4 /Applications/FEH_ARM/bin/../lib/gcc/arm-none-eabi/10.3.1/../../../../arm-none-eabi/lib/thumb/v7e-m/nofp/libg.a(lib_a-dtoa.o)
                0x00000000000186d0                _dtoa_r
 .text.__sflush_r
                0x0000000000019594      0x120 /Applications/FEH_ARM/bin/../lib/gcc/arm-none-eabi/10.3.1/../../../../arm-none-eabi/lib/thumb/v7e-m/nofp/libg.a(lib_a-fflush.o)
                0x0000000000019594                __sflush_r
 .text._fflush_r
                0x00000000000196b4       0x5c /Applications/FEH_ARM/bin/../lib/gcc/arm-none-eabi/10.3.1/../../../../arm-none-eabi/lib/thumb/v7e-m/nofp/libg.a(lib_a-fflush.o)
                0x00000000000196b4                _fflush_r
 .text._cleanup_r
                0x0000000000019710        0xc /Applications/FEH_ARM/bin/../lib/gcc/arm-none-eabi/10.3.1/../../../../arm-none-eabi/lib/thumb/v7e-m/nofp/libg.a(lib_a-findfp.o)
                0x0000000000019710                _cleanup_r
 .text.__sinit  0x000000000001971c      0x10c /Applications/FEH_ARM/bin/../lib/gcc/arm-none-eabi/10.3.1/../../../../arm-none-eabi/lib/thumb/v7e-m/nofp/libg.a(lib_a-findfp.o)
                0x000000000001971c                __sinit
 .text.__sfp_lock_acquire
                0x0000000000019828        0xc /Applications/FEH_ARM/bin/../lib/gcc/arm-none-eabi/10.3.1/../../../../arm-none-eabi/lib/thumb/v7e-m/nofp/libg.a(lib_a-findfp.o)
                0x0000000000019828                __sfp_lock_acquire
 .text.__sfp_lock_release
                0x0000000000019834        0xc /Applications/FEH_ARM/bin/../lib/gcc/arm-none-eabi/10.3.1/../../../../arm-none-eabi/lib/thumb/v7e-m/nofp/libg.a(lib_a-findfp.o)
                0x0000000000019834                __sfp_lock_release
 .text.__libc_fini_array
                0x0000000000019840       0x2c /Applications/FEH_ARM/bin/../lib/gcc/arm-none-eabi/10.3.1/../../../../arm-none-eabi/lib/thumb/v7e-m/nofp/libg.a(lib_a-fini.o)
                0x0000000000019840                __libc_fini_array
 .text._malloc_trim_r
                0x000000000001986c       0xa0 /Applications/FEH_ARM/bin/../lib/gcc/arm-none-eabi/10.3.1/../../../../arm-none-eabi/lib/thumb/v7e-m/nofp/libg.a(lib_a-freer.o)
                0x000000000001986c                _malloc_trim_r
 .text._free_r  0x000000000001990c      0x20c /Applications/FEH_ARM/bin/../lib/gcc/arm-none-eabi/10.3.1/../../../../arm-none-eabi/lib/thumb/v7e-m/nofp/libg.a(lib_a-freer.o)
                0x000000000001990c                _free_r
 .text._fwalk_reent
                0x0000000000019b18       0x48 /Applications/FEH_ARM/bin/../lib/gcc/arm-none-eabi/10.3.1/../../../../arm-none-eabi/lib/thumb/v7e-m/nofp/libg.a(lib_a-fwalk.o)
                0x0000000000019b18                _fwalk_reent
 .text._localeconv_r
                0x0000000000019b60        0x8 /Applications/FEH_ARM/bin/../lib/gcc/arm-none-eabi/10.3.1/../../../../arm-none-eabi/lib/thumb/v7e-m/nofp/libg.a(lib_a-localeconv.o)
                0x0000000000019b60                _localeconv_r
 .text.__smakebuf_r
                0x0000000000019b68       0xe0 /Applications/FEH_ARM/bin/../lib/gcc/arm-none-eabi/10.3.1/../../../../arm-none-eabi/lib/thumb/v7e-m/nofp/libg.a(lib_a-makebuf.o)
                0x0000000000019b68                __smakebuf_r
 .text._Balloc  0x0000000000019c48       0x4c /Applications/FEH_ARM/bin/../lib/gcc/arm-none-eabi/10.3.1/../../../../arm-none-eabi/lib/thumb/v7e-m/nofp/libg.a(lib_a-mprec.o)
                0x0000000000019c48                _Balloc
 .text._Bfree   0x0000000000019c94       0x14 /Applications/FEH_ARM/bin/../lib/gcc/arm-none-eabi/10.3.1/../../../../arm-none-eabi/lib/thumb/v7e-m/nofp/libg.a(lib_a-mprec.o)
                0x0000000000019c94                _Bfree
 .text.__multadd
                0x0000000000019ca8       0xa0 /Applications/FEH_ARM/bin/../lib/gcc/arm-none-eabi/10.3.1/../../../../arm-none-eabi/lib/thumb/v7e-m/nofp/libg.a(lib_a-mprec.o)
                0x0000000000019ca8                __multadd
 .text.__hi0bits
                0x0000000000019d48       0x40 /Applications/FEH_ARM/bin/../lib/gcc/arm-none-eabi/10.3.1/../../../../arm-none-eabi/lib/thumb/v7e-m/nofp/libg.a(lib_a-mprec.o)
                0x0000000000019d48                __hi0bits
 .text.__lo0bits
                0x0000000000019d88       0x5c /Applications/FEH_ARM/bin/../lib/gcc/arm-none-eabi/10.3.1/../../../../arm-none-eabi/lib/thumb/v7e-m/nofp/libg.a(lib_a-mprec.o)
                0x0000000000019d88                __lo0bits
 .text.__i2b    0x0000000000019de4       0x5c /Applications/FEH_ARM/bin/../lib/gcc/arm-none-eabi/10.3.1/../../../../arm-none-eabi/lib/thumb/v7e-m/nofp/libg.a(lib_a-mprec.o)
                0x0000000000019de4                __i2b
 .text.__multiply
                0x0000000000019e40      0x15c /Applications/FEH_ARM/bin/../lib/gcc/arm-none-eabi/10.3.1/../../../../arm-none-eabi/lib/thumb/v7e-m/nofp/libg.a(lib_a-mprec.o)
                0x0000000000019e40                __multiply
 .text.__pow5mult
                0x0000000000019f9c       0xc0 /Applications/FEH_ARM/bin/../lib/gcc/arm-none-eabi/10.3.1/../../../../arm-none-eabi/lib/thumb/v7e-m/nofp/libg.a(lib_a-mprec.o)
                0x0000000000019f9c                __pow5mult
 .text.__lshift
                0x000000000001a05c       0xf0 /Applications/FEH_ARM/bin/../lib/gcc/arm-none-eabi/10.3.1/../../../../arm-none-eabi/lib/thumb/v7e-m/nofp/libg.a(lib_a-mprec.o)
                0x000000000001a05c                __lshift
 .text.__mcmp   0x000000000001a14c       0x40 /Applications/FEH_ARM/bin/../lib/gcc/arm-none-eabi/10.3.1/../../../../arm-none-eabi/lib/thumb/v7e-m/nofp/libg.a(lib_a-mprec.o)
                0x000000000001a14c                __mcmp
 .text.__mdiff  0x000000000001a18c      0x14c /Applications/FEH_ARM/bin/../lib/gcc/arm-none-eabi/10.3.1/../../../../arm-none-eabi/lib/thumb/v7e-m/nofp/libg.a(lib_a-mprec.o)
                0x000000000001a18c                __mdiff
 .text.__d2b    0x000000000001a2d8       0xc4 /Applications/FEH_ARM/bin/../lib/gcc/arm-none-eabi/10.3.1/../../../../arm-none-eabi/lib/thumb/v7e-m/nofp/libg.a(lib_a-mprec.o)
                0x000000000001a2d8                __d2b
 .text.frexp    0x000000000001a39c       0x70 /Applications/FEH_ARM/bin/../lib/gcc/arm-none-eabi/10.3.1/../../../../arm-none-eabi/lib/thumb/v7e-m/nofp/libg.a(lib_a-s_frexp.o)
                0x000000000001a39c                frexp
 .text.__sread  0x000000000001a40c       0x24 /Applications/FEH_ARM/bin/../lib/gcc/arm-none-eabi/10.3.1/../../../../arm-none-eabi/lib/thumb/v7e-m/nofp/libg.a(lib_a-stdio.o)
                0x000000000001a40c                __sread
 .text.__swrite
                0x000000000001a430       0x40 /Applications/FEH_ARM/bin/../lib/gcc/arm-none-eabi/10.3.1/../../../../arm-none-eabi/lib/thumb/v7e-m/nofp/libg.a(lib_a-stdio.o)
                0x000000000001a430                __swrite
 .text.__sseek  0x000000000001a470       0x20 /Applications/FEH_ARM/bin/../lib/gcc/arm-none-eabi/10.3.1/../../../../arm-none-eabi/lib/thumb/v7e-m/nofp/libg.a(lib_a-stdio.o)
                0x000000000001a470                __sseek
 .text.__sclose
                0x000000000001a490        0x8 /Applications/FEH_ARM/bin/../lib/gcc/arm-none-eabi/10.3.1/../../../../arm-none-eabi/lib/thumb/v7e-m/nofp/libg.a(lib_a-stdio.o)
                0x000000000001a490                __sclose
 .text.strncpy  0x000000000001a498       0x64 /Applications/FEH_ARM/bin/../lib/gcc/arm-none-eabi/10.3.1/../../../../arm-none-eabi/lib/thumb/v7e-m/nofp/libg.a(lib_a-strncpy.o)
                0x000000000001a498                strncpy
 .text.__ssprint_r
                0x000000000001a4fc       0xf8 /Applications/FEH_ARM/bin/../lib/gcc/arm-none-eabi/10.3.1/../../../../arm-none-eabi/lib/thumb/v7e-m/nofp/libg.a(lib_a-svfiprintf.o)
                0x000000000001a4fc                __ssprint_r
 .text.__register_exitproc
                0x000000000001a5f4       0x8c /Applications/FEH_ARM/bin/../lib/gcc/arm-none-eabi/10.3.1/../../../../arm-none-eabi/lib/thumb/v7e-m/nofp/libg.a(lib_a-__atexit.o)
                0x000000000001a5f4                __register_exitproc
 .text.__assert_func
                0x000000000001a680       0x40 /Applications/FEH_ARM/bin/../lib/gcc/arm-none-eabi/10.3.1/../../../../arm-none-eabi/lib/thumb/v7e-m/nofp/libg.a(lib_a-assert.o)
                0x000000000001a680                __assert_func
 .text._calloc_r
                0x000000000001a6c0       0x78 /Applications/FEH_ARM/bin/../lib/gcc/arm-none-eabi/10.3.1/../../../../arm-none-eabi/lib/thumb/v7e-m/nofp/libg.a(lib_a-callocr.o)
                0x000000000001a6c0                _calloc_r
 .text._close_r
                0x000000000001a738       0x24 /Applications/FEH_ARM/bin/../lib/gcc/arm-none-eabi/10.3.1/../../../../arm-none-eabi/lib/thumb/v7e-m/nofp/libg.a(lib_a-closer.o)
                0x000000000001a738                _close_r
 .text.__errno  0x000000000001a75c        0xc /Applications/FEH_ARM/bin/../lib/gcc/arm-none-eabi/10.3.1/../../../../arm-none-eabi/lib/thumb/v7e-m/nofp/libg.a(lib_a-errno.o)
                0x000000000001a75c                __errno
 .text._fclose_r
                0x000000000001a768       0xcc /Applications/FEH_ARM/bin/../lib/gcc/arm-none-eabi/10.3.1/../../../../arm-none-eabi/lib/thumb/v7e-m/nofp/libg.a(lib_a-fclose.o)
                0x000000000001a768                _fclose_r
 .text.fiprintf
                0x000000000001a834       0x28 /Applications/FEH_ARM/bin/../lib/gcc/arm-none-eabi/10.3.1/../../../../arm-none-eabi/lib/thumb/v7e-m/nofp/libg.a(lib_a-fiprintf.o)
                0x000000000001a834                fiprintf
 .text._fstat_r
                0x000000000001a85c       0x2c /Applications/FEH_ARM/bin/../lib/gcc/arm-none-eabi/10.3.1/../../../../arm-none-eabi/lib/thumb/v7e-m/nofp/libg.a(lib_a-fstatr.o)
                0x000000000001a85c                _fstat_r
 .text._isatty_r
                0x000000000001a888       0x24 /Applications/FEH_ARM/bin/../lib/gcc/arm-none-eabi/10.3.1/../../../../arm-none-eabi/lib/thumb/v7e-m/nofp/libg.a(lib_a-isattyr.o)
                0x000000000001a888                _isatty_r
 .text.__locale_mb_cur_max
                0x000000000001a8ac        0xc /Applications/FEH_ARM/bin/../lib/gcc/arm-none-eabi/10.3.1/../../../../arm-none-eabi/lib/thumb/v7e-m/nofp/libg.a(lib_a-locale.o)
                0x000000000001a8ac                __locale_mb_cur_max
 .text._lseek_r
                0x000000000001a8b8       0x2c /Applications/FEH_ARM/bin/../lib/gcc/arm-none-eabi/10.3.1/../../../../arm-none-eabi/lib/thumb/v7e-m/nofp/libg.a(lib_a-lseekr.o)
                0x000000000001a8b8                _lseek_r
 .text.__ascii_mbtowc
                0x000000000001a8e4       0x2c /Applications/FEH_ARM/bin/../lib/gcc/arm-none-eabi/10.3.1/../../../../arm-none-eabi/lib/thumb/v7e-m/nofp/libg.a(lib_a-mbtowc_r.o)
                0x000000000001a8e4                __ascii_mbtowc
 .text._read_r  0x000000000001a910       0x2c /Applications/FEH_ARM/bin/../lib/gcc/arm-none-eabi/10.3.1/../../../../arm-none-eabi/lib/thumb/v7e-m/nofp/libg.a(lib_a-readr.o)
                0x000000000001a910                _read_r
 .text.__sprint_r.part.0
                0x000000000001a93c       0x78 /Applications/FEH_ARM/bin/../lib/gcc/arm-none-eabi/10.3.1/../../../../arm-none-eabi/lib/thumb/v7e-m/nofp/libg.a(lib_a-vfiprintf.o)
 .text._vfiprintf_r
                0x000000000001a9b4      0xda0 /Applications/FEH_ARM/bin/../lib/gcc/arm-none-eabi/10.3.1/../../../../arm-none-eabi/lib/thumb/v7e-m/nofp/libg.a(lib_a-vfiprintf.o)
                0x000000000001a9b4                _vfiprintf_r
 .text.__sbprintf
                0x000000000001b754       0x80 /Applications/FEH_ARM/bin/../lib/gcc/arm-none-eabi/10.3.1/../../../../arm-none-eabi/lib/thumb/v7e-m/nofp/libg.a(lib_a-vfiprintf.o)
 .text.__ascii_wctomb
                0x000000000001b7d4       0x1c /Applications/FEH_ARM/bin/../lib/gcc/arm-none-eabi/10.3.1/../../../../arm-none-eabi/lib/thumb/v7e-m/nofp/libg.a(lib_a-wctomb_r.o)
                0x000000000001b7d4                __ascii_wctomb
 .text.__fputwc
                0x000000000001b7f0       0xa8 /Applications/FEH_ARM/bin/../lib/gcc/arm-none-eabi/10.3.1/../../../../arm-none-eabi/lib/thumb/v7e-m/nofp/libg.a(lib_a-fputwc.o)
                0x000000000001b7f0                __fputwc
 .text._fputwc_r
                0x000000000001b898       0x68 /Applications/FEH_ARM/bin/../lib/gcc/arm-none-eabi/10.3.1/../../../../arm-none-eabi/lib/thumb/v7e-m/nofp/libg.a(lib_a-fputwc.o)
                0x000000000001b898                _fputwc_r
 .text._wcrtomb_r
                0x000000000001b900       0x3c /Applications/FEH_ARM/bin/../lib/gcc/arm-none-eabi/10.3.1/../../../../arm-none-eabi/lib/thumb/v7e-m/nofp/libg.a(lib_a-wcrtomb.o)
                0x000000000001b900                _wcrtomb_r
 .text          0x000000000001b93c       0x2c /Applications/FEH_ARM/bin/../lib/gcc/arm-none-eabi/10.3.1/thumb/v7e-m/nofp/libgcc.a(_arm_unorddf2.o)
                0x000000000001b93c                __aeabi_dcmpun
                0x000000000001b93c                __unorddf2
 .text          0x000000000001b968       0x30 /Applications/FEH_ARM/bin/../lib/gcc/arm-none-eabi/10.3.1/thumb/v7e-m/nofp/libgcc.a(_aeabi_uldivmod.o)
                0x000000000001b968                __aeabi_uldivmod
 .text          0x000000000001b998      0x2d0 /Applications/FEH_ARM/bin/../lib/gcc/arm-none-eabi/10.3.1/thumb/v7e-m/nofp/libgcc.a(_udivmoddi4.o)
                0x000000000001b998                __udivmoddi4
 .text          0x000000000001bc68        0x4 /Applications/FEH_ARM/bin/../lib/gcc/arm-none-eabi/10.3.1/thumb/v7e-m/nofp/libgcc.a(_dvmd_tls.o)
                0x000000000001bc68                __aeabi_ldiv0
                0x000000000001bc68                __aeabi_idiv0
 .text._close   0x000000000001bc6c       0x10 /Applications/FEH_ARM/bin/../lib/gcc/arm-none-eabi/10.3.1/../../../../arm-none-eabi/lib/thumb/v7e-m/nofp/libnosys.a(close.o)
                0x000000000001bc6c                _close
 .text._fstat   0x000000000001bc7c       0x10 /Applications/FEH_ARM/bin/../lib/gcc/arm-none-eabi/10.3.1/../../../../arm-none-eabi/lib/thumb/v7e-m/nofp/libnosys.a(fstat.o)
                0x000000000001bc7c                _fstat
 .text._getpid  0x000000000001bc8c       0x10 /Applications/FEH_ARM/bin/../lib/gcc/arm-none-eabi/10.3.1/../../../../arm-none-eabi/lib/thumb/v7e-m/nofp/libnosys.a(getpid.o)
                0x000000000001bc8c                _getpid
 .text._isatty  0x000000000001bc9c       0x10 /Applications/FEH_ARM/bin/../lib/gcc/arm-none-eabi/10.3.1/../../../../arm-none-eabi/lib/thumb/v7e-m/nofp/libnosys.a(isatty.o)
                0x000000000001bc9c                _isatty
 .text._kill    0x000000000001bcac       0x10 /Applications/FEH_ARM/bin/../lib/gcc/arm-none-eabi/10.3.1/../../../../arm-none-eabi/lib/thumb/v7e-m/nofp/libnosys.a(kill.o)
                0x000000000001bcac                _kill
 .text._lseek   0x000000000001bcbc       0x10 /Applications/FEH_ARM/bin/../lib/gcc/arm-none-eabi/10.3.1/../../../../arm-none-eabi/lib/thumb/v7e-m/nofp/libnosys.a(lseek.o)
                0x000000000001bcbc                _lseek
 .text._read    0x000000000001bccc       0x10 /Applications/FEH_ARM/bin/../lib/gcc/arm-none-eabi/10.3.1/../../../../arm-none-eabi/lib/thumb/v7e-m/nofp/libnosys.a(read.o)
                0x000000000001bccc                _read
 .text._sbrk    0x000000000001bcdc       0x1c /Applications/FEH_ARM/bin/../lib/gcc/arm-none-eabi/10.3.1/../../../../arm-none-eabi/lib/thumb/v7e-m/nofp/libnosys.a(sbrk.o)
                0x000000000001bcdc                _sbrk
 .text._write   0x000000000001bcf8       0x10 /Applications/FEH_ARM/bin/../lib/gcc/arm-none-eabi/10.3.1/../../../../arm-none-eabi/lib/thumb/v7e-m/nofp/libnosys.a(write.o)
                0x000000000001bcf8                _write
 .text._exit    0x000000000001bd08        0x4 /Applications/FEH_ARM/bin/../lib/gcc/arm-none-eabi/10.3.1/../../../../arm-none-eabi/lib/thumb/v7e-m/nofp/libnosys.a(_exit.o)
                0x000000000001bd08                _exit
 *(.rodata .rodata.* .constdata .constdata.*)
 .rodata.K60_SDHC0_init
                0x000000000001bd0c        0xc Drivers/SDHC.o
                0x000000000001bd0c                K60_SDHC0_init
 .rodata._ZL21ESDHC_COMMAND_XFERTYP
                0x000000000001bd18      0x100 Drivers/SDHC.o
 .rodata._ZL9GPIOPorts
                0x000000000001be18       0x20 Libraries/FEHIO.o
 .rodata._ZL10ADCNumbers
                0x000000000001be38       0x21 Libraries/FEHIO.o
 *fill*         0x000000000001be59        0x3 
 .rodata._ZL14GPIOPinNumbers
                0x000000000001be5c       0x80 Libraries/FEHIO.o
 .rodata._ZL16AnalogPinNumbers
                0x000000000001bedc       0x84 Libraries/FEHIO.o
 .rodata        0x000000000001bf60       0x78 Libraries/FEHIO.o
 .rodata        0x000000000001bfd8       0x32 Libraries/FEHLCD.o
 *fill*         0x000000000001c00a        0x2 
 .rodata        0x000000000001c00c      0x33c Libraries/FEHRPS.o
 .rodata._global_impure_ptr
                0x000000000001c348        0x4 /Applications/FEH_ARM/bin/../lib/gcc/arm-none-eabi/10.3.1/../../../../arm-none-eabi/lib/thumb/v7e-m/nofp/libg.a(lib_a-impure.o)
                0x000000000001c348                _global_impure_ptr
 .rodata._svfprintf_r.str1.4
                0x000000000001c34c       0x42 /Applications/FEH_ARM/bin/../lib/gcc/arm-none-eabi/10.3.1/../../../../arm-none-eabi/lib/thumb/v7e-m/nofp/libg.a(lib_a-svfprintf.o)
 *fill*         0x000000000001c38e        0x2 
 .rodata.blanks.1
                0x000000000001c390       0x10 /Applications/FEH_ARM/bin/../lib/gcc/arm-none-eabi/10.3.1/../../../../arm-none-eabi/lib/thumb/v7e-m/nofp/libg.a(lib_a-svfprintf.o)
 .rodata.zeroes.0
                0x000000000001c3a0       0x10 /Applications/FEH_ARM/bin/../lib/gcc/arm-none-eabi/10.3.1/../../../../arm-none-eabi/lib/thumb/v7e-m/nofp/libg.a(lib_a-svfprintf.o)
 .rodata._dtoa_r.str1.4
                0x000000000001c3b0       0x7e /Applications/FEH_ARM/bin/../lib/gcc/arm-none-eabi/10.3.1/../../../../arm-none-eabi/lib/thumb/v7e-m/nofp/libg.a(lib_a-dtoa.o)
                                         0x82 (size before relaxing)
 *fill*         0x000000000001c42e        0x2 
 .rodata.__multadd.str1.4
                0x000000000001c430       0x5b /Applications/FEH_ARM/bin/../lib/gcc/arm-none-eabi/10.3.1/../../../../arm-none-eabi/lib/thumb/v7e-m/nofp/libg.a(lib_a-mprec.o)
                                         0x6f (size before relaxing)
 *fill*         0x000000000001c48b        0x5 
 .rodata.__mprec_bigtens
                0x000000000001c490       0x28 /Applications/FEH_ARM/bin/../lib/gcc/arm-none-eabi/10.3.1/../../../../arm-none-eabi/lib/thumb/v7e-m/nofp/libg.a(lib_a-mprec.o)
                0x000000000001c490                __mprec_bigtens
 .rodata.__mprec_tens
                0x000000000001c4b8       0xc8 /Applications/FEH_ARM/bin/../lib/gcc/arm-none-eabi/10.3.1/../../../../arm-none-eabi/lib/thumb/v7e-m/nofp/libg.a(lib_a-mprec.o)
                0x000000000001c4b8                __mprec_tens
 .rodata.p05.0  0x000000000001c580        0xc /Applications/FEH_ARM/bin/../lib/gcc/arm-none-eabi/10.3.1/../../../../arm-none-eabi/lib/thumb/v7e-m/nofp/libg.a(lib_a-mprec.o)
 .rodata.__assert_func.str1.4
                0x000000000001c58c       0x3f /Applications/FEH_ARM/bin/../lib/gcc/arm-none-eabi/10.3.1/../../../../arm-none-eabi/lib/thumb/v7e-m/nofp/libg.a(lib_a-assert.o)
                                         0x43 (size before relaxing)
 *fill*         0x000000000001c5cb        0x1 
 .rodata._ctype_
                0x000000000001c5cc      0x101 /Applications/FEH_ARM/bin/../lib/gcc/arm-none-eabi/10.3.1/../../../../arm-none-eabi/lib/thumb/v7e-m/nofp/libg.a(lib_a-ctype_.o)
                0x000000000001c5cc                _ctype_
 *fill*         0x000000000001c6cd        0x3 
 .rodata._setlocale_r.str1.4
                0x000000000001c6d0        0xa /Applications/FEH_ARM/bin/../lib/gcc/arm-none-eabi/10.3.1/../../../../arm-none-eabi/lib/thumb/v7e-m/nofp/libg.a(lib_a-locale.o)
                                          0xd (size before relaxing)
 *fill*         0x000000000001c6da        0x2 
 .rodata.str1.4
                0x000000000001c6dc        0x2 /Applications/FEH_ARM/bin/../lib/gcc/arm-none-eabi/10.3.1/../../../../arm-none-eabi/lib/thumb/v7e-m/nofp/libg.a(lib_a-locale.o)
 .rodata._vfiprintf_r.str1.4